
> Configure project :appupdatechecker2
WARNING: The option setting 'android.defaults.buildfeatures.buildconfig=true' is deprecated.
The current default is 'false'.
It will be removed in version 9.0 of the Android Gradle plugin.
You can resolve this warning in Android Studio via `Refactor` > `Migrate BuildConfig to Gradle Build Files`
WARNING: The option setting 'android.jetifier.ignorelist=bcprov' is experimental.
WARNING: We recommend using a newer Android Gradle plugin to use compileSdk = 36

This Android Gradle plugin (8.5.2) was tested up to compileSdk = 34.

You are strongly encouraged to update your project to use a newer
Android Gradle plugin that has been tested with compileSdk = 36.

If you are already using the latest version of the Android Gradle plugin,
you may need to wait until a newer version with support for compileSdk = 36 is available.

For more information refer to the compatibility table:
https://d.android.com/r/tools/api-level-support

To suppress this warning, add/update
    android.suppressUnsupportedCompileSdk=34,36
to this project's gradle.properties.

> Task :smarttubetv:preBuild UP-TO-DATE
> Task :smarttubetv:preStbetaDebugBuild UP-TO-DATE
> Task :smarttubetv:mergeStbetaDebugNativeDebugMetadata NO-SOURCE
> Task :chatkit:preBuild UP-TO-DATE
> Task :chatkit:preDebugBuild UP-TO-DATE
> Task :chatkit:generateDebugBuildConfig
> Task :chatkit:generateDebugResValues
> Task :chatkit:generateDebugResources
> Task :chatkit:packageDebugResources
> Task :commons-io-2.8.0:preBuild UP-TO-DATE
> Task :commons-io-2.8.0:preDebugBuild UP-TO-DATE
> Task :commons-io-2.8.0:generateDebugResValues
> Task :commons-io-2.8.0:generateDebugResources
> Task :chatkit:parseDebugLocalResources
> Task :commons-io-2.8.0:packageDebugResources
> Task :sharedutils:preBuild UP-TO-DATE
> Task :sharedutils:preDebugBuild UP-TO-DATE
> Task :commons-io-2.8.0:parseDebugLocalResources
> Task :sharedutils:generateDebugResValues
> Task :sharedutils:generateDebugResources
> Task :commons-io-2.8.0:generateDebugRFile
> Task :sharedutils:packageDebugResources
> Task :chatkit:javaPreCompileDebug
> Task :sharedutils:parseDebugLocalResources
> Task :commons-io-2.8.0:generateDebugBuildConfig
> Task :sharedutils:checkKotlinGradlePluginConfigurationErrors SKIPPED
> Task :commons-io-2.8.0:javaPreCompileDebug
> Task :sharedutils:generateDebugBuildConfig
> Task :sharedutils:generateDebugRFile

> Task :commons-io-2.8.0:compileDebugJavaWithJavac
Java compiler version 21 has deprecated support for compiling with source/target version 8.
Try one of the following options:
    1. [Recommended] Use Java toolchain with a lower language version
    2. Set a higher source/target version
    3. Use a lower version of the JDK running the build (if you're not using Java toolchain)
For more details on how to configure these settings, see https://developer.android.com/build/jdks.
To suppress this warning, set android.javaCompile.suppressSourceTargetDeprecationWarning=true in gradle.properties.
warning: [options] source value 8 is obsolete and will be removed in a future release
warning: [options] target value 8 is obsolete and will be removed in a future release
warning: [options] To suppress warnings about obsolete options, use -Xlint:-options.
3 warnings

> Task :appupdatechecker2:preBuild UP-TO-DATE
> Task :appupdatechecker2:preStbetaDebugBuild UP-TO-DATE
> Task :sharedutils:javaPreCompileDebug
> Task :appupdatechecker2:generateStbetaDebugBuildConfig
> Task :appupdatechecker2:generateStbetaDebugResValues
> Task :appupdatechecker2:generateStbetaDebugResources
> Task :chatkit:generateDebugRFile
> Task :commons-io-2.8.0:bundleLibCompileToJarDebug
> Task :appupdatechecker2:packageStbetaDebugResources
> Task :common:checkKotlinGradlePluginConfigurationErrors SKIPPED
> Task :common:preBuild UP-TO-DATE
> Task :common:preStbetaDebugBuild UP-TO-DATE
> Task :appupdatechecker2:javaPreCompileStbetaDebug
> Task :appupdatechecker2:parseStbetaDebugLocalResources
> Task :common:generateStbetaDebugBuildConfig
> Task :common:generateStbetaDebugResValues
> Task :common:generateStbetaDebugResources
> Task :appupdatechecker2:generateStbetaDebugRFile
> Task :sharedutils:compileDebugKotlin
> Task :common:packageStbetaDebugResources

> Task :sharedutils:compileDebugJavaWithJavac
Java compiler version 21 has deprecated support for compiling with source/target version 8.
Try one of the following options:
    1. [Recommended] Use Java toolchain with a lower language version
    2. Set a higher source/target version
    3. Use a lower version of the JDK running the build (if you're not using Java toolchain)
For more details on how to configure these settings, see https://developer.android.com/build/jdks.
To suppress this warning, set android.javaCompile.suppressSourceTargetDeprecationWarning=true in gradle.properties.
warning: [options] source value 8 is obsolete and will be removed in a future release
warning: [options] target value 8 is obsolete and will be removed in a future release
warning: [options] To suppress warnings about obsolete options, use -Xlint:-options.
Note: Some input files use or override a deprecated API.
Note: Recompile with -Xlint:deprecation for details.
3 warnings

> Task :filepicker-lib:preBuild UP-TO-DATE
> Task :filepicker-lib:preDebugBuild UP-TO-DATE
> Task :filepicker-lib:generateDebugResValues
> Task :filepicker-lib:generateDebugResources
> Task :sharedutils:bundleLibCompileToJarDebug
> Task :common:parseStbetaDebugLocalResources
> Task :filepicker-lib:packageDebugResources

> Task :chatkit:compileDebugJavaWithJavac
Java compiler version 21 has deprecated support for compiling with source/target version 8.
Try one of the following options:
    1. [Recommended] Use Java toolchain with a lower language version
    2. Set a higher source/target version
    3. Use a lower version of the JDK running the build (if you're not using Java toolchain)
For more details on how to configure these settings, see https://developer.android.com/build/jdks.
To suppress this warning, set android.javaCompile.suppressSourceTargetDeprecationWarning=true in gradle.properties.
warning: [options] source value 8 is obsolete and will be removed in a future release
warning: [options] target value 8 is obsolete and will be removed in a future release
warning: [options] To suppress warnings about obsolete options, use -Xlint:-options.
Note: Some input files use or override a deprecated API.
Note: Recompile with -Xlint:deprecation for details.
Note: Some input files use unchecked or unsafe operations.
Note: Recompile with -Xlint:unchecked for details.
3 warnings

> Task :chatkit:bundleLibCompileToJarDebug

> Task :appupdatechecker2:compileStbetaDebugJavaWithJavac
Java compiler version 21 has deprecated support for compiling with source/target version 8.
Try one of the following options:
    1. [Recommended] Use Java toolchain with a lower language version
    2. Set a higher source/target version
    3. Use a lower version of the JDK running the build (if you're not using Java toolchain)
For more details on how to configure these settings, see https://developer.android.com/build/jdks.
To suppress this warning, set android.javaCompile.suppressSourceTargetDeprecationWarning=true in gradle.properties.
warning: [options] source value 8 is obsolete and will be removed in a future release
warning: [options] target value 8 is obsolete and will be removed in a future release
warning: [options] To suppress warnings about obsolete options, use -Xlint:-options.
Note: Some input files use or override a deprecated API.
Note: Recompile with -Xlint:deprecation for details.
3 warnings

> Task :fragment-1.1.0:preBuild UP-TO-DATE
> Task :fragment-1.1.0:preDebugBuild UP-TO-DATE
> Task :fragment-1.1.0:generateDebugResValues
> Task :fragment-1.1.0:generateDebugResources
> Task :appupdatechecker2:bundleLibCompileToJarStbetaDebug
> Task :fragment-1.1.0:packageDebugResources
> Task :leanback-1.0.0:preBuild UP-TO-DATE
> Task :leanback-1.0.0:preDebugBuild UP-TO-DATE
> Task :fragment-1.1.0:parseDebugLocalResources
> Task :leanback-1.0.0:generateDebugResValues
> Task :filepicker-lib:parseDebugLocalResources
> Task :leanback-1.0.0:generateDebugResources
> Task :fragment-1.1.0:generateDebugRFile
> Task :leanback-1.0.0:packageDebugResources
> Task :leanbackassistant:preBuild UP-TO-DATE
> Task :leanbackassistant:preStbetaDebugBuild UP-TO-DATE
> Task :leanbackassistant:generateStbetaDebugResValues
> Task :leanbackassistant:generateStbetaDebugResources
> Task :filepicker-lib:generateDebugRFile
> Task :leanback-1.0.0:parseDebugLocalResources
> Task :leanbackassistant:packageStbetaDebugResources
> Task :mediaserviceinterfaces:preBuild UP-TO-DATE
> Task :mediaserviceinterfaces:preDebugBuild UP-TO-DATE
> Task :mediaserviceinterfaces:generateDebugResValues
> Task :leanbackassistant:parseStbetaDebugLocalResources
> Task :mediaserviceinterfaces:generateDebugResources
> Task :leanback-1.0.0:generateDebugRFile
> Task :mediaserviceinterfaces:packageDebugResources
> Task :j2v8:preBuild UP-TO-DATE
> Task :j2v8:preDebugBuild UP-TO-DATE
> Task :j2v8:generateDebugResValues
> Task :mediaserviceinterfaces:parseDebugLocalResources
> Task :j2v8:generateDebugResources
> Task :mediaserviceinterfaces:generateDebugRFile
> Task :j2v8:packageDebugResources
> Task :youtubeapi:preBuild UP-TO-DATE
> Task :youtubeapi:preStbetaDebugBuild UP-TO-DATE
> Task :j2v8:parseDebugLocalResources
> Task :youtubeapi:generateStbetaDebugResValues
> Task :youtubeapi:generateStbetaDebugResources
> Task :j2v8:generateDebugRFile
> Task :youtubeapi:packageStbetaDebugResources
> Task :youtubeapi:parseStbetaDebugLocalResources
> Task :filepicker-lib:generateDebugBuildConfig
> Task :filepicker-lib:javaPreCompileDebug
> Task :fragment-1.1.0:generateDebugBuildConfig
> Task :fragment-1.1.0:javaPreCompileDebug
> Task :leanback-1.0.0:generateDebugBuildConfig
> Task :youtubeapi:generateStbetaDebugRFile

> Task :fragment-1.1.0:compileDebugJavaWithJavac
Java compiler version 21 has deprecated support for compiling with source/target version 8.
Try one of the following options:
    1. [Recommended] Use Java toolchain with a lower language version
    2. Set a higher source/target version
    3. Use a lower version of the JDK running the build (if you're not using Java toolchain)
For more details on how to configure these settings, see https://developer.android.com/build/jdks.
To suppress this warning, set android.javaCompile.suppressSourceTargetDeprecationWarning=true in gradle.properties.
warning: [options] source value 8 is obsolete and will be removed in a future release
warning: [options] target value 8 is obsolete and will be removed in a future release
warning: [options] To suppress warnings about obsolete options, use -Xlint:-options.
Note: Some input files use or override a deprecated API.
Note: Recompile with -Xlint:deprecation for details.
3 warnings

> Task :leanback-1.0.0:javaPreCompileDebug
> Task :leanbackassistant:generateStbetaDebugBuildConfig
> Task :leanbackassistant:javaPreCompileStbetaDebug
> Task :mediaserviceinterfaces:generateDebugBuildConfig
> Task :mediaserviceinterfaces:javaPreCompileDebug
> Task :fragment-1.1.0:bundleLibCompileToJarDebug
> Task :leanbackassistant:generateStbetaDebugRFile
> Task :j2v8:generateDebugBuildConfig
> Task :common:generateStbetaDebugRFile

> Task :filepicker-lib:compileDebugJavaWithJavac
Java compiler version 21 has deprecated support for compiling with source/target version 8.
Try one of the following options:
    1. [Recommended] Use Java toolchain with a lower language version
    2. Set a higher source/target version
    3. Use a lower version of the JDK running the build (if you're not using Java toolchain)
For more details on how to configure these settings, see https://developer.android.com/build/jdks.
To suppress this warning, set android.javaCompile.suppressSourceTargetDeprecationWarning=true in gradle.properties.
warning: [options] source value 8 is obsolete and will be removed in a future release
warning: [options] target value 8 is obsolete and will be removed in a future release
warning: [options] To suppress warnings about obsolete options, use -Xlint:-options.
Note: Some input files use or override a deprecated API.
Note: Recompile with -Xlint:deprecation for details.
3 warnings

> Task :filepicker-lib:bundleLibCompileToJarDebug

> Task :leanback-1.0.0:compileDebugJavaWithJavac
Java compiler version 21 has deprecated support for compiling with source/target version 8.
Try one of the following options:
    1. [Recommended] Use Java toolchain with a lower language version
    2. Set a higher source/target version
    3. Use a lower version of the JDK running the build (if you're not using Java toolchain)
For more details on how to configure these settings, see https://developer.android.com/build/jdks.
To suppress this warning, set android.javaCompile.suppressSourceTargetDeprecationWarning=true in gradle.properties.
warning: [options] source value 8 is obsolete and will be removed in a future release
warning: [options] target value 8 is obsolete and will be removed in a future release
warning: [options] To suppress warnings about obsolete options, use -Xlint:-options.
Note: Some input files use or override a deprecated API.
Note: Recompile with -Xlint:deprecation for details.
Note: Some input files use unchecked or unsafe operations.
Note: Recompile with -Xlint:unchecked for details.
3 warnings

> Task :mediaserviceinterfaces:compileDebugJavaWithJavac
Java compiler version 21 has deprecated support for compiling with source/target version 8.
Try one of the following options:
    1. [Recommended] Use Java toolchain with a lower language version
    2. Set a higher source/target version
    3. Use a lower version of the JDK running the build (if you're not using Java toolchain)
For more details on how to configure these settings, see https://developer.android.com/build/jdks.
To suppress this warning, set android.javaCompile.suppressSourceTargetDeprecationWarning=true in gradle.properties.
warning: [options] source value 8 is obsolete and will be removed in a future release
warning: [options] target value 8 is obsolete and will be removed in a future release
warning: [options] To suppress warnings about obsolete options, use -Xlint:-options.
3 warnings

> Task :youtubeapi:checkKotlinGradlePluginConfigurationErrors SKIPPED
> Task :j2v8:javaPreCompileDebug
> Task :youtubeapi:generateStbetaDebugBuildConfig
> Task :mediaserviceinterfaces:bundleLibCompileToJarDebug
> Task :leanback-1.0.0:bundleLibCompileToJarDebug

> Task :j2v8:compileDebugJavaWithJavac
Java compiler version 21 has deprecated support for compiling with source/target version 8.
Try one of the following options:
    1. [Recommended] Use Java toolchain with a lower language version
    2. Set a higher source/target version
    3. Use a lower version of the JDK running the build (if you're not using Java toolchain)
For more details on how to configure these settings, see https://developer.android.com/build/jdks.
warning: [options] source value 8 is obsolete and will be removed in a future release
warning: [options] target value 8 is obsolete and will be removed in a future release
warning: [options] To suppress warnings about obsolete options, use -Xlint:-options.
To suppress this warning, set android.javaCompile.suppressSourceTargetDeprecationWarning=true in gradle.properties.
Note: C:\Users\Varun\Documents\GitHub\SmartTube-Material\SharedModules\j2v8\src\main\java\com\eclipsesource\v8\utils\V8ObjectUtils.java uses or overrides a deprecated API.
Note: Recompile with -Xlint:deprecation for details.
3 warnings

> Task :youtubeapi:javaPreCompileStbetaDebug
> Task :common:javaPreCompileStbetaDebug
> Task :smarttubetv:generateStbetaDebugBuildConfig
> Task :smarttubetv:javaPreCompileStbetaDebug
> Task :j2v8:bundleLibCompileToJarDebug
> Task :appupdatechecker2:compileStbetaDebugLibraryResources
> Task :chatkit:compileDebugLibraryResources
> Task :commons-io-2.8.0:compileDebugLibraryResources
> Task :fragment-1.1.0:compileDebugLibraryResources
> Task :j2v8:compileDebugLibraryResources
> Task :common:compileStbetaDebugLibraryResources
> Task :filepicker-lib:compileDebugLibraryResources
> Task :mediaserviceinterfaces:compileDebugLibraryResources
> Task :leanbackassistant:compileStbetaDebugLibraryResources
> Task :appupdatechecker2:writeStbetaDebugAarMetadata
> Task :chatkit:writeDebugAarMetadata
> Task :common:writeStbetaDebugAarMetadata
> Task :commons-io-2.8.0:writeDebugAarMetadata
> Task :fragment-1.1.0:writeDebugAarMetadata
> Task :filepicker-lib:writeDebugAarMetadata
> Task :j2v8:writeDebugAarMetadata
> Task :leanback-1.0.0:writeDebugAarMetadata
> Task :sharedutils:compileDebugLibraryResources
> Task :leanbackassistant:writeStbetaDebugAarMetadata
> Task :mediaserviceinterfaces:writeDebugAarMetadata
> Task :sharedutils:writeDebugAarMetadata
> Task :youtubeapi:writeStbetaDebugAarMetadata
> Task :smarttubetv:generateStbetaDebugResValues
> Task :smarttubetv:checkStbetaDebugAarMetadata
> Task :smarttubetv:mapStbetaDebugSourceSetPaths
> Task :smarttubetv:generateStbetaDebugResources
> Task :leanback-1.0.0:compileDebugLibraryResources

> Task :smarttubetv:mergeStbetaDebugResources
C:\Users\Varun\Documents\GitHub\SmartTube-Material\common\build\intermediates\packaged_res\stbetaDebug\packageStbetaDebugResources\values-hi\values-hi.xml:56:4: Multiple substitutions specified in non-positional format of string resource string/auto_frame_rate_applying. Did you mean to add the formatted="false" attribute?
C:\Users\Varun\Documents\GitHub\SmartTube-Material\common\build\intermediates\packaged_res\stbetaDebug\packageStbetaDebugResources\values-hi\values-hi.xml:382:4: Multiple substitutions specified in non-positional format of string resource string/proxy_test_error. Did you mean to add the formatted="false" attribute?
C:\Users\Varun\Documents\GitHub\SmartTube-Material\common\build\intermediates\packaged_res\stbetaDebug\packageStbetaDebugResources\values-hi\values-hi.xml:383:4: Multiple substitutions specified in non-positional format of string resource string/proxy_test_start. Did you mean to add the formatted="false" attribute?
C:\Users\Varun\Documents\GitHub\SmartTube-Material\common\build\intermediates\packaged_res\stbetaDebug\packageStbetaDebugResources\values-hi\values-hi.xml:384:4: Multiple substitutions specified in non-positional format of string resource string/proxy_test_status. Did you mean to add the formatted="false" attribute?
C:\Users\Varun\Documents\GitHub\SmartTube-Material\common\build\intermediates\packaged_res\stbetaDebug\packageStbetaDebugResources\values\values.xml:311:4: Multiple substitutions specified in non-positional format of string resource string/auto_frame_rate_applying. Did you mean to add the formatted="false" attribute?
C:\Users\Varun\Documents\GitHub\SmartTube-Material\common\build\intermediates\packaged_res\stbetaDebug\packageStbetaDebugResources\values-hr\values-hr.xml:54:4: Multiple substitutions specified in non-positional format of string resource string/auto_frame_rate_applying. Did you mean to add the formatted="false" attribute?
C:\Users\Varun\Documents\GitHub\SmartTube-Material\common\build\intermediates\packaged_res\stbetaDebug\packageStbetaDebugResources\values\values.xml:739:4: Multiple substitutions specified in non-positional format of string resource string/proxy_test_error. Did you mean to add the formatted="false" attribute?
C:\Users\Varun\Documents\GitHub\SmartTube-Material\common\build\intermediates\packaged_res\stbetaDebug\packageStbetaDebugResources\values-it\values-it.xml:65:4: Multiple substitutions specified in non-positional format of string resource string/auto_frame_rate_applying. Did you mean to add the formatted="false" attribute?
C:\Users\Varun\Documents\GitHub\SmartTube-Material\common\build\intermediates\packaged_res\stbetaDebug\packageStbetaDebugResources\values\values.xml:740:4: Multiple substitutions specified in non-positional format of string resource string/proxy_test_start. Did you mean to add the formatted="false" attribute?
C:\Users\Varun\Documents\GitHub\SmartTube-Material\common\build\intermediates\packaged_res\stbetaDebug\packageStbetaDebugResources\values\values.xml:741:4: Multiple substitutions specified in non-positional format of string resource string/proxy_test_status. Did you mean to add the formatted="false" attribute?
C:\Users\Varun\Documents\GitHub\SmartTube-Material\common\build\intermediates\packaged_res\stbetaDebug\packageStbetaDebugResources\values-hr\values-hr.xml:333:4: Multiple substitutions specified in non-positional format of string resource string/proxy_test_error. Did you mean to add the formatted="false" attribute?
C:\Users\Varun\Documents\GitHub\SmartTube-Material\common\build\intermediates\packaged_res\stbetaDebug\packageStbetaDebugResources\values-hr\values-hr.xml:334:4: Multiple substitutions specified in non-positional format of string resource string/proxy_test_start. Did you mean to add the formatted="false" attribute?
C:\Users\Varun\Documents\GitHub\SmartTube-Material\common\build\intermediates\packaged_res\stbetaDebug\packageStbetaDebugResources\values-az\values-az.xml:65:4: Multiple substitutions specified in non-positional format of string resource string/auto_frame_rate_applying. Did you mean to add the formatted="false" attribute?
C:\Users\Varun\Documents\GitHub\SmartTube-Material\common\build\intermediates\packaged_res\stbetaDebug\packageStbetaDebugResources\values-hu\values-hu.xml:65:4: Multiple substitutions specified in non-positional format of string resource string/auto_frame_rate_applying. Did you mean to add the formatted="false" attribute?
C:\Users\Varun\Documents\GitHub\SmartTube-Material\common\build\intermediates\packaged_res\stbetaDebug\packageStbetaDebugResources\values-hr\values-hr.xml:335:4: Multiple substitutions specified in non-positional format of string resource string/proxy_test_status. Did you mean to add the formatted="false" attribute?
C:\Users\Varun\Documents\GitHub\SmartTube-Material\common\build\intermediates\packaged_res\stbetaDebug\packageStbetaDebugResources\values-sv\values-sv.xml:65:4: Multiple substitutions specified in non-positional format of string resource string/auto_frame_rate_applying. Did you mean to add the formatted="false" attribute?
C:\Users\Varun\Documents\GitHub\SmartTube-Material\common\build\intermediates\packaged_res\stbetaDebug\packageStbetaDebugResources\values-it\values-it.xml:487:4: Multiple substitutions specified in non-positional format of string resource string/proxy_test_error. Did you mean to add the formatted="false" attribute?
C:\Users\Varun\Documents\GitHub\SmartTube-Material\common\build\intermediates\packaged_res\stbetaDebug\packageStbetaDebugResources\values-it\values-it.xml:488:4: Multiple substitutions specified in non-positional format of string resource string/proxy_test_start. Did you mean to add the formatted="false" attribute?
C:\Users\Varun\Documents\GitHub\SmartTube-Material\common\build\intermediates\packaged_res\stbetaDebug\packageStbetaDebugResources\values-it\values-it.xml:489:4: Multiple substitutions specified in non-positional format of string resource string/proxy_test_status. Did you mean to add the formatted="false" attribute?
C:\Users\Varun\Documents\GitHub\SmartTube-Material\common\build\intermediates\packaged_res\stbetaDebug\packageStbetaDebugResources\values-hu\values-hu.xml:487:4: Multiple substitutions specified in non-positional format of string resource string/proxy_test_error. Did you mean to add the formatted="false" attribute?
C:\Users\Varun\Documents\GitHub\SmartTube-Material\common\build\intermediates\packaged_res\stbetaDebug\packageStbetaDebugResources\values-tr\values-tr.xml:65:4: Multiple substitutions specified in non-positional format of string resource string/auto_frame_rate_applying. Did you mean to add the formatted="false" attribute?
C:\Users\Varun\Documents\GitHub\SmartTube-Material\common\build\intermediates\packaged_res\stbetaDebug\packageStbetaDebugResources\values-az\values-az.xml:472:4: Multiple substitutions specified in non-positional format of string resource string/proxy_test_error. Did you mean to add the formatted="false" attribute?
C:\Users\Varun\Documents\GitHub\SmartTube-Material\common\build\intermediates\packaged_res\stbetaDebug\packageStbetaDebugResources\values-sv\values-sv.xml:487:4: Multiple substitutions specified in non-positional format of string resource string/proxy_test_error. Did you mean to add the formatted="false" attribute?
C:\Users\Varun\Documents\GitHub\SmartTube-Material\common\build\intermediates\packaged_res\stbetaDebug\packageStbetaDebugResources\values-hu\values-hu.xml:488:4: Multiple substitutions specified in non-positional format of string resource string/proxy_test_start. Did you mean to add the formatted="false" attribute?
C:\Users\Varun\Documents\GitHub\SmartTube-Material\common\build\intermediates\packaged_res\stbetaDebug\packageStbetaDebugResources\values-sv\values-sv.xml:488:4: Multiple substitutions specified in non-positional format of string resource string/proxy_test_start. Did you mean to add the formatted="false" attribute?
C:\Users\Varun\Documents\GitHub\SmartTube-Material\common\build\intermediates\packaged_res\stbetaDebug\packageStbetaDebugResources\values-iw\values-iw.xml:65:4: Multiple substitutions specified in non-positional format of string resource string/auto_frame_rate_applying. Did you mean to add the formatted="false" attribute?
C:\Users\Varun\Documents\GitHub\SmartTube-Material\common\build\intermediates\packaged_res\stbetaDebug\packageStbetaDebugResources\values-zh\values-zh.xml:65:4: Multiple substitutions specified in non-positional format of string resource string/auto_frame_rate_applying. Did you mean to add the formatted="false" attribute?
C:\Users\Varun\Documents\GitHub\SmartTube-Material\common\build\intermediates\packaged_res\stbetaDebug\packageStbetaDebugResources\values-hu\values-hu.xml:489:4: Multiple substitutions specified in non-positional format of string resource string/proxy_test_status. Did you mean to add the formatted="false" attribute?
C:\Users\Varun\Documents\GitHub\SmartTube-Material\common\build\intermediates\packaged_res\stbetaDebug\packageStbetaDebugResources\values-az\values-az.xml:473:4: Multiple substitutions specified in non-positional format of string resource string/proxy_test_start. Did you mean to add the formatted="false" attribute?
C:\Users\Varun\Documents\GitHub\SmartTube-Material\common\build\intermediates\packaged_res\stbetaDebug\packageStbetaDebugResources\values-zh\values-zh.xml:482:4: Multiple substitutions specified in non-positional format of string resource string/proxy_test_error. Did you mean to add the formatted="false" attribute?
C:\Users\Varun\Documents\GitHub\SmartTube-Material\common\build\intermediates\packaged_res\stbetaDebug\packageStbetaDebugResources\values-sv\values-sv.xml:489:4: Multiple substitutions specified in non-positional format of string resource string/proxy_test_status. Did you mean to add the formatted="false" attribute?
C:\Users\Varun\Documents\GitHub\SmartTube-Material\common\build\intermediates\packaged_res\stbetaDebug\packageStbetaDebugResources\values-zh\values-zh.xml:483:4: Multiple substitutions specified in non-positional format of string resource string/proxy_test_start. Did you mean to add the formatted="false" attribute?
C:\Users\Varun\Documents\GitHub\SmartTube-Material\common\build\intermediates\packaged_res\stbetaDebug\packageStbetaDebugResources\values-az\values-az.xml:474:4: Multiple substitutions specified in non-positional format of string resource string/proxy_test_status. Did you mean to add the formatted="false" attribute?
C:\Users\Varun\Documents\GitHub\SmartTube-Material\common\build\intermediates\packaged_res\stbetaDebug\packageStbetaDebugResources\values-zh\values-zh.xml:484:4: Multiple substitutions specified in non-positional format of string resource string/proxy_test_status. Did you mean to add the formatted="false" attribute?
C:\Users\Varun\Documents\GitHub\SmartTube-Material\common\build\intermediates\packaged_res\stbetaDebug\packageStbetaDebugResources\values-iw\values-iw.xml:476:4: Multiple substitutions specified in non-positional format of string resource string/proxy_test_error. Did you mean to add the formatted="false" attribute?
C:\Users\Varun\Documents\GitHub\SmartTube-Material\common\build\intermediates\packaged_res\stbetaDebug\packageStbetaDebugResources\values-iw\values-iw.xml:477:4: Multiple substitutions specified in non-positional format of string resource string/proxy_test_start. Did you mean to add the formatted="false" attribute?
C:\Users\Varun\Documents\GitHub\SmartTube-Material\common\build\intermediates\packaged_res\stbetaDebug\packageStbetaDebugResources\values-iw\values-iw.xml:478:4: Multiple substitutions specified in non-positional format of string resource string/proxy_test_status. Did you mean to add the formatted="false" attribute?
C:\Users\Varun\Documents\GitHub\SmartTube-Material\common\build\intermediates\packaged_res\stbetaDebug\packageStbetaDebugResources\values-tr\values-tr.xml:484:4: Multiple substitutions specified in non-positional format of string resource string/proxy_test_error. Did you mean to add the formatted="false" attribute?
C:\Users\Varun\Documents\GitHub\SmartTube-Material\common\build\intermediates\packaged_res\stbetaDebug\packageStbetaDebugResources\values-pt-rPT\values-pt-rPT.xml:65:4: Multiple substitutions specified in non-positional format of string resource string/auto_frame_rate_applying. Did you mean to add the formatted="false" attribute?
C:\Users\Varun\Documents\GitHub\SmartTube-Material\common\build\intermediates\packaged_res\stbetaDebug\packageStbetaDebugResources\values-tr\values-tr.xml:485:4: Multiple substitutions specified in non-positional format of string resource string/proxy_test_start. Did you mean to add the formatted="false" attribute?
C:\Users\Varun\Documents\GitHub\SmartTube-Material\common\build\intermediates\packaged_res\stbetaDebug\packageStbetaDebugResources\values-tr\values-tr.xml:486:4: Multiple substitutions specified in non-positional format of string resource string/proxy_test_status. Did you mean to add the formatted="false" attribute?
C:\Users\Varun\Documents\GitHub\SmartTube-Material\common\build\intermediates\packaged_res\stbetaDebug\packageStbetaDebugResources\values-ar\values-ar.xml:65:4: Multiple substitutions specified in non-positional format of string resource string/auto_frame_rate_applying. Did you mean to add the formatted="false" attribute?
C:\Users\Varun\Documents\GitHub\SmartTube-Material\common\build\intermediates\packaged_res\stbetaDebug\packageStbetaDebugResources\values-pt-rBR\values-pt-rBR.xml:65:4: Multiple substitutions specified in non-positional format of string resource string/auto_frame_rate_applying. Did you mean to add the formatted="false" attribute?
C:\Users\Varun\Documents\GitHub\SmartTube-Material\common\build\intermediates\packaged_res\stbetaDebug\packageStbetaDebugResources\values-ro\values-ro.xml:63:4: Multiple substitutions specified in non-positional format of string resource string/auto_frame_rate_applying. Did you mean to add the formatted="false" attribute?
C:\Users\Varun\Documents\GitHub\SmartTube-Material\common\build\intermediates\packaged_res\stbetaDebug\packageStbetaDebugResources\values-fa-rIR\values-fa-rIR.xml:65:4: Multiple substitutions specified in non-positional format of string resource string/auto_frame_rate_applying. Did you mean to add the formatted="false" attribute?
C:\Users\Varun\Documents\GitHub\SmartTube-Material\common\build\intermediates\packaged_res\stbetaDebug\packageStbetaDebugResources\values-pt-rPT\values-pt-rPT.xml:487:4: Multiple substitutions specified in non-positional format of string resource string/proxy_test_error. Did you mean to add the formatted="false" attribute?
C:\Users\Varun\Documents\GitHub\SmartTube-Material\common\build\intermediates\packaged_res\stbetaDebug\packageStbetaDebugResources\values-ru\values-ru.xml:62:4: Multiple substitutions specified in non-positional format of string resource string/auto_frame_rate_applying. Did you mean to add the formatted="false" attribute?
C:\Users\Varun\Documents\GitHub\SmartTube-Material\common\build\intermediates\packaged_res\stbetaDebug\packageStbetaDebugResources\values-pt-rPT\values-pt-rPT.xml:488:4: Multiple substitutions specified in non-positional format of string resource string/proxy_test_start. Did you mean to add the formatted="false" attribute?
C:\Users\Varun\Documents\GitHub\SmartTube-Material\common\build\intermediates\packaged_res\stbetaDebug\packageStbetaDebugResources\values-pt-rPT\values-pt-rPT.xml:489:4: Multiple substitutions specified in non-positional format of string resource string/proxy_test_status. Did you mean to add the formatted="false" attribute?
C:\Users\Varun\Documents\GitHub\SmartTube-Material\common\build\intermediates\packaged_res\stbetaDebug\packageStbetaDebugResources\values-nl\values-nl.xml:65:4: Multiple substitutions specified in non-positional format of string resource string/auto_frame_rate_applying. Did you mean to add the formatted="false" attribute?
C:\Users\Varun\Documents\GitHub\SmartTube-Material\common\build\intermediates\packaged_res\stbetaDebug\packageStbetaDebugResources\values-fa-rIR\values-fa-rIR.xml:476:4: Multiple substitutions specified in non-positional format of string resource string/proxy_test_error. Did you mean to add the formatted="false" attribute?
C:\Users\Varun\Documents\GitHub\SmartTube-Material\common\build\intermediates\packaged_res\stbetaDebug\packageStbetaDebugResources\values-ru\values-ru.xml:476:4: Multiple substitutions specified in non-positional format of string resource string/proxy_test_error. Did you mean to add the formatted="false" attribute?
C:\Users\Varun\Documents\GitHub\SmartTube-Material\common\build\intermediates\packaged_res\stbetaDebug\packageStbetaDebugResources\values-fa-rIR\values-fa-rIR.xml:477:4: Multiple substitutions specified in non-positional format of string resource string/proxy_test_start. Did you mean to add the formatted="false" attribute?
C:\Users\Varun\Documents\GitHub\SmartTube-Material\common\build\intermediates\packaged_res\stbetaDebug\packageStbetaDebugResources\values-ru\values-ru.xml:477:4: Multiple substitutions specified in non-positional format of string resource string/proxy_test_start. Did you mean to add the formatted="false" attribute?
C:\Users\Varun\Documents\GitHub\SmartTube-Material\common\build\intermediates\packaged_res\stbetaDebug\packageStbetaDebugResources\values-fa-rIR\values-fa-rIR.xml:478:4: Multiple substitutions specified in non-positional format of string resource string/proxy_test_status. Did you mean to add the formatted="false" attribute?
C:\Users\Varun\Documents\GitHub\SmartTube-Material\common\build\intermediates\packaged_res\stbetaDebug\packageStbetaDebugResources\values-pt-rBR\values-pt-rBR.xml:483:4: Multiple substitutions specified in non-positional format of string resource string/proxy_test_error. Did you mean to add the formatted="false" attribute?
C:\Users\Varun\Documents\GitHub\SmartTube-Material\common\build\intermediates\packaged_res\stbetaDebug\packageStbetaDebugResources\values-ru\values-ru.xml:478:4: Multiple substitutions specified in non-positional format of string resource string/proxy_test_status. Did you mean to add the formatted="false" attribute?
C:\Users\Varun\Documents\GitHub\SmartTube-Material\common\build\intermediates\packaged_res\stbetaDebug\packageStbetaDebugResources\values-ro\values-ro.xml:457:4: Multiple substitutions specified in non-positional format of string resource string/proxy_test_error. Did you mean to add the formatted="false" attribute?
C:\Users\Varun\Documents\GitHub\SmartTube-Material\common\build\intermediates\packaged_res\stbetaDebug\packageStbetaDebugResources\values-pt-rBR\values-pt-rBR.xml:484:4: Multiple substitutions specified in non-positional format of string resource string/proxy_test_start. Did you mean to add the formatted="false" attribute?
C:\Users\Varun\Documents\GitHub\SmartTube-Material\common\build\intermediates\packaged_res\stbetaDebug\packageStbetaDebugResources\values-ro\values-ro.xml:458:4: Multiple substitutions specified in non-positional format of string resource string/proxy_test_start. Did you mean to add the formatted="false" attribute?
C:\Users\Varun\Documents\GitHub\SmartTube-Material\common\build\intermediates\packaged_res\stbetaDebug\packageStbetaDebugResources\values-ro\values-ro.xml:459:4: Multiple substitutions specified in non-positional format of string resource string/proxy_test_status. Did you mean to add the formatted="false" attribute?
C:\Users\Varun\Documents\GitHub\SmartTube-Material\common\build\intermediates\packaged_res\stbetaDebug\packageStbetaDebugResources\values-pt-rBR\values-pt-rBR.xml:485:4: Multiple substitutions specified in non-positional format of string resource string/proxy_test_status. Did you mean to add the formatted="false" attribute?
C:\Users\Varun\Documents\GitHub\SmartTube-Material\common\build\intermediates\packaged_res\stbetaDebug\packageStbetaDebugResources\values-ar\values-ar.xml:487:4: Multiple substitutions specified in non-positional format of string resource string/proxy_test_error. Did you mean to add the formatted="false" attribute?
C:\Users\Varun\Documents\GitHub\SmartTube-Material\common\build\intermediates\packaged_res\stbetaDebug\packageStbetaDebugResources\values-nl\values-nl.xml:473:4: Multiple substitutions specified in non-positional format of string resource string/proxy_test_error. Did you mean to add the formatted="false" attribute?
C:\Users\Varun\Documents\GitHub\SmartTube-Material\common\build\intermediates\packaged_res\stbetaDebug\packageStbetaDebugResources\values-ar\values-ar.xml:488:4: Multiple substitutions specified in non-positional format of string resource string/proxy_test_start. Did you mean to add the formatted="false" attribute?
C:\Users\Varun\Documents\GitHub\SmartTube-Material\common\build\intermediates\packaged_res\stbetaDebug\packageStbetaDebugResources\values-nl\values-nl.xml:474:4: Multiple substitutions specified in non-positional format of string resource string/proxy_test_start. Did you mean to add the formatted="false" attribute?
C:\Users\Varun\Documents\GitHub\SmartTube-Material\common\build\intermediates\packaged_res\stbetaDebug\packageStbetaDebugResources\values-nl\values-nl.xml:475:4: Multiple substitutions specified in non-positional format of string resource string/proxy_test_status. Did you mean to add the formatted="false" attribute?
C:\Users\Varun\Documents\GitHub\SmartTube-Material\common\build\intermediates\packaged_res\stbetaDebug\packageStbetaDebugResources\values-ar\values-ar.xml:489:4: Multiple substitutions specified in non-positional format of string resource string/proxy_test_status. Did you mean to add the formatted="false" attribute?
C:\Users\Varun\Documents\GitHub\SmartTube-Material\common\build\intermediates\packaged_res\stbetaDebug\packageStbetaDebugResources\values-sq\values-sq.xml:65:4: Multiple substitutions specified in non-positional format of string resource string/auto_frame_rate_applying. Did you mean to add the formatted="false" attribute?
C:\Users\Varun\Documents\GitHub\SmartTube-Material\common\build\intermediates\packaged_res\stbetaDebug\packageStbetaDebugResources\values-sk\values-sk.xml:65:4: Multiple substitutions specified in non-positional format of string resource string/auto_frame_rate_applying. Did you mean to add the formatted="false" attribute?
C:\Users\Varun\Documents\GitHub\SmartTube-Material\common\build\intermediates\packaged_res\stbetaDebug\packageStbetaDebugResources\values-sq\values-sq.xml:486:4: Multiple substitutions specified in non-positional format of string resource string/proxy_test_error. Did you mean to add the formatted="false" attribute?
C:\Users\Varun\Documents\GitHub\SmartTube-Material\common\build\intermediates\packaged_res\stbetaDebug\packageStbetaDebugResources\values-fr\values-fr.xml:65:4: Multiple substitutions specified in non-positional format of string resource string/auto_frame_rate_applying. Did you mean to add the formatted="false" attribute?
C:\Users\Varun\Documents\GitHub\SmartTube-Material\common\build\intermediates\packaged_res\stbetaDebug\packageStbetaDebugResources\values-sq\values-sq.xml:487:4: Multiple substitutions specified in non-positional format of string resource string/proxy_test_start. Did you mean to add the formatted="false" attribute?
C:\Users\Varun\Documents\GitHub\SmartTube-Material\common\build\intermediates\packaged_res\stbetaDebug\packageStbetaDebugResources\values-sq\values-sq.xml:488:4: Multiple substitutions specified in non-positional format of string resource string/proxy_test_status. Did you mean to add the formatted="false" attribute?
C:\Users\Varun\Documents\GitHub\SmartTube-Material\common\build\intermediates\packaged_res\stbetaDebug\packageStbetaDebugResources\values-pl\values-pl.xml:65:4: Multiple substitutions specified in non-positional format of string resource string/auto_frame_rate_applying. Did you mean to add the formatted="false" attribute?
C:\Users\Varun\Documents\GitHub\SmartTube-Material\common\build\intermediates\packaged_res\stbetaDebug\packageStbetaDebugResources\values-ko\values-ko.xml:65:4: Multiple substitutions specified in non-positional format of string resource string/auto_frame_rate_applying. Did you mean to add the formatted="false" attribute?
C:\Users\Varun\Documents\GitHub\SmartTube-Material\common\build\intermediates\packaged_res\stbetaDebug\packageStbetaDebugResources\values-sk\values-sk.xml:487:4: Multiple substitutions specified in non-positional format of string resource string/proxy_test_error. Did you mean to add the formatted="false" attribute?
C:\Users\Varun\Documents\GitHub\SmartTube-Material\common\build\intermediates\packaged_res\stbetaDebug\packageStbetaDebugResources\values-sk\values-sk.xml:488:4: Multiple substitutions specified in non-positional format of string resource string/proxy_test_start. Did you mean to add the formatted="false" attribute?
C:\Users\Varun\Documents\GitHub\SmartTube-Material\common\build\intermediates\packaged_res\stbetaDebug\packageStbetaDebugResources\values-es\values-es.xml:65:4: Multiple substitutions specified in non-positional format of string resource string/auto_frame_rate_applying. Did you mean to add the formatted="false" attribute?
C:\Users\Varun\Documents\GitHub\SmartTube-Material\common\build\intermediates\packaged_res\stbetaDebug\packageStbetaDebugResources\values-fr\values-fr.xml:487:4: Multiple substitutions specified in non-positional format of string resource string/proxy_test_error. Did you mean to add the formatted="false" attribute?
C:\Users\Varun\Documents\GitHub\SmartTube-Material\common\build\intermediates\packaged_res\stbetaDebug\packageStbetaDebugResources\values-sk\values-sk.xml:489:4: Multiple substitutions specified in non-positional format of string resource string/proxy_test_status. Did you mean to add the formatted="false" attribute?
C:\Users\Varun\Documents\GitHub\SmartTube-Material\common\build\intermediates\packaged_res\stbetaDebug\packageStbetaDebugResources\values-fr\values-fr.xml:488:4: Multiple substitutions specified in non-positional format of string resource string/proxy_test_start. Did you mean to add the formatted="false" attribute?
C:\Users\Varun\Documents\GitHub\SmartTube-Material\common\build\intermediates\packaged_res\stbetaDebug\packageStbetaDebugResources\values-pl\values-pl.xml:485:4: Multiple substitutions specified in non-positional format of string resource string/proxy_test_error. Did you mean to add the formatted="false" attribute?
C:\Users\Varun\Documents\GitHub\SmartTube-Material\common\build\intermediates\packaged_res\stbetaDebug\packageStbetaDebugResources\values-pl\values-pl.xml:486:4: Multiple substitutions specified in non-positional format of string resource string/proxy_test_start. Did you mean to add the formatted="false" attribute?
C:\Users\Varun\Documents\GitHub\SmartTube-Material\common\build\intermediates\packaged_res\stbetaDebug\packageStbetaDebugResources\values-pl\values-pl.xml:487:4: Multiple substitutions specified in non-positional format of string resource string/proxy_test_status. Did you mean to add the formatted="false" attribute?

> Task :smarttubetv:createStbetaDebugCompatibleScreenManifests
> Task :appupdatechecker2:extractDeepLinksStbetaDebug
> Task :chatkit:extractDeepLinksDebug

> Task :appupdatechecker2:processStbetaDebugManifest
package="edu.mit.mobile.android.appupdater" found in source AndroidManifest.xml: C:\Users\Varun\Documents\GitHub\SmartTube-Material\SharedModules\appupdatechecker2\src\main\AndroidManifest.xml.
Setting the namespace via the package attribute in the source AndroidManifest.xml is no longer supported, and the value is ignored.
Recommendation: remove package="edu.mit.mobile.android.appupdater" from the source AndroidManifest.xml: C:\Users\Varun\Documents\GitHub\SmartTube-Material\SharedModules\appupdatechecker2\src\main\AndroidManifest.xml.

> Task :common:extractDeepLinksStbetaDebug

> Task :chatkit:processDebugManifest
package="com.stfalcon.chatkit" found in source AndroidManifest.xml: C:\Users\Varun\Documents\GitHub\SmartTube-Material\chatkit\src\main\AndroidManifest.xml.
Setting the namespace via the package attribute in the source AndroidManifest.xml is no longer supported, and the value is ignored.
Recommendation: remove package="com.stfalcon.chatkit" from the source AndroidManifest.xml: C:\Users\Varun\Documents\GitHub\SmartTube-Material\chatkit\src\main\AndroidManifest.xml.

> Task :commons-io-2.8.0:extractDeepLinksDebug

> Task :common:processStbetaDebugManifest
package="com.liskovsoft.smartyoutubetv2.common" found in source AndroidManifest.xml: C:\Users\Varun\Documents\GitHub\SmartTube-Material\common\src\main\AndroidManifest.xml.
Setting the namespace via the package attribute in the source AndroidManifest.xml is no longer supported, and the value is ignored.
Recommendation: remove package="com.liskovsoft.smartyoutubetv2.common" from the source AndroidManifest.xml: C:\Users\Varun\Documents\GitHub\SmartTube-Material\common\src\main\AndroidManifest.xml.

> Task :filepicker-lib:extractDeepLinksDebug

> Task :commons-io-2.8.0:processDebugManifest
package="org.apache.commons.commonsio" found in source AndroidManifest.xml: C:\Users\Varun\Documents\GitHub\SmartTube-Material\SharedModules\commons-io-2.8.0\src\main\AndroidManifest.xml.
Setting the namespace via the package attribute in the source AndroidManifest.xml is no longer supported, and the value is ignored.
Recommendation: remove package="org.apache.commons.commonsio" from the source AndroidManifest.xml: C:\Users\Varun\Documents\GitHub\SmartTube-Material\SharedModules\commons-io-2.8.0\src\main\AndroidManifest.xml.

> Task :fragment-1.1.0:extractDeepLinksDebug

> Task :filepicker-lib:processDebugManifest
package="arte.programar.materialfile" found in source AndroidManifest.xml: C:\Users\Varun\Documents\GitHub\SmartTube-Material\filepicker-lib\src\main\AndroidManifest.xml.
Setting the namespace via the package attribute in the source AndroidManifest.xml is no longer supported, and the value is ignored.
Recommendation: remove package="arte.programar.materialfile" from the source AndroidManifest.xml: C:\Users\Varun\Documents\GitHub\SmartTube-Material\filepicker-lib\src\main\AndroidManifest.xml.

> Task :j2v8:extractDeepLinksDebug

> Task :fragment-1.1.0:processDebugManifest
package="androidx.fragment" found in source AndroidManifest.xml: C:\Users\Varun\Documents\GitHub\SmartTube-Material\fragment-1.1.0\src\main\AndroidManifest.xml.
Setting the namespace via the package attribute in the source AndroidManifest.xml is no longer supported, and the value is ignored.
Recommendation: remove package="androidx.fragment" from the source AndroidManifest.xml: C:\Users\Varun\Documents\GitHub\SmartTube-Material\fragment-1.1.0\src\main\AndroidManifest.xml.

> Task :leanback-1.0.0:extractDeepLinksDebug

> Task :j2v8:processDebugManifest
package="com.eclipsesource.v8" found in source AndroidManifest.xml: C:\Users\Varun\Documents\GitHub\SmartTube-Material\SharedModules\j2v8\src\main\AndroidManifest.xml.
Setting the namespace via the package attribute in the source AndroidManifest.xml is no longer supported, and the value is ignored.
Recommendation: remove package="com.eclipsesource.v8" from the source AndroidManifest.xml: C:\Users\Varun\Documents\GitHub\SmartTube-Material\SharedModules\j2v8\src\main\AndroidManifest.xml.

> Task :leanbackassistant:extractDeepLinksStbetaDebug

> Task :leanback-1.0.0:processDebugManifest
package="androidx.leanback" found in source AndroidManifest.xml: C:\Users\Varun\Documents\GitHub\SmartTube-Material\leanback-1.0.0\src\main\AndroidManifest.xml.
Setting the namespace via the package attribute in the source AndroidManifest.xml is no longer supported, and the value is ignored.
Recommendation: remove package="androidx.leanback" from the source AndroidManifest.xml: C:\Users\Varun\Documents\GitHub\SmartTube-Material\leanback-1.0.0\src\main\AndroidManifest.xml.

> Task :mediaserviceinterfaces:extractDeepLinksDebug

> Task :leanbackassistant:processStbetaDebugManifest
package="com.liskovsoft.leanbackassistant" found in source AndroidManifest.xml: C:\Users\Varun\Documents\GitHub\SmartTube-Material\leanbackassistant\src\main\AndroidManifest.xml.
Setting the namespace via the package attribute in the source AndroidManifest.xml is no longer supported, and the value is ignored.
Recommendation: remove package="com.liskovsoft.leanbackassistant" from the source AndroidManifest.xml: C:\Users\Varun\Documents\GitHub\SmartTube-Material\leanbackassistant\src\main\AndroidManifest.xml.

> Task :sharedutils:extractDeepLinksDebug

> Task :mediaserviceinterfaces:processDebugManifest
package="com.liskovsoft.mediaserviceinterfaces" found in source AndroidManifest.xml: C:\Users\Varun\Documents\GitHub\SmartTube-Material\MediaServiceCore\mediaserviceinterfaces\src\main\AndroidManifest.xml.
Setting the namespace via the package attribute in the source AndroidManifest.xml is no longer supported, and the value is ignored.
Recommendation: remove package="com.liskovsoft.mediaserviceinterfaces" from the source AndroidManifest.xml: C:\Users\Varun\Documents\GitHub\SmartTube-Material\MediaServiceCore\mediaserviceinterfaces\src\main\AndroidManifest.xml.

> Task :smarttubetv:extractDeepLinksStbetaDebug

> Task :sharedutils:processDebugManifest
package="com.liskovsoft.sharedutils" found in source AndroidManifest.xml: C:\Users\Varun\Documents\GitHub\SmartTube-Material\SharedModules\sharedutils\src\main\AndroidManifest.xml.
Setting the namespace via the package attribute in the source AndroidManifest.xml is no longer supported, and the value is ignored.
Recommendation: remove package="com.liskovsoft.sharedutils" from the source AndroidManifest.xml: C:\Users\Varun\Documents\GitHub\SmartTube-Material\SharedModules\sharedutils\src\main\AndroidManifest.xml.

> Task :youtubeapi:extractDeepLinksStbetaDebug
> Task :youtubeapi:compileStbetaDebugLibraryResources
> Task :appupdatechecker2:mergeStbetaDebugShaders
> Task :appupdatechecker2:compileStbetaDebugShaders NO-SOURCE
> Task :appupdatechecker2:generateStbetaDebugAssets UP-TO-DATE

> Task :youtubeapi:processStbetaDebugManifest
package="com.liskovsoft.youtubeapi" found in source AndroidManifest.xml: C:\Users\Varun\Documents\GitHub\SmartTube-Material\MediaServiceCore\youtubeapi\src\main\AndroidManifest.xml.
Setting the namespace via the package attribute in the source AndroidManifest.xml is no longer supported, and the value is ignored.
Recommendation: remove package="com.liskovsoft.youtubeapi" from the source AndroidManifest.xml: C:\Users\Varun\Documents\GitHub\SmartTube-Material\MediaServiceCore\youtubeapi\src\main\AndroidManifest.xml.

> Task :appupdatechecker2:packageStbetaDebugAssets

> Task :smarttubetv:processStbetaDebugMainManifest
package="com.liskovsoft.smartyoutubetv2.tv" found in source AndroidManifest.xml: C:\Users\Varun\Documents\GitHub\SmartTube-Material\smarttubetv\src\main\AndroidManifest.xml.
Setting the namespace via the package attribute in the source AndroidManifest.xml is no longer supported, and the value is ignored.
Recommendation: remove package="com.liskovsoft.smartyoutubetv2.tv" from the source AndroidManifest.xml: C:\Users\Varun\Documents\GitHub\SmartTube-Material\smarttubetv\src\main\AndroidManifest.xml.
[org.chromium.net:cronet-embedded:119.6045.31] C:\Users\Varun\.gradle\caches\transforms-4\712879799e0d5bcd6c38cdc146baa7c5\transformed\jetified-cronet-embedded-119.6045.31\AndroidManifest.xml Warning:
	Namespace 'org.chromium.net' is used in multiple modules and/or libraries: org.chromium.net:cronet-embedded:119.6045.31, org.chromium.net:cronet-common:119.6045.31, org.chromium.net:cronet-api:119.6045.31. Please ensure that all modules and libraries have a unique namespace. For more information, See https://developer.android.com/studio/build/configure-app-module#set-namespace
C:\Users\Varun\Documents\GitHub\SmartTube-Material\smarttubetv\src\main\AndroidManifest.xml Warning:
	provider#com.liskovsoft.leanbackassistant.search.VideoContentProvider was tagged at AndroidManifest.xml:0 to replace another declaration but no other declaration present

> Task :smarttubetv:mergeStbetaDebugResources
C:\Users\Varun\Documents\GitHub\SmartTube-Material\common\build\intermediates\packaged_res\stbetaDebug\packageStbetaDebugResources\values-ko\values-ko.xml:485:4: Multiple substitutions specified in non-positional format of string resource string/proxy_test_error. Did you mean to add the formatted="false" attribute?
C:\Users\Varun\Documents\GitHub\SmartTube-Material\common\build\intermediates\packaged_res\stbetaDebug\packageStbetaDebugResources\values-fr\values-fr.xml:489:4: Multiple substitutions specified in non-positional format of string resource string/proxy_test_status. Did you mean to add the formatted="false" attribute?
C:\Users\Varun\Documents\GitHub\SmartTube-Material\common\build\intermediates\packaged_res\stbetaDebug\packageStbetaDebugResources\values-es\values-es.xml:486:4: Multiple substitutions specified in non-positional format of string resource string/proxy_test_error. Did you mean to add the formatted="false" attribute?
C:\Users\Varun\Documents\GitHub\SmartTube-Material\common\build\intermediates\packaged_res\stbetaDebug\packageStbetaDebugResources\values-gl-rES\values-gl-rES.xml:65:4: Multiple substitutions specified in non-positional format of string resource string/auto_frame_rate_applying. Did you mean to add the formatted="false" attribute?
C:\Users\Varun\Documents\GitHub\SmartTube-Material\common\build\intermediates\packaged_res\stbetaDebug\packageStbetaDebugResources\values-es\values-es.xml:487:4: Multiple substitutions specified in non-positional format of string resource string/proxy_test_start. Did you mean to add the formatted="false" attribute?
C:\Users\Varun\Documents\GitHub\SmartTube-Material\common\build\intermediates\packaged_res\stbetaDebug\packageStbetaDebugResources\values-ko\values-ko.xml:486:4: Multiple substitutions specified in non-positional format of string resource string/proxy_test_start. Did you mean to add the formatted="false" attribute?
C:\Users\Varun\Documents\GitHub\SmartTube-Material\common\build\intermediates\packaged_res\stbetaDebug\packageStbetaDebugResources\values-gl-rES\values-gl-rES.xml:486:4: Multiple substitutions specified in non-positional format of string resource string/proxy_test_error. Did you mean to add the formatted="false" attribute?
C:\Users\Varun\Documents\GitHub\SmartTube-Material\common\build\intermediates\packaged_res\stbetaDebug\packageStbetaDebugResources\values-es\values-es.xml:488:4: Multiple substitutions specified in non-positional format of string resource string/proxy_test_status. Did you mean to add the formatted="false" attribute?
C:\Users\Varun\Documents\GitHub\SmartTube-Material\common\build\intermediates\packaged_res\stbetaDebug\packageStbetaDebugResources\values-ko\values-ko.xml:487:4: Multiple substitutions specified in non-positional format of string resource string/proxy_test_status. Did you mean to add the formatted="false" attribute?
C:\Users\Varun\Documents\GitHub\SmartTube-Material\common\build\intermediates\packaged_res\stbetaDebug\packageStbetaDebugResources\values-gl-rES\values-gl-rES.xml:487:4: Multiple substitutions specified in non-positional format of string resource string/proxy_test_start. Did you mean to add the formatted="false" attribute?
C:\Users\Varun\Documents\GitHub\SmartTube-Material\common\build\intermediates\packaged_res\stbetaDebug\packageStbetaDebugResources\values-gl-rES\values-gl-rES.xml:488:4: Multiple substitutions specified in non-positional format of string resource string/proxy_test_status. Did you mean to add the formatted="false" attribute?
C:\Users\Varun\Documents\GitHub\SmartTube-Material\common\build\intermediates\packaged_res\stbetaDebug\packageStbetaDebugResources\values-sl\values-sl.xml:37:4: Multiple substitutions specified in non-positional format of string resource string/auto_frame_rate_applying. Did you mean to add the formatted="false" attribute?
C:\Users\Varun\Documents\GitHub\SmartTube-Material\common\build\intermediates\packaged_res\stbetaDebug\packageStbetaDebugResources\values-da\values-da.xml:65:4: Multiple substitutions specified in non-positional format of string resource string/auto_frame_rate_applying. Did you mean to add the formatted="false" attribute?
C:\Users\Varun\Documents\GitHub\SmartTube-Material\common\build\intermediates\packaged_res\stbetaDebug\packageStbetaDebugResources\values-de\values-de.xml:65:4: Multiple substitutions specified in non-positional format of string resource string/auto_frame_rate_applying. Did you mean to add the formatted="false" attribute?
C:\Users\Varun\Documents\GitHub\SmartTube-Material\common\build\intermediates\packaged_res\stbetaDebug\packageStbetaDebugResources\values-el\values-el.xml:64:4: Multiple substitutions specified in non-positional format of string resource string/auto_frame_rate_applying. Did you mean to add the formatted="false" attribute?
C:\Users\Varun\Documents\GitHub\SmartTube-Material\common\build\intermediates\packaged_res\stbetaDebug\packageStbetaDebugResources\values-de\values-de.xml:487:4: Multiple substitutions specified in non-positional format of string resource string/proxy_test_error. Did you mean to add the formatted="false" attribute?
C:\Users\Varun\Documents\GitHub\SmartTube-Material\common\build\intermediates\packaged_res\stbetaDebug\packageStbetaDebugResources\values-da\values-da.xml:487:4: Multiple substitutions specified in non-positional format of string resource string/proxy_test_error. Did you mean to add the formatted="false" attribute?
C:\Users\Varun\Documents\GitHub\SmartTube-Material\common\build\intermediates\packaged_res\stbetaDebug\packageStbetaDebugResources\values-de\values-de.xml:488:4: Multiple substitutions specified in non-positional format of string resource string/proxy_test_start. Did you mean to add the formatted="false" attribute?
C:\Users\Varun\Documents\GitHub\SmartTube-Material\common\build\intermediates\packaged_res\stbetaDebug\packageStbetaDebugResources\values-da\values-da.xml:488:4: Multiple substitutions specified in non-positional format of string resource string/proxy_test_start. Did you mean to add the formatted="false" attribute?
C:\Users\Varun\Documents\GitHub\SmartTube-Material\common\build\intermediates\packaged_res\stbetaDebug\packageStbetaDebugResources\values-de\values-de.xml:489:4: Multiple substitutions specified in non-positional format of string resource string/proxy_test_status. Did you mean to add the formatted="false" attribute?
C:\Users\Varun\Documents\GitHub\SmartTube-Material\common\build\intermediates\packaged_res\stbetaDebug\packageStbetaDebugResources\values-nb\values-nb.xml:65:4: Multiple substitutions specified in non-positional format of string resource string/auto_frame_rate_applying. Did you mean to add the formatted="false" attribute?
C:\Users\Varun\Documents\GitHub\SmartTube-Material\common\build\intermediates\packaged_res\stbetaDebug\packageStbetaDebugResources\values-da\values-da.xml:489:4: Multiple substitutions specified in non-positional format of string resource string/proxy_test_status. Did you mean to add the formatted="false" attribute?
C:\Users\Varun\Documents\GitHub\SmartTube-Material\common\build\intermediates\packaged_res\stbetaDebug\packageStbetaDebugResources\values-el\values-el.xml:463:4: Multiple substitutions specified in non-positional format of string resource string/proxy_test_error. Did you mean to add the formatted="false" attribute?
C:\Users\Varun\Documents\GitHub\SmartTube-Material\common\build\intermediates\packaged_res\stbetaDebug\packageStbetaDebugResources\values-te\values-te.xml:13:4: Multiple substitutions specified in non-positional format of string resource string/auto_frame_rate_applying. Did you mean to add the formatted="false" attribute?
C:\Users\Varun\Documents\GitHub\SmartTube-Material\common\build\intermediates\packaged_res\stbetaDebug\packageStbetaDebugResources\values-el\values-el.xml:464:4: Multiple substitutions specified in non-positional format of string resource string/proxy_test_start. Did you mean to add the formatted="false" attribute?
C:\Users\Varun\Documents\GitHub\SmartTube-Material\common\build\intermediates\packaged_res\stbetaDebug\packageStbetaDebugResources\values-el\values-el.xml:465:4: Multiple substitutions specified in non-positional format of string resource string/proxy_test_status. Did you mean to add the formatted="false" attribute?
C:\Users\Varun\Documents\GitHub\SmartTube-Material\common\build\intermediates\packaged_res\stbetaDebug\packageStbetaDebugResources\values-cs\values-cs.xml:65:4: Multiple substitutions specified in non-positional format of string resource string/auto_frame_rate_applying. Did you mean to add the formatted="false" attribute?
C:\Users\Varun\Documents\GitHub\SmartTube-Material\common\build\intermediates\packaged_res\stbetaDebug\packageStbetaDebugResources\values-nb\values-nb.xml:485:4: Multiple substitutions specified in non-positional format of string resource string/proxy_test_error. Did you mean to add the formatted="false" attribute?
C:\Users\Varun\Documents\GitHub\SmartTube-Material\common\build\intermediates\packaged_res\stbetaDebug\packageStbetaDebugResources\values-cs\values-cs.xml:486:4: Multiple substitutions specified in non-positional format of string resource string/proxy_test_error. Did you mean to add the formatted="false" attribute?
C:\Users\Varun\Documents\GitHub\SmartTube-Material\common\build\intermediates\packaged_res\stbetaDebug\packageStbetaDebugResources\values-nb\values-nb.xml:486:4: Multiple substitutions specified in non-positional format of string resource string/proxy_test_start. Did you mean to add the formatted="false" attribute?
C:\Users\Varun\Documents\GitHub\SmartTube-Material\common\build\intermediates\packaged_res\stbetaDebug\packageStbetaDebugResources\values-cs\values-cs.xml:487:4: Multiple substitutions specified in non-positional format of string resource string/proxy_test_start. Did you mean to add the formatted="false" attribute?
C:\Users\Varun\Documents\GitHub\SmartTube-Material\common\build\intermediates\packaged_res\stbetaDebug\packageStbetaDebugResources\values-cs\values-cs.xml:488:4: Multiple substitutions specified in non-positional format of string resource string/proxy_test_status. Did you mean to add the formatted="false" attribute?
C:\Users\Varun\Documents\GitHub\SmartTube-Material\common\build\intermediates\packaged_res\stbetaDebug\packageStbetaDebugResources\values-nb\values-nb.xml:487:4: Multiple substitutions specified in non-positional format of string resource string/proxy_test_status. Did you mean to add the formatted="false" attribute?
C:\Users\Varun\Documents\GitHub\SmartTube-Material\common\build\intermediates\packaged_res\stbetaDebug\packageStbetaDebugResources\values-ja\values-ja.xml:65:4: Multiple substitutions specified in non-positional format of string resource string/auto_frame_rate_applying. Did you mean to add the formatted="false" attribute?
C:\Users\Varun\Documents\GitHub\SmartTube-Material\common\build\intermediates\packaged_res\stbetaDebug\packageStbetaDebugResources\values-uk\values-uk.xml:62:4: Multiple substitutions specified in non-positional format of string resource string/auto_frame_rate_applying. Did you mean to add the formatted="false" attribute?
C:\Users\Varun\Documents\GitHub\SmartTube-Material\common\build\intermediates\packaged_res\stbetaDebug\packageStbetaDebugResources\values-lt\values-lt.xml:49:4: Multiple substitutions specified in non-positional format of string resource string/auto_frame_rate_applying. Did you mean to add the formatted="false" attribute?
C:\Users\Varun\Documents\GitHub\SmartTube-Material\common\build\intermediates\packaged_res\stbetaDebug\packageStbetaDebugResources\values-fi\values-fi.xml:65:4: Multiple substitutions specified in non-positional format of string resource string/auto_frame_rate_applying. Did you mean to add the formatted="false" attribute?
C:\Users\Varun\Documents\GitHub\SmartTube-Material\common\build\intermediates\packaged_res\stbetaDebug\packageStbetaDebugResources\values-bg\values-bg.xml:58:4: Multiple substitutions specified in non-positional format of string resource string/auto_frame_rate_applying. Did you mean to add the formatted="false" attribute?
C:\Users\Varun\Documents\GitHub\SmartTube-Material\common\build\intermediates\packaged_res\stbetaDebug\packageStbetaDebugResources\values-uk\values-uk.xml:474:4: Multiple substitutions specified in non-positional format of string resource string/proxy_test_error. Did you mean to add the formatted="false" attribute?
C:\Users\Varun\Documents\GitHub\SmartTube-Material\common\build\intermediates\packaged_res\stbetaDebug\packageStbetaDebugResources\values-ja\values-ja.xml:483:4: Multiple substitutions specified in non-positional format of string resource string/proxy_test_error. Did you mean to add the formatted="false" attribute?
C:\Users\Varun\Documents\GitHub\SmartTube-Material\common\build\intermediates\packaged_res\stbetaDebug\packageStbetaDebugResources\values-uk\values-uk.xml:475:4: Multiple substitutions specified in non-positional format of string resource string/proxy_test_start. Did you mean to add the formatted="false" attribute?
C:\Users\Varun\Documents\GitHub\SmartTube-Material\common\build\intermediates\packaged_res\stbetaDebug\packageStbetaDebugResources\values-bg\values-bg.xml:399:4: Multiple substitutions specified in non-positional format of string resource string/proxy_test_error. Did you mean to add the formatted="false" attribute?
C:\Users\Varun\Documents\GitHub\SmartTube-Material\common\build\intermediates\packaged_res\stbetaDebug\packageStbetaDebugResources\values-lt\values-lt.xml:282:4: Multiple substitutions specified in non-positional format of string resource string/proxy_test_error. Did you mean to add the formatted="false" attribute?
C:\Users\Varun\Documents\GitHub\SmartTube-Material\common\build\intermediates\packaged_res\stbetaDebug\packageStbetaDebugResources\values-ja\values-ja.xml:484:4: Multiple substitutions specified in non-positional format of string resource string/proxy_test_start. Did you mean to add the formatted="false" attribute?
C:\Users\Varun\Documents\GitHub\SmartTube-Material\common\build\intermediates\packaged_res\stbetaDebug\packageStbetaDebugResources\values-lt\values-lt.xml:283:4: Multiple substitutions specified in non-positional format of string resource string/proxy_test_start. Did you mean to add the formatted="false" attribute?
C:\Users\Varun\Documents\GitHub\SmartTube-Material\common\build\intermediates\packaged_res\stbetaDebug\packageStbetaDebugResources\values-bg\values-bg.xml:400:4: Multiple substitutions specified in non-positional format of string resource string/proxy_test_start. Did you mean to add the formatted="false" attribute?
C:\Users\Varun\Documents\GitHub\SmartTube-Material\common\build\intermediates\packaged_res\stbetaDebug\packageStbetaDebugResources\values-fi\values-fi.xml:485:4: Multiple substitutions specified in non-positional format of string resource string/proxy_test_error. Did you mean to add the formatted="false" attribute?
C:\Users\Varun\Documents\GitHub\SmartTube-Material\common\build\intermediates\packaged_res\stbetaDebug\packageStbetaDebugResources\values-uk\values-uk.xml:476:4: Multiple substitutions specified in non-positional format of string resource string/proxy_test_status. Did you mean to add the formatted="false" attribute?
C:\Users\Varun\Documents\GitHub\SmartTube-Material\common\build\intermediates\packaged_res\stbetaDebug\packageStbetaDebugResources\values-fi\values-fi.xml:486:4: Multiple substitutions specified in non-positional format of string resource string/proxy_test_start. Did you mean to add the formatted="false" attribute?
C:\Users\Varun\Documents\GitHub\SmartTube-Material\common\build\intermediates\packaged_res\stbetaDebug\packageStbetaDebugResources\values-bg\values-bg.xml:401:4: Multiple substitutions specified in non-positional format of string resource string/proxy_test_status. Did you mean to add the formatted="false" attribute?
C:\Users\Varun\Documents\GitHub\SmartTube-Material\common\build\intermediates\packaged_res\stbetaDebug\packageStbetaDebugResources\values-lt\values-lt.xml:284:4: Multiple substitutions specified in non-positional format of string resource string/proxy_test_status. Did you mean to add the formatted="false" attribute?
C:\Users\Varun\Documents\GitHub\SmartTube-Material\common\build\intermediates\packaged_res\stbetaDebug\packageStbetaDebugResources\values-he\values-he.xml:65:4: Multiple substitutions specified in non-positional format of string resource string/auto_frame_rate_applying. Did you mean to add the formatted="false" attribute?
C:\Users\Varun\Documents\GitHub\SmartTube-Material\common\build\intermediates\packaged_res\stbetaDebug\packageStbetaDebugResources\values-ja\values-ja.xml:485:4: Multiple substitutions specified in non-positional format of string resource string/proxy_test_status. Did you mean to add the formatted="false" attribute?
C:\Users\Varun\Documents\GitHub\SmartTube-Material\common\build\intermediates\packaged_res\stbetaDebug\packageStbetaDebugResources\values-et\values-et.xml:59:4: Multiple substitutions specified in non-positional format of string resource string/auto_frame_rate_applying. Did you mean to add the formatted="false" attribute?
C:\Users\Varun\Documents\GitHub\SmartTube-Material\common\build\intermediates\packaged_res\stbetaDebug\packageStbetaDebugResources\values-fi\values-fi.xml:487:4: Multiple substitutions specified in non-positional format of string resource string/proxy_test_status. Did you mean to add the formatted="false" attribute?
C:\Users\Varun\Documents\GitHub\SmartTube-Material\common\build\intermediates\packaged_res\stbetaDebug\packageStbetaDebugResources\values-he\values-he.xml:476:4: Multiple substitutions specified in non-positional format of string resource string/proxy_test_error. Did you mean to add the formatted="false" attribute?
C:\Users\Varun\Documents\GitHub\SmartTube-Material\common\build\intermediates\packaged_res\stbetaDebug\packageStbetaDebugResources\values-et\values-et.xml:420:4: Multiple substitutions specified in non-positional format of string resource string/proxy_test_error. Did you mean to add the formatted="false" attribute?
C:\Users\Varun\Documents\GitHub\SmartTube-Material\common\build\intermediates\packaged_res\stbetaDebug\packageStbetaDebugResources\values-zh-rTW\values-zh-rTW.xml:65:4: Multiple substitutions specified in non-positional format of string resource string/auto_frame_rate_applying. Did you mean to add the formatted="false" attribute?
C:\Users\Varun\Documents\GitHub\SmartTube-Material\common\build\intermediates\packaged_res\stbetaDebug\packageStbetaDebugResources\values-he\values-he.xml:477:4: Multiple substitutions specified in non-positional format of string resource string/proxy_test_start. Did you mean to add the formatted="false" attribute?
C:\Users\Varun\Documents\GitHub\SmartTube-Material\common\build\intermediates\packaged_res\stbetaDebug\packageStbetaDebugResources\values-vi\values-vi.xml:65:4: Multiple substitutions specified in non-positional format of string resource string/auto_frame_rate_applying. Did you mean to add the formatted="false" attribute?
C:\Users\Varun\Documents\GitHub\SmartTube-Material\common\build\intermediates\packaged_res\stbetaDebug\packageStbetaDebugResources\values-et\values-et.xml:421:4: Multiple substitutions specified in non-positional format of string resource string/proxy_test_start. Did you mean to add the formatted="false" attribute?
C:\Users\Varun\Documents\GitHub\SmartTube-Material\common\build\intermediates\packaged_res\stbetaDebug\packageStbetaDebugResources\values-zh-rTW\values-zh-rTW.xml:487:4: Multiple substitutions specified in non-positional format of string resource string/proxy_test_error. Did you mean to add the formatted="false" attribute?
C:\Users\Varun\Documents\GitHub\SmartTube-Material\common\build\intermediates\packaged_res\stbetaDebug\packageStbetaDebugResources\values-zh-rTW\values-zh-rTW.xml:488:4: Multiple substitutions specified in non-positional format of string resource string/proxy_test_start. Did you mean to add the formatted="false" attribute?
C:\Users\Varun\Documents\GitHub\SmartTube-Material\common\build\intermediates\packaged_res\stbetaDebug\packageStbetaDebugResources\values-he\values-he.xml:478:4: Multiple substitutions specified in non-positional format of string resource string/proxy_test_status. Did you mean to add the formatted="false" attribute?
C:\Users\Varun\Documents\GitHub\SmartTube-Material\common\build\intermediates\packaged_res\stbetaDebug\packageStbetaDebugResources\values-zh-rTW\values-zh-rTW.xml:489:4: Multiple substitutions specified in non-positional format of string resource string/proxy_test_status. Did you mean to add the formatted="false" attribute?
C:\Users\Varun\Documents\GitHub\SmartTube-Material\common\build\intermediates\packaged_res\stbetaDebug\packageStbetaDebugResources\values-et\values-et.xml:422:4: Multiple substitutions specified in non-positional format of string resource string/proxy_test_status. Did you mean to add the formatted="false" attribute?
C:\Users\Varun\Documents\GitHub\SmartTube-Material\common\build\intermediates\packaged_res\stbetaDebug\packageStbetaDebugResources\values-sr\values-sr.xml:65:4: Multiple substitutions specified in non-positional format of string resource string/auto_frame_rate_applying. Did you mean to add the formatted="false" attribute?
C:\Users\Varun\Documents\GitHub\SmartTube-Material\common\build\intermediates\packaged_res\stbetaDebug\packageStbetaDebugResources\values-vi\values-vi.xml:482:4: Multiple substitutions specified in non-positional format of string resource string/proxy_test_error. Did you mean to add the formatted="false" attribute?
C:\Users\Varun\Documents\GitHub\SmartTube-Material\common\build\intermediates\packaged_res\stbetaDebug\packageStbetaDebugResources\values-vi\values-vi.xml:483:4: Multiple substitutions specified in non-positional format of string resource string/proxy_test_start. Did you mean to add the formatted="false" attribute?
C:\Users\Varun\Documents\GitHub\SmartTube-Material\common\build\intermediates\packaged_res\stbetaDebug\packageStbetaDebugResources\values-vi\values-vi.xml:484:4: Multiple substitutions specified in non-positional format of string resource string/proxy_test_status. Did you mean to add the formatted="false" attribute?
C:\Users\Varun\Documents\GitHub\SmartTube-Material\common\build\intermediates\packaged_res\stbetaDebug\packageStbetaDebugResources\values-sr\values-sr.xml:487:4: Multiple substitutions specified in non-positional format of string resource string/proxy_test_error. Did you mean to add the formatted="false" attribute?
C:\Users\Varun\Documents\GitHub\SmartTube-Material\common\build\intermediates\packaged_res\stbetaDebug\packageStbetaDebugResources\values-sr\values-sr.xml:488:4: Multiple substitutions specified in non-positional format of string resource string/proxy_test_start. Did you mean to add the formatted="false" attribute?
C:\Users\Varun\Documents\GitHub\SmartTube-Material\common\build\intermediates\packaged_res\stbetaDebug\packageStbetaDebugResources\values-sr\values-sr.xml:489:4: Multiple substitutions specified in non-positional format of string resource string/proxy_test_status. Did you mean to add the formatted="false" attribute?
C:\Users\Varun\Documents\GitHub\SmartTube-Material\common\build\intermediates\packaged_res\stbetaDebug\packageStbetaDebugResources\values-ca\values-ca.xml:54:4: Multiple substitutions specified in non-positional format of string resource string/auto_frame_rate_applying. Did you mean to add the formatted="false" attribute?
C:\Users\Varun\Documents\GitHub\SmartTube-Material\common\build\intermediates\packaged_res\stbetaDebug\packageStbetaDebugResources\values-ca\values-ca.xml:332:4: Multiple substitutions specified in non-positional format of string resource string/proxy_test_error. Did you mean to add the formatted="false" attribute?
C:\Users\Varun\Documents\GitHub\SmartTube-Material\common\build\intermediates\packaged_res\stbetaDebug\packageStbetaDebugResources\values-ca\values-ca.xml:333:4: Multiple substitutions specified in non-positional format of string resource string/proxy_test_start. Did you mean to add the formatted="false" attribute?
C:\Users\Varun\Documents\GitHub\SmartTube-Material\common\build\intermediates\packaged_res\stbetaDebug\packageStbetaDebugResources\values-ca\values-ca.xml:334:4: Multiple substitutions specified in non-positional format of string resource string/proxy_test_status. Did you mean to add the formatted="false" attribute?
C:\Users\Varun\Documents\GitHub\SmartTube-Material\common\build\intermediates\packaged_res\stbetaDebug\packageStbetaDebugResources\values-th\values-th.xml:37:4: Multiple substitutions specified in non-positional format of string resource string/auto_frame_rate_applying. Did you mean to add the formatted="false" attribute?
C:\Users\Varun\Documents\GitHub\SmartTube-Material\common\build\intermediates\packaged_res\stbetaDebug\packageStbetaDebugResources\values-in\values-in.xml:64:4: Multiple substitutions specified in non-positional format of string resource string/auto_frame_rate_applying. Did you mean to add the formatted="false" attribute?

> Task :smarttubetv:processStbetaDebugManifest
> Task :chatkit:mergeDebugShaders
> Task :chatkit:compileDebugShaders NO-SOURCE
> Task :chatkit:generateDebugAssets UP-TO-DATE
> Task :chatkit:packageDebugAssets
> Task :common:mergeStbetaDebugShaders
> Task :common:compileStbetaDebugShaders NO-SOURCE
> Task :common:generateStbetaDebugAssets UP-TO-DATE
> Task :common:packageStbetaDebugAssets
> Task :commons-io-2.8.0:mergeDebugShaders
> Task :commons-io-2.8.0:compileDebugShaders NO-SOURCE
> Task :commons-io-2.8.0:generateDebugAssets UP-TO-DATE
> Task :commons-io-2.8.0:packageDebugAssets
> Task :filepicker-lib:mergeDebugShaders
> Task :filepicker-lib:compileDebugShaders NO-SOURCE
> Task :filepicker-lib:generateDebugAssets UP-TO-DATE
> Task :filepicker-lib:packageDebugAssets
> Task :fragment-1.1.0:mergeDebugShaders
> Task :fragment-1.1.0:compileDebugShaders NO-SOURCE
> Task :fragment-1.1.0:generateDebugAssets UP-TO-DATE
> Task :fragment-1.1.0:packageDebugAssets
> Task :j2v8:mergeDebugShaders
> Task :j2v8:compileDebugShaders NO-SOURCE
> Task :smarttubetv:processStbetaDebugManifestForPackage
> Task :j2v8:generateDebugAssets UP-TO-DATE
> Task :j2v8:packageDebugAssets
> Task :leanback-1.0.0:mergeDebugShaders
> Task :leanback-1.0.0:compileDebugShaders NO-SOURCE
> Task :leanback-1.0.0:generateDebugAssets UP-TO-DATE
> Task :leanback-1.0.0:packageDebugAssets
> Task :leanbackassistant:mergeStbetaDebugShaders
> Task :leanbackassistant:compileStbetaDebugShaders NO-SOURCE
> Task :leanbackassistant:generateStbetaDebugAssets UP-TO-DATE
> Task :leanbackassistant:packageStbetaDebugAssets
> Task :mediaserviceinterfaces:mergeDebugShaders
> Task :mediaserviceinterfaces:compileDebugShaders NO-SOURCE
> Task :mediaserviceinterfaces:generateDebugAssets UP-TO-DATE
> Task :mediaserviceinterfaces:packageDebugAssets
> Task :sharedutils:mergeDebugShaders
> Task :sharedutils:compileDebugShaders NO-SOURCE
> Task :sharedutils:generateDebugAssets UP-TO-DATE
> Task :sharedutils:packageDebugAssets
> Task :smarttubetv:mergeStbetaDebugShaders
> Task :smarttubetv:compileStbetaDebugShaders NO-SOURCE
> Task :smarttubetv:generateStbetaDebugAssets UP-TO-DATE
> Task :youtubeapi:mergeStbetaDebugShaders
> Task :youtubeapi:compileStbetaDebugShaders NO-SOURCE
> Task :youtubeapi:generateStbetaDebugAssets UP-TO-DATE
> Task :youtubeapi:packageStbetaDebugAssets
> Task :smarttubetv:mergeStbetaDebugAssets
> Task :smarttubetv:compressStbetaDebugAssets
> Task :smarttubetv:checkStbetaDebugDuplicateClasses
> Task :smarttubetv:mergeStbetaDebugStartupProfile
> Task :filepicker-lib:bundleLibRuntimeToJarDebug
> Task :appupdatechecker2:bundleLibRuntimeToJarStbetaDebug
> Task :appupdatechecker2:processStbetaDebugJavaRes NO-SOURCE
> Task :chatkit:processDebugJavaRes NO-SOURCE
> Task :commons-io-2.8.0:processDebugJavaRes NO-SOURCE
> Task :filepicker-lib:processDebugJavaRes NO-SOURCE
> Task :fragment-1.1.0:processDebugJavaRes NO-SOURCE
> Task :mediaserviceinterfaces:bundleLibRuntimeToJarDebug
> Task :j2v8:processDebugJavaRes
> Task :fragment-1.1.0:bundleLibRuntimeToJarDebug
> Task :leanback-1.0.0:processDebugJavaRes NO-SOURCE
> Task :leanbackassistant:processStbetaDebugJavaRes NO-SOURCE
> Task :mediaserviceinterfaces:processDebugJavaRes NO-SOURCE
> Task :j2v8:bundleLibRuntimeToJarDebug
> Task :chatkit:bundleLibRuntimeToJarDebug
> Task :sharedutils:processDebugJavaRes
> Task :appupdatechecker2:mergeStbetaDebugJniLibFolders
> Task :appupdatechecker2:mergeStbetaDebugNativeLibs NO-SOURCE
> Task :sharedutils:bundleLibRuntimeToJarDebug
> Task :appupdatechecker2:copyStbetaDebugJniLibsProjectOnly
> Task :chatkit:mergeDebugJniLibFolders
> Task :chatkit:mergeDebugNativeLibs NO-SOURCE
> Task :chatkit:copyDebugJniLibsProjectOnly
> Task :common:mergeStbetaDebugJniLibFolders
> Task :common:mergeStbetaDebugNativeLibs NO-SOURCE
> Task :common:copyStbetaDebugJniLibsProjectOnly
> Task :commons-io-2.8.0:mergeDebugJniLibFolders
> Task :commons-io-2.8.0:mergeDebugNativeLibs NO-SOURCE
> Task :commons-io-2.8.0:copyDebugJniLibsProjectOnly
> Task :commons-io-2.8.0:bundleLibRuntimeToJarDebug
> Task :filepicker-lib:mergeDebugJniLibFolders
> Task :youtubeapi:compileStbetaDebugKotlin
> Task :filepicker-lib:mergeDebugNativeLibs NO-SOURCE
> Task :filepicker-lib:copyDebugJniLibsProjectOnly
> Task :fragment-1.1.0:mergeDebugJniLibFolders
> Task :fragment-1.1.0:mergeDebugNativeLibs NO-SOURCE
> Task :fragment-1.1.0:copyDebugJniLibsProjectOnly
> Task :leanback-1.0.0:bundleLibRuntimeToJarDebug
warn: removing resource org.smarttube.beta:string/dialog_remove_device without required default value.
warn: removing resource org.smarttube.beta:string/option_background_playback_all without required default value.

> Task :j2v8:mergeDebugJniLibFolders

> Task :youtubeapi:compileStbetaDebugJavaWithJavac
Java compiler version 21 has deprecated support for compiling with source/target version 8.
Try one of the following options:
    1. [Recommended] Use Java toolchain with a lower language version
    2. Set a higher source/target version
    3. Use a lower version of the JDK running the build (if you're not using Java toolchain)
For more details on how to configure these settings, see https://developer.android.com/build/jdks.
To suppress this warning, set android.javaCompile.suppressSourceTargetDeprecationWarning=true in gradle.properties.

> Task :smarttubetv:desugarStbetaDebugFileDependencies

> Task :youtubeapi:compileStbetaDebugJavaWithJavac
warning: [options] source value 8 is obsolete and will be removed in a future release
warning: [options] target value 8 is obsolete and will be removed in a future release
warning: [options] To suppress warnings about obsolete options, use -Xlint:-options.

> Transform classes.jar (project :sharedutils) with DexingWithClasspathTransform
WARNING: D8: An error occurred when parsing kotlin metadata. This normally happens when using a newer version of kotlin than the kotlin version released when this version of R8 was created. To find compatible kotlin versions, please see: https://developer.android.com/studio/build/kotlin-d8-r8-versions
WARNING: D8: An error occurred when parsing kotlin metadata. This normally happens when using a newer version of kotlin than the kotlin version released when this version of R8 was created. To find compatible kotlin versions, please see: https://developer.android.com/studio/build/kotlin-d8-r8-versions
WARNING: D8: An error occurred when parsing kotlin metadata. This normally happens when using a newer version of kotlin than the kotlin version released when this version of R8 was created. To find compatible kotlin versions, please see: https://developer.android.com/studio/build/kotlin-d8-r8-versions
WARNING: D8: An error occurred when parsing kotlin metadata. This normally happens when using a newer version of kotlin than the kotlin version released when this version of R8 was created. To find compatible kotlin versions, please see: https://developer.android.com/studio/build/kotlin-d8-r8-versions
WARNING: D8: An error occurred when parsing kotlin metadata. This normally happens when using a newer version of kotlin than the kotlin version released when this version of R8 was created. To find compatible kotlin versions, please see: https://developer.android.com/studio/build/kotlin-d8-r8-versions
WARNING: D8: An error occurred when parsing kotlin metadata. This normally happens when using a newer version of kotlin than the kotlin version released when this version of R8 was created. To find compatible kotlin versions, please see: https://developer.android.com/studio/build/kotlin-d8-r8-versions
WARNING: D8: An error occurred when parsing kotlin metadata. This normally happens when using a newer version of kotlin than the kotlin version released when this version of R8 was created. To find compatible kotlin versions, please see: https://developer.android.com/studio/build/kotlin-d8-r8-versions
WARNING: D8: An error occurred when parsing kotlin metadata. This normally happens when using a newer version of kotlin than the kotlin version released when this version of R8 was created. To find compatible kotlin versions, please see: https://developer.android.com/studio/build/kotlin-d8-r8-versions
warn: removing resource org.smarttube.beta:string/dialog_remove_device without required default value.
warn: removing resource org.smarttube.beta:string/option_background_playback_all without required default value.

warn: removing resource org.smarttube.beta:string/dialog_remove_device without required default value.
warn: removing resource org.smarttube.beta:string/option_background_playback_all without required default value.


> Task :smarttubetv:processStbetaDebugResources

> Task :youtubeapi:compileStbetaDebugJavaWithJavac
Note: Some input files use or override a deprecated API.
Note: Recompile with -Xlint:deprecation for details.
3 warnings

> Task :j2v8:mergeDebugNativeLibs
> Task :youtubeapi:bundleLibCompileToJarStbetaDebug
> Task :smarttubetv:mergeExtDexStbetaDebug
WARNING: D8: An error occurred when parsing kotlin metadata. This normally happens when using a newer version of kotlin than the kotlin version released when this version of R8 was created. To find compatible kotlin versions, please see: https://developer.android.com/studio/build/kotlin-d8-r8-versions
WARNING: D8: An error occurred when parsing kotlin metadata. This normally happens when using a newer version of kotlin than the kotlin version released when this version of R8 was created. To find compatible kotlin versions, please see: https://developer.android.com/studio/build/kotlin-d8-r8-versions
WARNING: D8: An error occurred when parsing kotlin metadata. This normally happens when using a newer version of kotlin than the kotlin version released when this version of R8 was created. To find compatible kotlin versions, please see: https://developer.android.com/studio/build/kotlin-d8-r8-versions
WARNING: D8: An error occurred when parsing kotlin metadata. This normally happens when using a newer version of kotlin than the kotlin version released when this version of R8 was created. To find compatible kotlin versions, please see: https://developer.android.com/studio/build/kotlin-d8-r8-versions
WARNING: D8: An error occurred when parsing kotlin metadata. This normally happens when using a newer version of kotlin than the kotlin version released when this version of R8 was created. To find compatible kotlin versions, please see: https://developer.android.com/studio/build/kotlin-d8-r8-versions
WARNING: D8: An error occurred when parsing kotlin metadata. This normally happens when using a newer version of kotlin than the kotlin version released when this version of R8 was created. To find compatible kotlin versions, please see: https://developer.android.com/studio/build/kotlin-d8-r8-versions
WARNING: D8: An error occurred when parsing kotlin metadata. This normally happens when using a newer version of kotlin than the kotlin version released when this version of R8 was created. To find compatible kotlin versions, please see: https://developer.android.com/studio/build/kotlin-d8-r8-versions
WARNING: D8: An error occurred when parsing kotlin metadata. This normally happens when using a newer version of kotlin than the kotlin version released when this version of R8 was created. To find compatible kotlin versions, please see: https://developer.android.com/studio/build/kotlin-d8-r8-versions
WARNING: D8: An error occurred when parsing kotlin metadata. This normally happens when using a newer version of kotlin than the kotlin version released when this version of R8 was created. To find compatible kotlin versions, please see: https://developer.android.com/studio/build/kotlin-d8-r8-versions
WARNING: D8: An error occurred when parsing kotlin metadata. This normally happens when using a newer version of kotlin than the kotlin version released when this version of R8 was created. To find compatible kotlin versions, please see: https://developer.android.com/studio/build/kotlin-d8-r8-versions
WARNING: D8: An error occurred when parsing kotlin metadata. This normally happens when using a newer version of kotlin than the kotlin version released when this version of R8 was created. To find compatible kotlin versions, please see: https://developer.android.com/studio/build/kotlin-d8-r8-versions
WARNING: D8: An error occurred when parsing kotlin metadata. This normally happens when using a newer version of kotlin than the kotlin version released when this version of R8 was created. To find compatible kotlin versions, please see: https://developer.android.com/studio/build/kotlin-d8-r8-versions
WARNING: D8: An error occurred when parsing kotlin metadata. This normally happens when using a newer version of kotlin than the kotlin version released when this version of R8 was created. To find compatible kotlin versions, please see: https://developer.android.com/studio/build/kotlin-d8-r8-versions
WARNING: D8: An error occurred when parsing kotlin metadata. This normally happens when using a newer version of kotlin than the kotlin version released when this version of R8 was created. To find compatible kotlin versions, please see: https://developer.android.com/studio/build/kotlin-d8-r8-versions
WARNING: D8: An error occurred when parsing kotlin metadata. This normally happens when using a newer version of kotlin than the kotlin version released when this version of R8 was created. To find compatible kotlin versions, please see: https://developer.android.com/studio/build/kotlin-d8-r8-versions
WARNING: D8: An error occurred when parsing kotlin metadata. This normally happens when using a newer version of kotlin than the kotlin version released when this version of R8 was created. To find compatible kotlin versions, please see: https://developer.android.com/studio/build/kotlin-d8-r8-versions
WARNING: D8: An error occurred when parsing kotlin metadata. This normally happens when using a newer version of kotlin than the kotlin version released when this version of R8 was created. To find compatible kotlin versions, please see: https://developer.android.com/studio/build/kotlin-d8-r8-versions
WARNING: D8: An error occurred when parsing kotlin metadata. This normally happens when using a newer version of kotlin than the kotlin version released when this version of R8 was created. To find compatible kotlin versions, please see: https://developer.android.com/studio/build/kotlin-d8-r8-versions
WARNING: D8: An error occurred when parsing kotlin metadata. This normally happens when using a newer version of kotlin than the kotlin version released when this version of R8 was created. To find compatible kotlin versions, please see: https://developer.android.com/studio/build/kotlin-d8-r8-versions
WARNING: D8: An error occurred when parsing kotlin metadata. This normally happens when using a newer version of kotlin than the kotlin version released when this version of R8 was created. To find compatible kotlin versions, please see: https://developer.android.com/studio/build/kotlin-d8-r8-versions
WARNING: D8: An error occurred when parsing kotlin metadata. This normally happens when using a newer version of kotlin than the kotlin version released when this version of R8 was created. To find compatible kotlin versions, please see: https://developer.android.com/studio/build/kotlin-d8-r8-versions
WARNING: D8: An error occurred when parsing kotlin metadata. This normally happens when using a newer version of kotlin than the kotlin version released when this version of R8 was created. To find compatible kotlin versions, please see: https://developer.android.com/studio/build/kotlin-d8-r8-versions
WARNING: D8: An error occurred when parsing kotlin metadata. This normally happens when using a newer version of kotlin than the kotlin version released when this version of R8 was created. To find compatible kotlin versions, please see: https://developer.android.com/studio/build/kotlin-d8-r8-versions
WARNING: D8: An error occurred when parsing kotlin metadata. This normally happens when using a newer version of kotlin than the kotlin version released when this version of R8 was created. To find compatible kotlin versions, please see: https://developer.android.com/studio/build/kotlin-d8-r8-versions
WARNING: D8: An error occurred when parsing kotlin metadata. This normally happens when using a newer version of kotlin than the kotlin version released when this version of R8 was created. To find compatible kotlin versions, please see: https://developer.android.com/studio/build/kotlin-d8-r8-versions
WARNING: D8: An error occurred when parsing kotlin metadata. This normally happens when using a newer version of kotlin than the kotlin version released when this version of R8 was created. To find compatible kotlin versions, please see: https://developer.android.com/studio/build/kotlin-d8-r8-versions
WARNING: D8: An error occurred when parsing kotlin metadata. This normally happens when using a newer version of kotlin than the kotlin version released when this version of R8 was created. To find compatible kotlin versions, please see: https://developer.android.com/studio/build/kotlin-d8-r8-versions
WARNING: D8: An error occurred when parsing kotlin metadata. This normally happens when using a newer version of kotlin than the kotlin version released when this version of R8 was created. To find compatible kotlin versions, please see: https://developer.android.com/studio/build/kotlin-d8-r8-versions
WARNING: D8: An error occurred when parsing kotlin metadata. This normally happens when using a newer version of kotlin than the kotlin version released when this version of R8 was created. To find compatible kotlin versions, please see: https://developer.android.com/studio/build/kotlin-d8-r8-versions
WARNING: D8: An error occurred when parsing kotlin metadata. This normally happens when using a newer version of kotlin than the kotlin version released when this version of R8 was created. To find compatible kotlin versions, please see: https://developer.android.com/studio/build/kotlin-d8-r8-versions
WARNING: D8: An error occurred when parsing kotlin metadata. This normally happens when using a newer version of kotlin than the kotlin version released when this version of R8 was created. To find compatible kotlin versions, please see: https://developer.android.com/studio/build/kotlin-d8-r8-versions
WARNING: D8: An error occurred when parsing kotlin metadata. This normally happens when using a newer version of kotlin than the kotlin version released when this version of R8 was created. To find compatible kotlin versions, please see: https://developer.android.com/studio/build/kotlin-d8-r8-versions
WARNING: D8: An error occurred when parsing kotlin metadata. This normally happens when using a newer version of kotlin than the kotlin version released when this version of R8 was created. To find compatible kotlin versions, please see: https://developer.android.com/studio/build/kotlin-d8-r8-versions
WARNING: D8: An error occurred when parsing kotlin metadata. This normally happens when using a newer version of kotlin than the kotlin version released when this version of R8 was created. To find compatible kotlin versions, please see: https://developer.android.com/studio/build/kotlin-d8-r8-versions
WARNING: D8: An error occurred when parsing kotlin metadata. This normally happens when using a newer version of kotlin than the kotlin version released when this version of R8 was created. To find compatible kotlin versions, please see: https://developer.android.com/studio/build/kotlin-d8-r8-versions
WARNING: D8: An error occurred when parsing kotlin metadata. This normally happens when using a newer version of kotlin than the kotlin version released when this version of R8 was created. To find compatible kotlin versions, please see: https://developer.android.com/studio/build/kotlin-d8-r8-versions
WARNING: D8: An error occurred when parsing kotlin metadata. This normally happens when using a newer version of kotlin than the kotlin version released when this version of R8 was created. To find compatible kotlin versions, please see: https://developer.android.com/studio/build/kotlin-d8-r8-versions
WARNING: D8: An error occurred when parsing kotlin metadata. This normally happens when using a newer version of kotlin than the kotlin version released when this version of R8 was created. To find compatible kotlin versions, please see: https://developer.android.com/studio/build/kotlin-d8-r8-versions
WARNING: D8: An error occurred when parsing kotlin metadata. This normally happens when using a newer version of kotlin than the kotlin version released when this version of R8 was created. To find compatible kotlin versions, please see: https://developer.android.com/studio/build/kotlin-d8-r8-versions
WARNING: D8: An error occurred when parsing kotlin metadata. This normally happens when using a newer version of kotlin than the kotlin version released when this version of R8 was created. To find compatible kotlin versions, please see: https://developer.android.com/studio/build/kotlin-d8-r8-versions
WARNING: D8: An error occurred when parsing kotlin metadata. This normally happens when using a newer version of kotlin than the kotlin version released when this version of R8 was created. To find compatible kotlin versions, please see: https://developer.android.com/studio/build/kotlin-d8-r8-versions
WARNING: D8: An error occurred when parsing kotlin metadata. This normally happens when using a newer version of kotlin than the kotlin version released when this version of R8 was created. To find compatible kotlin versions, please see: https://developer.android.com/studio/build/kotlin-d8-r8-versions
WARNING: D8: An error occurred when parsing kotlin metadata. This normally happens when using a newer version of kotlin than the kotlin version released when this version of R8 was created. To find compatible kotlin versions, please see: https://developer.android.com/studio/build/kotlin-d8-r8-versions
WARNING: D8: An error occurred when parsing kotlin metadata. This normally happens when using a newer version of kotlin than the kotlin version released when this version of R8 was created. To find compatible kotlin versions, please see: https://developer.android.com/studio/build/kotlin-d8-r8-versions
WARNING: D8: An error occurred when parsing kotlin metadata. This normally happens when using a newer version of kotlin than the kotlin version released when this version of R8 was created. To find compatible kotlin versions, please see: https://developer.android.com/studio/build/kotlin-d8-r8-versions
WARNING: D8: An error occurred when parsing kotlin metadata. This normally happens when using a newer version of kotlin than the kotlin version released when this version of R8 was created. To find compatible kotlin versions, please see: https://developer.android.com/studio/build/kotlin-d8-r8-versions
WARNING: D8: An error occurred when parsing kotlin metadata. This normally happens when using a newer version of kotlin than the kotlin version released when this version of R8 was created. To find compatible kotlin versions, please see: https://developer.android.com/studio/build/kotlin-d8-r8-versions
WARNING: D8: An error occurred when parsing kotlin metadata. This normally happens when using a newer version of kotlin than the kotlin version released when this version of R8 was created. To find compatible kotlin versions, please see: https://developer.android.com/studio/build/kotlin-d8-r8-versions
WARNING: D8: An error occurred when parsing kotlin metadata. This normally happens when using a newer version of kotlin than the kotlin version released when this version of R8 was created. To find compatible kotlin versions, please see: https://developer.android.com/studio/build/kotlin-d8-r8-versions
WARNING: D8: An error occurred when parsing kotlin metadata. This normally happens when using a newer version of kotlin than the kotlin version released when this version of R8 was created. To find compatible kotlin versions, please see: https://developer.android.com/studio/build/kotlin-d8-r8-versions
WARNING: D8: An error occurred when parsing kotlin metadata. This normally happens when using a newer version of kotlin than the kotlin version released when this version of R8 was created. To find compatible kotlin versions, please see: https://developer.android.com/studio/build/kotlin-d8-r8-versions
WARNING: D8: An error occurred when parsing kotlin metadata. This normally happens when using a newer version of kotlin than the kotlin version released when this version of R8 was created. To find compatible kotlin versions, please see: https://developer.android.com/studio/build/kotlin-d8-r8-versions
WARNING: D8: An error occurred when parsing kotlin metadata. This normally happens when using a newer version of kotlin than the kotlin version released when this version of R8 was created. To find compatible kotlin versions, please see: https://developer.android.com/studio/build/kotlin-d8-r8-versions
WARNING: D8: An error occurred when parsing kotlin metadata. This normally happens when using a newer version of kotlin than the kotlin version released when this version of R8 was created. To find compatible kotlin versions, please see: https://developer.android.com/studio/build/kotlin-d8-r8-versions
WARNING: D8: An error occurred when parsing kotlin metadata. This normally happens when using a newer version of kotlin than the kotlin version released when this version of R8 was created. To find compatible kotlin versions, please see: https://developer.android.com/studio/build/kotlin-d8-r8-versions
WARNING: D8: An error occurred when parsing kotlin metadata. This normally happens when using a newer version of kotlin than the kotlin version released when this version of R8 was created. To find compatible kotlin versions, please see: https://developer.android.com/studio/build/kotlin-d8-r8-versions
WARNING: D8: An error occurred when parsing kotlin metadata. This normally happens when using a newer version of kotlin than the kotlin version released when this version of R8 was created. To find compatible kotlin versions, please see: https://developer.android.com/studio/build/kotlin-d8-r8-versions
WARNING: D8: An error occurred when parsing kotlin metadata. This normally happens when using a newer version of kotlin than the kotlin version released when this version of R8 was created. To find compatible kotlin versions, please see: https://developer.android.com/studio/build/kotlin-d8-r8-versions
WARNING: D8: An error occurred when parsing kotlin metadata. This normally happens when using a newer version of kotlin than the kotlin version released when this version of R8 was created. To find compatible kotlin versions, please see: https://developer.android.com/studio/build/kotlin-d8-r8-versions
WARNING: D8: An error occurred when parsing kotlin metadata. This normally happens when using a newer version of kotlin than the kotlin version released when this version of R8 was created. To find compatible kotlin versions, please see: https://developer.android.com/studio/build/kotlin-d8-r8-versions
WARNING: D8: An error occurred when parsing kotlin metadata. This normally happens when using a newer version of kotlin than the kotlin version released when this version of R8 was created. To find compatible kotlin versions, please see: https://developer.android.com/studio/build/kotlin-d8-r8-versions
WARNING: D8: An error occurred when parsing kotlin metadata. This normally happens when using a newer version of kotlin than the kotlin version released when this version of R8 was created. To find compatible kotlin versions, please see: https://developer.android.com/studio/build/kotlin-d8-r8-versions
WARNING: D8: An error occurred when parsing kotlin metadata. This normally happens when using a newer version of kotlin than the kotlin version released when this version of R8 was created. To find compatible kotlin versions, please see: https://developer.android.com/studio/build/kotlin-d8-r8-versions
WARNING: D8: An error occurred when parsing kotlin metadata. This normally happens when using a newer version of kotlin than the kotlin version released when this version of R8 was created. To find compatible kotlin versions, please see: https://developer.android.com/studio/build/kotlin-d8-r8-versions
WARNING: D8: An error occurred when parsing kotlin metadata. This normally happens when using a newer version of kotlin than the kotlin version released when this version of R8 was created. To find compatible kotlin versions, please see: https://developer.android.com/studio/build/kotlin-d8-r8-versions
WARNING: D8: An error occurred when parsing kotlin metadata. This normally happens when using a newer version of kotlin than the kotlin version released when this version of R8 was created. To find compatible kotlin versions, please see: https://developer.android.com/studio/build/kotlin-d8-r8-versions
WARNING: D8: An error occurred when parsing kotlin metadata. This normally happens when using a newer version of kotlin than the kotlin version released when this version of R8 was created. To find compatible kotlin versions, please see: https://developer.android.com/studio/build/kotlin-d8-r8-versions
WARNING: D8: An error occurred when parsing kotlin metadata. This normally happens when using a newer version of kotlin than the kotlin version released when this version of R8 was created. To find compatible kotlin versions, please see: https://developer.android.com/studio/build/kotlin-d8-r8-versions
WARNING: D8: An error occurred when parsing kotlin metadata. This normally happens when using a newer version of kotlin than the kotlin version released when this version of R8 was created. To find compatible kotlin versions, please see: https://developer.android.com/studio/build/kotlin-d8-r8-versions
WARNING: D8: An error occurred when parsing kotlin metadata. This normally happens when using a newer version of kotlin than the kotlin version released when this version of R8 was created. To find compatible kotlin versions, please see: https://developer.android.com/studio/build/kotlin-d8-r8-versions
WARNING: D8: An error occurred when parsing kotlin metadata. This normally happens when using a newer version of kotlin than the kotlin version released when this version of R8 was created. To find compatible kotlin versions, please see: https://developer.android.com/studio/build/kotlin-d8-r8-versions
WARNING: D8: An error occurred when parsing kotlin metadata. This normally happens when using a newer version of kotlin than the kotlin version released when this version of R8 was created. To find compatible kotlin versions, please see: https://developer.android.com/studio/build/kotlin-d8-r8-versions
WARNING: D8: An error occurred when parsing kotlin metadata. This normally happens when using a newer version of kotlin than the kotlin version released when this version of R8 was created. To find compatible kotlin versions, please see: https://developer.android.com/studio/build/kotlin-d8-r8-versions
WARNING: D8: An error occurred when parsing kotlin metadata. This normally happens when using a newer version of kotlin than the kotlin version released when this version of R8 was created. To find compatible kotlin versions, please see: https://developer.android.com/studio/build/kotlin-d8-r8-versions
WARNING: D8: An error occurred when parsing kotlin metadata. This normally happens when using a newer version of kotlin than the kotlin version released when this version of R8 was created. To find compatible kotlin versions, please see: https://developer.android.com/studio/build/kotlin-d8-r8-versions
WARNING: D8: An error occurred when parsing kotlin metadata. This normally happens when using a newer version of kotlin than the kotlin version released when this version of R8 was created. To find compatible kotlin versions, please see: https://developer.android.com/studio/build/kotlin-d8-r8-versions
WARNING: D8: An error occurred when parsing kotlin metadata. This normally happens when using a newer version of kotlin than the kotlin version released when this version of R8 was created. To find compatible kotlin versions, please see: https://developer.android.com/studio/build/kotlin-d8-r8-versions
WARNING: D8: An error occurred when parsing kotlin metadata. This normally happens when using a newer version of kotlin than the kotlin version released when this version of R8 was created. To find compatible kotlin versions, please see: https://developer.android.com/studio/build/kotlin-d8-r8-versions
WARNING: D8: An error occurred when parsing kotlin metadata. This normally happens when using a newer version of kotlin than the kotlin version released when this version of R8 was created. To find compatible kotlin versions, please see: https://developer.android.com/studio/build/kotlin-d8-r8-versions
WARNING: D8: An error occurred when parsing kotlin metadata. This normally happens when using a newer version of kotlin than the kotlin version released when this version of R8 was created. To find compatible kotlin versions, please see: https://developer.android.com/studio/build/kotlin-d8-r8-versions
WARNING: D8: An error occurred when parsing kotlin metadata. This normally happens when using a newer version of kotlin than the kotlin version released when this version of R8 was created. To find compatible kotlin versions, please see: https://developer.android.com/studio/build/kotlin-d8-r8-versions
WARNING: D8: An error occurred when parsing kotlin metadata. This normally happens when using a newer version of kotlin than the kotlin version released when this version of R8 was created. To find compatible kotlin versions, please see: https://developer.android.com/studio/build/kotlin-d8-r8-versions
WARNING: D8: An error occurred when parsing kotlin metadata. This normally happens when using a newer version of kotlin than the kotlin version released when this version of R8 was created. To find compatible kotlin versions, please see: https://developer.android.com/studio/build/kotlin-d8-r8-versions
WARNING: D8: An error occurred when parsing kotlin metadata. This normally happens when using a newer version of kotlin than the kotlin version released when this version of R8 was created. To find compatible kotlin versions, please see: https://developer.android.com/studio/build/kotlin-d8-r8-versions
WARNING: D8: An error occurred when parsing kotlin metadata. This normally happens when using a newer version of kotlin than the kotlin version released when this version of R8 was created. To find compatible kotlin versions, please see: https://developer.android.com/studio/build/kotlin-d8-r8-versions
WARNING: D8: An error occurred when parsing kotlin metadata. This normally happens when using a newer version of kotlin than the kotlin version released when this version of R8 was created. To find compatible kotlin versions, please see: https://developer.android.com/studio/build/kotlin-d8-r8-versions
WARNING: D8: An error occurred when parsing kotlin metadata. This normally happens when using a newer version of kotlin than the kotlin version released when this version of R8 was created. To find compatible kotlin versions, please see: https://developer.android.com/studio/build/kotlin-d8-r8-versions
WARNING: D8: An error occurred when parsing kotlin metadata. This normally happens when using a newer version of kotlin than the kotlin version released when this version of R8 was created. To find compatible kotlin versions, please see: https://developer.android.com/studio/build/kotlin-d8-r8-versions
WARNING: D8: An error occurred when parsing kotlin metadata. This normally happens when using a newer version of kotlin than the kotlin version released when this version of R8 was created. To find compatible kotlin versions, please see: https://developer.android.com/studio/build/kotlin-d8-r8-versions
WARNING: D8: An error occurred when parsing kotlin metadata. This normally happens when using a newer version of kotlin than the kotlin version released when this version of R8 was created. To find compatible kotlin versions, please see: https://developer.android.com/studio/build/kotlin-d8-r8-versions
WARNING: D8: An error occurred when parsing kotlin metadata. This normally happens when using a newer version of kotlin than the kotlin version released when this version of R8 was created. To find compatible kotlin versions, please see: https://developer.android.com/studio/build/kotlin-d8-r8-versions
WARNING: D8: An error occurred when parsing kotlin metadata. This normally happens when using a newer version of kotlin than the kotlin version released when this version of R8 was created. To find compatible kotlin versions, please see: https://developer.android.com/studio/build/kotlin-d8-r8-versions
WARNING: D8: An error occurred when parsing kotlin metadata. This normally happens when using a newer version of kotlin than the kotlin version released when this version of R8 was created. To find compatible kotlin versions, please see: https://developer.android.com/studio/build/kotlin-d8-r8-versions
WARNING: D8: An error occurred when parsing kotlin metadata. This normally happens when using a newer version of kotlin than the kotlin version released when this version of R8 was created. To find compatible kotlin versions, please see: https://developer.android.com/studio/build/kotlin-d8-r8-versions
WARNING: D8: An error occurred when parsing kotlin metadata. This normally happens when using a newer version of kotlin than the kotlin version released when this version of R8 was created. To find compatible kotlin versions, please see: https://developer.android.com/studio/build/kotlin-d8-r8-versions
WARNING: D8: An error occurred when parsing kotlin metadata. This normally happens when using a newer version of kotlin than the kotlin version released when this version of R8 was created. To find compatible kotlin versions, please see: https://developer.android.com/studio/build/kotlin-d8-r8-versions
WARNING: D8: An error occurred when parsing kotlin metadata. This normally happens when using a newer version of kotlin than the kotlin version released when this version of R8 was created. To find compatible kotlin versions, please see: https://developer.android.com/studio/build/kotlin-d8-r8-versions
WARNING: D8: An error occurred when parsing kotlin metadata. This normally happens when using a newer version of kotlin than the kotlin version released when this version of R8 was created. To find compatible kotlin versions, please see: https://developer.android.com/studio/build/kotlin-d8-r8-versions
WARNING: D8: An error occurred when parsing kotlin metadata. This normally happens when using a newer version of kotlin than the kotlin version released when this version of R8 was created. To find compatible kotlin versions, please see: https://developer.android.com/studio/build/kotlin-d8-r8-versions
WARNING: D8: An error occurred when parsing kotlin metadata. This normally happens when using a newer version of kotlin than the kotlin version released when this version of R8 was created. To find compatible kotlin versions, please see: https://developer.android.com/studio/build/kotlin-d8-r8-versions
WARNING: D8: An error occurred when parsing kotlin metadata. This normally happens when using a newer version of kotlin than the kotlin version released when this version of R8 was created. To find compatible kotlin versions, please see: https://developer.android.com/studio/build/kotlin-d8-r8-versions
WARNING: D8: An error occurred when parsing kotlin metadata. This normally happens when using a newer version of kotlin than the kotlin version released when this version of R8 was created. To find compatible kotlin versions, please see: https://developer.android.com/studio/build/kotlin-d8-r8-versions
WARNING: D8: An error occurred when parsing kotlin metadata. This normally happens when using a newer version of kotlin than the kotlin version released when this version of R8 was created. To find compatible kotlin versions, please see: https://developer.android.com/studio/build/kotlin-d8-r8-versions
WARNING: D8: An error occurred when parsing kotlin metadata. This normally happens when using a newer version of kotlin than the kotlin version released when this version of R8 was created. To find compatible kotlin versions, please see: https://developer.android.com/studio/build/kotlin-d8-r8-versions
WARNING: D8: An error occurred when parsing kotlin metadata. This normally happens when using a newer version of kotlin than the kotlin version released when this version of R8 was created. To find compatible kotlin versions, please see: https://developer.android.com/studio/build/kotlin-d8-r8-versions
WARNING: D8: An error occurred when parsing kotlin metadata. This normally happens when using a newer version of kotlin than the kotlin version released when this version of R8 was created. To find compatible kotlin versions, please see: https://developer.android.com/studio/build/kotlin-d8-r8-versions
WARNING: D8: An error occurred when parsing kotlin metadata. This normally happens when using a newer version of kotlin than the kotlin version released when this version of R8 was created. To find compatible kotlin versions, please see: https://developer.android.com/studio/build/kotlin-d8-r8-versions
WARNING: D8: An error occurred when parsing kotlin metadata. This normally happens when using a newer version of kotlin than the kotlin version released when this version of R8 was created. To find compatible kotlin versions, please see: https://developer.android.com/studio/build/kotlin-d8-r8-versions
WARNING: D8: An error occurred when parsing kotlin metadata. This normally happens when using a newer version of kotlin than the kotlin version released when this version of R8 was created. To find compatible kotlin versions, please see: https://developer.android.com/studio/build/kotlin-d8-r8-versions
WARNING: D8: An error occurred when parsing kotlin metadata. This normally happens when using a newer version of kotlin than the kotlin version released when this version of R8 was created. To find compatible kotlin versions, please see: https://developer.android.com/studio/build/kotlin-d8-r8-versions
WARNING: D8: An error occurred when parsing kotlin metadata. This normally happens when using a newer version of kotlin than the kotlin version released when this version of R8 was created. To find compatible kotlin versions, please see: https://developer.android.com/studio/build/kotlin-d8-r8-versions
WARNING: D8: An error occurred when parsing kotlin metadata. This normally happens when using a newer version of kotlin than the kotlin version released when this version of R8 was created. To find compatible kotlin versions, please see: https://developer.android.com/studio/build/kotlin-d8-r8-versions
WARNING: D8: An error occurred when parsing kotlin metadata. This normally happens when using a newer version of kotlin than the kotlin version released when this version of R8 was created. To find compatible kotlin versions, please see: https://developer.android.com/studio/build/kotlin-d8-r8-versions
WARNING: D8: An error occurred when parsing kotlin metadata. This normally happens when using a newer version of kotlin than the kotlin version released when this version of R8 was created. To find compatible kotlin versions, please see: https://developer.android.com/studio/build/kotlin-d8-r8-versions
WARNING: D8: An error occurred when parsing kotlin metadata. This normally happens when using a newer version of kotlin than the kotlin version released when this version of R8 was created. To find compatible kotlin versions, please see: https://developer.android.com/studio/build/kotlin-d8-r8-versions
WARNING: D8: An error occurred when parsing kotlin metadata. This normally happens when using a newer version of kotlin than the kotlin version released when this version of R8 was created. To find compatible kotlin versions, please see: https://developer.android.com/studio/build/kotlin-d8-r8-versions
WARNING: D8: An error occurred when parsing kotlin metadata. This normally happens when using a newer version of kotlin than the kotlin version released when this version of R8 was created. To find compatible kotlin versions, please see: https://developer.android.com/studio/build/kotlin-d8-r8-versions
WARNING: D8: An error occurred when parsing kotlin metadata. This normally happens when using a newer version of kotlin than the kotlin version released when this version of R8 was created. To find compatible kotlin versions, please see: https://developer.android.com/studio/build/kotlin-d8-r8-versions
WARNING: D8: An error occurred when parsing kotlin metadata. This normally happens when using a newer version of kotlin than the kotlin version released when this version of R8 was created. To find compatible kotlin versions, please see: https://developer.android.com/studio/build/kotlin-d8-r8-versions
WARNING: D8: An error occurred when parsing kotlin metadata. This normally happens when using a newer version of kotlin than the kotlin version released when this version of R8 was created. To find compatible kotlin versions, please see: https://developer.android.com/studio/build/kotlin-d8-r8-versions
WARNING: D8: An error occurred when parsing kotlin metadata. This normally happens when using a newer version of kotlin than the kotlin version released when this version of R8 was created. To find compatible kotlin versions, please see: https://developer.android.com/studio/build/kotlin-d8-r8-versions
WARNING: D8: An error occurred when parsing kotlin metadata. This normally happens when using a newer version of kotlin than the kotlin version released when this version of R8 was created. To find compatible kotlin versions, please see: https://developer.android.com/studio/build/kotlin-d8-r8-versions
WARNING: D8: An error occurred when parsing kotlin metadata. This normally happens when using a newer version of kotlin than the kotlin version released when this version of R8 was created. To find compatible kotlin versions, please see: https://developer.android.com/studio/build/kotlin-d8-r8-versions
WARNING: D8: An error occurred when parsing kotlin metadata. This normally happens when using a newer version of kotlin than the kotlin version released when this version of R8 was created. To find compatible kotlin versions, please see: https://developer.android.com/studio/build/kotlin-d8-r8-versions
WARNING: D8: An error occurred when parsing kotlin metadata. This normally happens when using a newer version of kotlin than the kotlin version released when this version of R8 was created. To find compatible kotlin versions, please see: https://developer.android.com/studio/build/kotlin-d8-r8-versions
WARNING: D8: An error occurred when parsing kotlin metadata. This normally happens when using a newer version of kotlin than the kotlin version released when this version of R8 was created. To find compatible kotlin versions, please see: https://developer.android.com/studio/build/kotlin-d8-r8-versions
WARNING: D8: An error occurred when parsing kotlin metadata. This normally happens when using a newer version of kotlin than the kotlin version released when this version of R8 was created. To find compatible kotlin versions, please see: https://developer.android.com/studio/build/kotlin-d8-r8-versions
WARNING: D8: An error occurred when parsing kotlin metadata. This normally happens when using a newer version of kotlin than the kotlin version released when this version of R8 was created. To find compatible kotlin versions, please see: https://developer.android.com/studio/build/kotlin-d8-r8-versions
WARNING: D8: An error occurred when parsing kotlin metadata. This normally happens when using a newer version of kotlin than the kotlin version released when this version of R8 was created. To find compatible kotlin versions, please see: https://developer.android.com/studio/build/kotlin-d8-r8-versions
WARNING: D8: An error occurred when parsing kotlin metadata. This normally happens when using a newer version of kotlin than the kotlin version released when this version of R8 was created. To find compatible kotlin versions, please see: https://developer.android.com/studio/build/kotlin-d8-r8-versions
WARNING: D8: An error occurred when parsing kotlin metadata. This normally happens when using a newer version of kotlin than the kotlin version released when this version of R8 was created. To find compatible kotlin versions, please see: https://developer.android.com/studio/build/kotlin-d8-r8-versions
WARNING: D8: An error occurred when parsing kotlin metadata. This normally happens when using a newer version of kotlin than the kotlin version released when this version of R8 was created. To find compatible kotlin versions, please see: https://developer.android.com/studio/build/kotlin-d8-r8-versions
WARNING: D8: An error occurred when parsing kotlin metadata. This normally happens when using a newer version of kotlin than the kotlin version released when this version of R8 was created. To find compatible kotlin versions, please see: https://developer.android.com/studio/build/kotlin-d8-r8-versions
WARNING: D8: An error occurred when parsing kotlin metadata. This normally happens when using a newer version of kotlin than the kotlin version released when this version of R8 was created. To find compatible kotlin versions, please see: https://developer.android.com/studio/build/kotlin-d8-r8-versions
WARNING: D8: An error occurred when parsing kotlin metadata. This normally happens when using a newer version of kotlin than the kotlin version released when this version of R8 was created. To find compatible kotlin versions, please see: https://developer.android.com/studio/build/kotlin-d8-r8-versions
WARNING: D8: An error occurred when parsing kotlin metadata. This normally happens when using a newer version of kotlin than the kotlin version released when this version of R8 was created. To find compatible kotlin versions, please see: https://developer.android.com/studio/build/kotlin-d8-r8-versions
WARNING: D8: An error occurred when parsing kotlin metadata. This normally happens when using a newer version of kotlin than the kotlin version released when this version of R8 was created. To find compatible kotlin versions, please see: https://developer.android.com/studio/build/kotlin-d8-r8-versions
WARNING: D8: An error occurred when parsing kotlin metadata. This normally happens when using a newer version of kotlin than the kotlin version released when this version of R8 was created. To find compatible kotlin versions, please see: https://developer.android.com/studio/build/kotlin-d8-r8-versions
WARNING: D8: An error occurred when parsing kotlin metadata. This normally happens when using a newer version of kotlin than the kotlin version released when this version of R8 was created. To find compatible kotlin versions, please see: https://developer.android.com/studio/build/kotlin-d8-r8-versions
WARNING: D8: An error occurred when parsing kotlin metadata. This normally happens when using a newer version of kotlin than the kotlin version released when this version of R8 was created. To find compatible kotlin versions, please see: https://developer.android.com/studio/build/kotlin-d8-r8-versions
WARNING: D8: An error occurred when parsing kotlin metadata. This normally happens when using a newer version of kotlin than the kotlin version released when this version of R8 was created. To find compatible kotlin versions, please see: https://developer.android.com/studio/build/kotlin-d8-r8-versions
WARNING: D8: An error occurred when parsing kotlin metadata. This normally happens when using a newer version of kotlin than the kotlin version released when this version of R8 was created. To find compatible kotlin versions, please see: https://developer.android.com/studio/build/kotlin-d8-r8-versions
WARNING: D8: An error occurred when parsing kotlin metadata. This normally happens when using a newer version of kotlin than the kotlin version released when this version of R8 was created. To find compatible kotlin versions, please see: https://developer.android.com/studio/build/kotlin-d8-r8-versions
WARNING: D8: An error occurred when parsing kotlin metadata. This normally happens when using a newer version of kotlin than the kotlin version released when this version of R8 was created. To find compatible kotlin versions, please see: https://developer.android.com/studio/build/kotlin-d8-r8-versions
WARNING: D8: An error occurred when parsing kotlin metadata. This normally happens when using a newer version of kotlin than the kotlin version released when this version of R8 was created. To find compatible kotlin versions, please see: https://developer.android.com/studio/build/kotlin-d8-r8-versions
WARNING: D8: An error occurred when parsing kotlin metadata. This normally happens when using a newer version of kotlin than the kotlin version released when this version of R8 was created. To find compatible kotlin versions, please see: https://developer.android.com/studio/build/kotlin-d8-r8-versions
WARNING: D8: An error occurred when parsing kotlin metadata. This normally happens when using a newer version of kotlin than the kotlin version released when this version of R8 was created. To find compatible kotlin versions, please see: https://developer.android.com/studio/build/kotlin-d8-r8-versions
WARNING: D8: An error occurred when parsing kotlin metadata. This normally happens when using a newer version of kotlin than the kotlin version released when this version of R8 was created. To find compatible kotlin versions, please see: https://developer.android.com/studio/build/kotlin-d8-r8-versions
WARNING: D8: An error occurred when parsing kotlin metadata. This normally happens when using a newer version of kotlin than the kotlin version released when this version of R8 was created. To find compatible kotlin versions, please see: https://developer.android.com/studio/build/kotlin-d8-r8-versions
WARNING: D8: An error occurred when parsing kotlin metadata. This normally happens when using a newer version of kotlin than the kotlin version released when this version of R8 was created. To find compatible kotlin versions, please see: https://developer.android.com/studio/build/kotlin-d8-r8-versions
WARNING: D8: An error occurred when parsing kotlin metadata. This normally happens when using a newer version of kotlin than the kotlin version released when this version of R8 was created. To find compatible kotlin versions, please see: https://developer.android.com/studio/build/kotlin-d8-r8-versions
WARNING: D8: An error occurred when parsing kotlin metadata. This normally happens when using a newer version of kotlin than the kotlin version released when this version of R8 was created. To find compatible kotlin versions, please see: https://developer.android.com/studio/build/kotlin-d8-r8-versions
WARNING: D8: An error occurred when parsing kotlin metadata. This normally happens when using a newer version of kotlin than the kotlin version released when this version of R8 was created. To find compatible kotlin versions, please see: https://developer.android.com/studio/build/kotlin-d8-r8-versions
WARNING: D8: An error occurred when parsing kotlin metadata. This normally happens when using a newer version of kotlin than the kotlin version released when this version of R8 was created. To find compatible kotlin versions, please see: https://developer.android.com/studio/build/kotlin-d8-r8-versions
WARNING: D8: An error occurred when parsing kotlin metadata. This normally happens when using a newer version of kotlin than the kotlin version released when this version of R8 was created. To find compatible kotlin versions, please see: https://developer.android.com/studio/build/kotlin-d8-r8-versions
WARNING: D8: An error occurred when parsing kotlin metadata. This normally happens when using a newer version of kotlin than the kotlin version released when this version of R8 was created. To find compatible kotlin versions, please see: https://developer.android.com/studio/build/kotlin-d8-r8-versions
WARNING: D8: An error occurred when parsing kotlin metadata. This normally happens when using a newer version of kotlin than the kotlin version released when this version of R8 was created. To find compatible kotlin versions, please see: https://developer.android.com/studio/build/kotlin-d8-r8-versions
WARNING: D8: An error occurred when parsing kotlin metadata. This normally happens when using a newer version of kotlin than the kotlin version released when this version of R8 was created. To find compatible kotlin versions, please see: https://developer.android.com/studio/build/kotlin-d8-r8-versions
WARNING: D8: An error occurred when parsing kotlin metadata. This normally happens when using a newer version of kotlin than the kotlin version released when this version of R8 was created. To find compatible kotlin versions, please see: https://developer.android.com/studio/build/kotlin-d8-r8-versions
WARNING: D8: An error occurred when parsing kotlin metadata. This normally happens when using a newer version of kotlin than the kotlin version released when this version of R8 was created. To find compatible kotlin versions, please see: https://developer.android.com/studio/build/kotlin-d8-r8-versions
WARNING: D8: An error occurred when parsing kotlin metadata. This normally happens when using a newer version of kotlin than the kotlin version released when this version of R8 was created. To find compatible kotlin versions, please see: https://developer.android.com/studio/build/kotlin-d8-r8-versions
WARNING: D8: An error occurred when parsing kotlin metadata. This normally happens when using a newer version of kotlin than the kotlin version released when this version of R8 was created. To find compatible kotlin versions, please see: https://developer.android.com/studio/build/kotlin-d8-r8-versions
WARNING: D8: An error occurred when parsing kotlin metadata. This normally happens when using a newer version of kotlin than the kotlin version released when this version of R8 was created. To find compatible kotlin versions, please see: https://developer.android.com/studio/build/kotlin-d8-r8-versions
WARNING: D8: An error occurred when parsing kotlin metadata. This normally happens when using a newer version of kotlin than the kotlin version released when this version of R8 was created. To find compatible kotlin versions, please see: https://developer.android.com/studio/build/kotlin-d8-r8-versions
WARNING: D8: An error occurred when parsing kotlin metadata. This normally happens when using a newer version of kotlin than the kotlin version released when this version of R8 was created. To find compatible kotlin versions, please see: https://developer.android.com/studio/build/kotlin-d8-r8-versions
WARNING: D8: An error occurred when parsing kotlin metadata. This normally happens when using a newer version of kotlin than the kotlin version released when this version of R8 was created. To find compatible kotlin versions, please see: https://developer.android.com/studio/build/kotlin-d8-r8-versions
WARNING: D8: An error occurred when parsing kotlin metadata. This normally happens when using a newer version of kotlin than the kotlin version released when this version of R8 was created. To find compatible kotlin versions, please see: https://developer.android.com/studio/build/kotlin-d8-r8-versions
WARNING: D8: An error occurred when parsing kotlin metadata. This normally happens when using a newer version of kotlin than the kotlin version released when this version of R8 was created. To find compatible kotlin versions, please see: https://developer.android.com/studio/build/kotlin-d8-r8-versions
WARNING: D8: An error occurred when parsing kotlin metadata. This normally happens when using a newer version of kotlin than the kotlin version released when this version of R8 was created. To find compatible kotlin versions, please see: https://developer.android.com/studio/build/kotlin-d8-r8-versions
WARNING: D8: An error occurred when parsing kotlin metadata. This normally happens when using a newer version of kotlin than the kotlin version released when this version of R8 was created. To find compatible kotlin versions, please see: https://developer.android.com/studio/build/kotlin-d8-r8-versions
WARNING: D8: An error occurred when parsing kotlin metadata. This normally happens when using a newer version of kotlin than the kotlin version released when this version of R8 was created. To find compatible kotlin versions, please see: https://developer.android.com/studio/build/kotlin-d8-r8-versions
WARNING: D8: An error occurred when parsing kotlin metadata. This normally happens when using a newer version of kotlin than the kotlin version released when this version of R8 was created. To find compatible kotlin versions, please see: https://developer.android.com/studio/build/kotlin-d8-r8-versions
WARNING: D8: An error occurred when parsing kotlin metadata. This normally happens when using a newer version of kotlin than the kotlin version released when this version of R8 was created. To find compatible kotlin versions, please see: https://developer.android.com/studio/build/kotlin-d8-r8-versions
WARNING: D8: An error occurred when parsing kotlin metadata. This normally happens when using a newer version of kotlin than the kotlin version released when this version of R8 was created. To find compatible kotlin versions, please see: https://developer.android.com/studio/build/kotlin-d8-r8-versions
WARNING: D8: An error occurred when parsing kotlin metadata. This normally happens when using a newer version of kotlin than the kotlin version released when this version of R8 was created. To find compatible kotlin versions, please see: https://developer.android.com/studio/build/kotlin-d8-r8-versions
WARNING: D8: An error occurred when parsing kotlin metadata. This normally happens when using a newer version of kotlin than the kotlin version released when this version of R8 was created. To find compatible kotlin versions, please see: https://developer.android.com/studio/build/kotlin-d8-r8-versions
WARNING: D8: An error occurred when parsing kotlin metadata. This normally happens when using a newer version of kotlin than the kotlin version released when this version of R8 was created. To find compatible kotlin versions, please see: https://developer.android.com/studio/build/kotlin-d8-r8-versions
WARNING: D8: An error occurred when parsing kotlin metadata. This normally happens when using a newer version of kotlin than the kotlin version released when this version of R8 was created. To find compatible kotlin versions, please see: https://developer.android.com/studio/build/kotlin-d8-r8-versions
WARNING: D8: An error occurred when parsing kotlin metadata. This normally happens when using a newer version of kotlin than the kotlin version released when this version of R8 was created. To find compatible kotlin versions, please see: https://developer.android.com/studio/build/kotlin-d8-r8-versions
WARNING: D8: An error occurred when parsing kotlin metadata. This normally happens when using a newer version of kotlin than the kotlin version released when this version of R8 was created. To find compatible kotlin versions, please see: https://developer.android.com/studio/build/kotlin-d8-r8-versions
WARNING: D8: An error occurred when parsing kotlin metadata. This normally happens when using a newer version of kotlin than the kotlin version released when this version of R8 was created. To find compatible kotlin versions, please see: https://developer.android.com/studio/build/kotlin-d8-r8-versions
WARNING: D8: An error occurred when parsing kotlin metadata. This normally happens when using a newer version of kotlin than the kotlin version released when this version of R8 was created. To find compatible kotlin versions, please see: https://developer.android.com/studio/build/kotlin-d8-r8-versions
WARNING: D8: An error occurred when parsing kotlin metadata. This normally happens when using a newer version of kotlin than the kotlin version released when this version of R8 was created. To find compatible kotlin versions, please see: https://developer.android.com/studio/build/kotlin-d8-r8-versions
WARNING: D8: An error occurred when parsing kotlin metadata. This normally happens when using a newer version of kotlin than the kotlin version released when this version of R8 was created. To find compatible kotlin versions, please see: https://developer.android.com/studio/build/kotlin-d8-r8-versions
WARNING: D8: An error occurred when parsing kotlin metadata. This normally happens when using a newer version of kotlin than the kotlin version released when this version of R8 was created. To find compatible kotlin versions, please see: https://developer.android.com/studio/build/kotlin-d8-r8-versions
WARNING: D8: An error occurred when parsing kotlin metadata. This normally happens when using a newer version of kotlin than the kotlin version released when this version of R8 was created. To find compatible kotlin versions, please see: https://developer.android.com/studio/build/kotlin-d8-r8-versions
WARNING: D8: An error occurred when parsing kotlin metadata. This normally happens when using a newer version of kotlin than the kotlin version released when this version of R8 was created. To find compatible kotlin versions, please see: https://developer.android.com/studio/build/kotlin-d8-r8-versions
WARNING: D8: An error occurred when parsing kotlin metadata. This normally happens when using a newer version of kotlin than the kotlin version released when this version of R8 was created. To find compatible kotlin versions, please see: https://developer.android.com/studio/build/kotlin-d8-r8-versions
WARNING: D8: An error occurred when parsing kotlin metadata. This normally happens when using a newer version of kotlin than the kotlin version released when this version of R8 was created. To find compatible kotlin versions, please see: https://developer.android.com/studio/build/kotlin-d8-r8-versions
WARNING: D8: An error occurred when parsing kotlin metadata. This normally happens when using a newer version of kotlin than the kotlin version released when this version of R8 was created. To find compatible kotlin versions, please see: https://developer.android.com/studio/build/kotlin-d8-r8-versions
WARNING: D8: An error occurred when parsing kotlin metadata. This normally happens when using a newer version of kotlin than the kotlin version released when this version of R8 was created. To find compatible kotlin versions, please see: https://developer.android.com/studio/build/kotlin-d8-r8-versions
WARNING: D8: An error occurred when parsing kotlin metadata. This normally happens when using a newer version of kotlin than the kotlin version released when this version of R8 was created. To find compatible kotlin versions, please see: https://developer.android.com/studio/build/kotlin-d8-r8-versions
WARNING: D8: An error occurred when parsing kotlin metadata. This normally happens when using a newer version of kotlin than the kotlin version released when this version of R8 was created. To find compatible kotlin versions, please see: https://developer.android.com/studio/build/kotlin-d8-r8-versions
WARNING: D8: An error occurred when parsing kotlin metadata. This normally happens when using a newer version of kotlin than the kotlin version released when this version of R8 was created. To find compatible kotlin versions, please see: https://developer.android.com/studio/build/kotlin-d8-r8-versions
WARNING: D8: An error occurred when parsing kotlin metadata. This normally happens when using a newer version of kotlin than the kotlin version released when this version of R8 was created. To find compatible kotlin versions, please see: https://developer.android.com/studio/build/kotlin-d8-r8-versions
WARNING: D8: An error occurred when parsing kotlin metadata. This normally happens when using a newer version of kotlin than the kotlin version released when this version of R8 was created. To find compatible kotlin versions, please see: https://developer.android.com/studio/build/kotlin-d8-r8-versions
WARNING: D8: An error occurred when parsing kotlin metadata. This normally happens when using a newer version of kotlin than the kotlin version released when this version of R8 was created. To find compatible kotlin versions, please see: https://developer.android.com/studio/build/kotlin-d8-r8-versions
WARNING: D8: An error occurred when parsing kotlin metadata. This normally happens when using a newer version of kotlin than the kotlin version released when this version of R8 was created. To find compatible kotlin versions, please see: https://developer.android.com/studio/build/kotlin-d8-r8-versions
WARNING: D8: An error occurred when parsing kotlin metadata. This normally happens when using a newer version of kotlin than the kotlin version released when this version of R8 was created. To find compatible kotlin versions, please see: https://developer.android.com/studio/build/kotlin-d8-r8-versions
WARNING: D8: An error occurred when parsing kotlin metadata. This normally happens when using a newer version of kotlin than the kotlin version released when this version of R8 was created. To find compatible kotlin versions, please see: https://developer.android.com/studio/build/kotlin-d8-r8-versions
WARNING: D8: An error occurred when parsing kotlin metadata. This normally happens when using a newer version of kotlin than the kotlin version released when this version of R8 was created. To find compatible kotlin versions, please see: https://developer.android.com/studio/build/kotlin-d8-r8-versions
WARNING: D8: An error occurred when parsing kotlin metadata. This normally happens when using a newer version of kotlin than the kotlin version released when this version of R8 was created. To find compatible kotlin versions, please see: https://developer.android.com/studio/build/kotlin-d8-r8-versions
WARNING: D8: An error occurred when parsing kotlin metadata. This normally happens when using a newer version of kotlin than the kotlin version released when this version of R8 was created. To find compatible kotlin versions, please see: https://developer.android.com/studio/build/kotlin-d8-r8-versions
WARNING: D8: An error occurred when parsing kotlin metadata. This normally happens when using a newer version of kotlin than the kotlin version released when this version of R8 was created. To find compatible kotlin versions, please see: https://developer.android.com/studio/build/kotlin-d8-r8-versions
WARNING: D8: An error occurred when parsing kotlin metadata. This normally happens when using a newer version of kotlin than the kotlin version released when this version of R8 was created. To find compatible kotlin versions, please see: https://developer.android.com/studio/build/kotlin-d8-r8-versions
WARNING: D8: An error occurred when parsing kotlin metadata. This normally happens when using a newer version of kotlin than the kotlin version released when this version of R8 was created. To find compatible kotlin versions, please see: https://developer.android.com/studio/build/kotlin-d8-r8-versions
WARNING: D8: An error occurred when parsing kotlin metadata. This normally happens when using a newer version of kotlin than the kotlin version released when this version of R8 was created. To find compatible kotlin versions, please see: https://developer.android.com/studio/build/kotlin-d8-r8-versions
WARNING: D8: An error occurred when parsing kotlin metadata. This normally happens when using a newer version of kotlin than the kotlin version released when this version of R8 was created. To find compatible kotlin versions, please see: https://developer.android.com/studio/build/kotlin-d8-r8-versions
WARNING: D8: An error occurred when parsing kotlin metadata. This normally happens when using a newer version of kotlin than the kotlin version released when this version of R8 was created. To find compatible kotlin versions, please see: https://developer.android.com/studio/build/kotlin-d8-r8-versions
WARNING: D8: An error occurred when parsing kotlin metadata. This normally happens when using a newer version of kotlin than the kotlin version released when this version of R8 was created. To find compatible kotlin versions, please see: https://developer.android.com/studio/build/kotlin-d8-r8-versions
WARNING: D8: An error occurred when parsing kotlin metadata. This normally happens when using a newer version of kotlin than the kotlin version released when this version of R8 was created. To find compatible kotlin versions, please see: https://developer.android.com/studio/build/kotlin-d8-r8-versions
WARNING: D8: An error occurred when parsing kotlin metadata. This normally happens when using a newer version of kotlin than the kotlin version released when this version of R8 was created. To find compatible kotlin versions, please see: https://developer.android.com/studio/build/kotlin-d8-r8-versions
WARNING: D8: An error occurred when parsing kotlin metadata. This normally happens when using a newer version of kotlin than the kotlin version released when this version of R8 was created. To find compatible kotlin versions, please see: https://developer.android.com/studio/build/kotlin-d8-r8-versions
WARNING: D8: An error occurred when parsing kotlin metadata. This normally happens when using a newer version of kotlin than the kotlin version released when this version of R8 was created. To find compatible kotlin versions, please see: https://developer.android.com/studio/build/kotlin-d8-r8-versions
WARNING: D8: An error occurred when parsing kotlin metadata. This normally happens when using a newer version of kotlin than the kotlin version released when this version of R8 was created. To find compatible kotlin versions, please see: https://developer.android.com/studio/build/kotlin-d8-r8-versions
WARNING: D8: An error occurred when parsing kotlin metadata. This normally happens when using a newer version of kotlin than the kotlin version released when this version of R8 was created. To find compatible kotlin versions, please see: https://developer.android.com/studio/build/kotlin-d8-r8-versions
WARNING: D8: An error occurred when parsing kotlin metadata. This normally happens when using a newer version of kotlin than the kotlin version released when this version of R8 was created. To find compatible kotlin versions, please see: https://developer.android.com/studio/build/kotlin-d8-r8-versions
WARNING: D8: An error occurred when parsing kotlin metadata. This normally happens when using a newer version of kotlin than the kotlin version released when this version of R8 was created. To find compatible kotlin versions, please see: https://developer.android.com/studio/build/kotlin-d8-r8-versions
WARNING: D8: An error occurred when parsing kotlin metadata. This normally happens when using a newer version of kotlin than the kotlin version released when this version of R8 was created. To find compatible kotlin versions, please see: https://developer.android.com/studio/build/kotlin-d8-r8-versions
WARNING: D8: An error occurred when parsing kotlin metadata. This normally happens when using a newer version of kotlin than the kotlin version released when this version of R8 was created. To find compatible kotlin versions, please see: https://developer.android.com/studio/build/kotlin-d8-r8-versions
WARNING: D8: An error occurred when parsing kotlin metadata. This normally happens when using a newer version of kotlin than the kotlin version released when this version of R8 was created. To find compatible kotlin versions, please see: https://developer.android.com/studio/build/kotlin-d8-r8-versions
WARNING: D8: An error occurred when parsing kotlin metadata. This normally happens when using a newer version of kotlin than the kotlin version released when this version of R8 was created. To find compatible kotlin versions, please see: https://developer.android.com/studio/build/kotlin-d8-r8-versions
WARNING: D8: An error occurred when parsing kotlin metadata. This normally happens when using a newer version of kotlin than the kotlin version released when this version of R8 was created. To find compatible kotlin versions, please see: https://developer.android.com/studio/build/kotlin-d8-r8-versions
WARNING: D8: An error occurred when parsing kotlin metadata. This normally happens when using a newer version of kotlin than the kotlin version released when this version of R8 was created. To find compatible kotlin versions, please see: https://developer.android.com/studio/build/kotlin-d8-r8-versions
WARNING: D8: An error occurred when parsing kotlin metadata. This normally happens when using a newer version of kotlin than the kotlin version released when this version of R8 was created. To find compatible kotlin versions, please see: https://developer.android.com/studio/build/kotlin-d8-r8-versions
WARNING: D8: An error occurred when parsing kotlin metadata. This normally happens when using a newer version of kotlin than the kotlin version released when this version of R8 was created. To find compatible kotlin versions, please see: https://developer.android.com/studio/build/kotlin-d8-r8-versions
WARNING: D8: An error occurred when parsing kotlin metadata. This normally happens when using a newer version of kotlin than the kotlin version released when this version of R8 was created. To find compatible kotlin versions, please see: https://developer.android.com/studio/build/kotlin-d8-r8-versions
WARNING: D8: An error occurred when parsing kotlin metadata. This normally happens when using a newer version of kotlin than the kotlin version released when this version of R8 was created. To find compatible kotlin versions, please see: https://developer.android.com/studio/build/kotlin-d8-r8-versions
WARNING: D8: An error occurred when parsing kotlin metadata. This normally happens when using a newer version of kotlin than the kotlin version released when this version of R8 was created. To find compatible kotlin versions, please see: https://developer.android.com/studio/build/kotlin-d8-r8-versions
WARNING: D8: An error occurred when parsing kotlin metadata. This normally happens when using a newer version of kotlin than the kotlin version released when this version of R8 was created. To find compatible kotlin versions, please see: https://developer.android.com/studio/build/kotlin-d8-r8-versions
WARNING: D8: An error occurred when parsing kotlin metadata. This normally happens when using a newer version of kotlin than the kotlin version released when this version of R8 was created. To find compatible kotlin versions, please see: https://developer.android.com/studio/build/kotlin-d8-r8-versions
WARNING: D8: An error occurred when parsing kotlin metadata. This normally happens when using a newer version of kotlin than the kotlin version released when this version of R8 was created. To find compatible kotlin versions, please see: https://developer.android.com/studio/build/kotlin-d8-r8-versions
WARNING: D8: An error occurred when parsing kotlin metadata. This normally happens when using a newer version of kotlin than the kotlin version released when this version of R8 was created. To find compatible kotlin versions, please see: https://developer.android.com/studio/build/kotlin-d8-r8-versions
WARNING: D8: An error occurred when parsing kotlin metadata. This normally happens when using a newer version of kotlin than the kotlin version released when this version of R8 was created. To find compatible kotlin versions, please see: https://developer.android.com/studio/build/kotlin-d8-r8-versions
WARNING: D8: An error occurred when parsing kotlin metadata. This normally happens when using a newer version of kotlin than the kotlin version released when this version of R8 was created. To find compatible kotlin versions, please see: https://developer.android.com/studio/build/kotlin-d8-r8-versions
WARNING: D8: An error occurred when parsing kotlin metadata. This normally happens when using a newer version of kotlin than the kotlin version released when this version of R8 was created. To find compatible kotlin versions, please see: https://developer.android.com/studio/build/kotlin-d8-r8-versions
WARNING: D8: An error occurred when parsing kotlin metadata. This normally happens when using a newer version of kotlin than the kotlin version released when this version of R8 was created. To find compatible kotlin versions, please see: https://developer.android.com/studio/build/kotlin-d8-r8-versions
WARNING: D8: An error occurred when parsing kotlin metadata. This normally happens when using a newer version of kotlin than the kotlin version released when this version of R8 was created. To find compatible kotlin versions, please see: https://developer.android.com/studio/build/kotlin-d8-r8-versions
WARNING: D8: An error occurred when parsing kotlin metadata. This normally happens when using a newer version of kotlin than the kotlin version released when this version of R8 was created. To find compatible kotlin versions, please see: https://developer.android.com/studio/build/kotlin-d8-r8-versions
WARNING: D8: An error occurred when parsing kotlin metadata. This normally happens when using a newer version of kotlin than the kotlin version released when this version of R8 was created. To find compatible kotlin versions, please see: https://developer.android.com/studio/build/kotlin-d8-r8-versions
WARNING: D8: An error occurred when parsing kotlin metadata. This normally happens when using a newer version of kotlin than the kotlin version released when this version of R8 was created. To find compatible kotlin versions, please see: https://developer.android.com/studio/build/kotlin-d8-r8-versions
WARNING: D8: An error occurred when parsing kotlin metadata. This normally happens when using a newer version of kotlin than the kotlin version released when this version of R8 was created. To find compatible kotlin versions, please see: https://developer.android.com/studio/build/kotlin-d8-r8-versions
WARNING: D8: An error occurred when parsing kotlin metadata. This normally happens when using a newer version of kotlin than the kotlin version released when this version of R8 was created. To find compatible kotlin versions, please see: https://developer.android.com/studio/build/kotlin-d8-r8-versions
WARNING: D8: An error occurred when parsing kotlin metadata. This normally happens when using a newer version of kotlin than the kotlin version released when this version of R8 was created. To find compatible kotlin versions, please see: https://developer.android.com/studio/build/kotlin-d8-r8-versions
WARNING: D8: An error occurred when parsing kotlin metadata. This normally happens when using a newer version of kotlin than the kotlin version released when this version of R8 was created. To find compatible kotlin versions, please see: https://developer.android.com/studio/build/kotlin-d8-r8-versions
WARNING: D8: An error occurred when parsing kotlin metadata. This normally happens when using a newer version of kotlin than the kotlin version released when this version of R8 was created. To find compatible kotlin versions, please see: https://developer.android.com/studio/build/kotlin-d8-r8-versions
WARNING: D8: An error occurred when parsing kotlin metadata. This normally happens when using a newer version of kotlin than the kotlin version released when this version of R8 was created. To find compatible kotlin versions, please see: https://developer.android.com/studio/build/kotlin-d8-r8-versions
WARNING: D8: An error occurred when parsing kotlin metadata. This normally happens when using a newer version of kotlin than the kotlin version released when this version of R8 was created. To find compatible kotlin versions, please see: https://developer.android.com/studio/build/kotlin-d8-r8-versions
WARNING: D8: An error occurred when parsing kotlin metadata. This normally happens when using a newer version of kotlin than the kotlin version released when this version of R8 was created. To find compatible kotlin versions, please see: https://developer.android.com/studio/build/kotlin-d8-r8-versions
WARNING: D8: An error occurred when parsing kotlin metadata. This normally happens when using a newer version of kotlin than the kotlin version released when this version of R8 was created. To find compatible kotlin versions, please see: https://developer.android.com/studio/build/kotlin-d8-r8-versions
WARNING: D8: An error occurred when parsing kotlin metadata. This normally happens when using a newer version of kotlin than the kotlin version released when this version of R8 was created. To find compatible kotlin versions, please see: https://developer.android.com/studio/build/kotlin-d8-r8-versions
WARNING: D8: An error occurred when parsing kotlin metadata. This normally happens when using a newer version of kotlin than the kotlin version released when this version of R8 was created. To find compatible kotlin versions, please see: https://developer.android.com/studio/build/kotlin-d8-r8-versions
WARNING: D8: An error occurred when parsing kotlin metadata. This normally happens when using a newer version of kotlin than the kotlin version released when this version of R8 was created. To find compatible kotlin versions, please see: https://developer.android.com/studio/build/kotlin-d8-r8-versions
WARNING: D8: An error occurred when parsing kotlin metadata. This normally happens when using a newer version of kotlin than the kotlin version released when this version of R8 was created. To find compatible kotlin versions, please see: https://developer.android.com/studio/build/kotlin-d8-r8-versions
WARNING: D8: An error occurred when parsing kotlin metadata. This normally happens when using a newer version of kotlin than the kotlin version released when this version of R8 was created. To find compatible kotlin versions, please see: https://developer.android.com/studio/build/kotlin-d8-r8-versions
WARNING: D8: An error occurred when parsing kotlin metadata. This normally happens when using a newer version of kotlin than the kotlin version released when this version of R8 was created. To find compatible kotlin versions, please see: https://developer.android.com/studio/build/kotlin-d8-r8-versions
WARNING: D8: An error occurred when parsing kotlin metadata. This normally happens when using a newer version of kotlin than the kotlin version released when this version of R8 was created. To find compatible kotlin versions, please see: https://developer.android.com/studio/build/kotlin-d8-r8-versions
WARNING: D8: An error occurred when parsing kotlin metadata. This normally happens when using a newer version of kotlin than the kotlin version released when this version of R8 was created. To find compatible kotlin versions, please see: https://developer.android.com/studio/build/kotlin-d8-r8-versions
WARNING: D8: An error occurred when parsing kotlin metadata. This normally happens when using a newer version of kotlin than the kotlin version released when this version of R8 was created. To find compatible kotlin versions, please see: https://developer.android.com/studio/build/kotlin-d8-r8-versions
WARNING: D8: An error occurred when parsing kotlin metadata. This normally happens when using a newer version of kotlin than the kotlin version released when this version of R8 was created. To find compatible kotlin versions, please see: https://developer.android.com/studio/build/kotlin-d8-r8-versions
WARNING: D8: An error occurred when parsing kotlin metadata. This normally happens when using a newer version of kotlin than the kotlin version released when this version of R8 was created. To find compatible kotlin versions, please see: https://developer.android.com/studio/build/kotlin-d8-r8-versions
WARNING: D8: An error occurred when parsing kotlin metadata. This normally happens when using a newer version of kotlin than the kotlin version released when this version of R8 was created. To find compatible kotlin versions, please see: https://developer.android.com/studio/build/kotlin-d8-r8-versions
WARNING: D8: An error occurred when parsing kotlin metadata. This normally happens when using a newer version of kotlin than the kotlin version released when this version of R8 was created. To find compatible kotlin versions, please see: https://developer.android.com/studio/build/kotlin-d8-r8-versions
WARNING: D8: An error occurred when parsing kotlin metadata. This normally happens when using a newer version of kotlin than the kotlin version released when this version of R8 was created. To find compatible kotlin versions, please see: https://developer.android.com/studio/build/kotlin-d8-r8-versions
WARNING: D8: An error occurred when parsing kotlin metadata. This normally happens when using a newer version of kotlin than the kotlin version released when this version of R8 was created. To find compatible kotlin versions, please see: https://developer.android.com/studio/build/kotlin-d8-r8-versions
WARNING: D8: An error occurred when parsing kotlin metadata. This normally happens when using a newer version of kotlin than the kotlin version released when this version of R8 was created. To find compatible kotlin versions, please see: https://developer.android.com/studio/build/kotlin-d8-r8-versions
WARNING: D8: An error occurred when parsing kotlin metadata. This normally happens when using a newer version of kotlin than the kotlin version released when this version of R8 was created. To find compatible kotlin versions, please see: https://developer.android.com/studio/build/kotlin-d8-r8-versions
WARNING: D8: An error occurred when parsing kotlin metadata. This normally happens when using a newer version of kotlin than the kotlin version released when this version of R8 was created. To find compatible kotlin versions, please see: https://developer.android.com/studio/build/kotlin-d8-r8-versions
WARNING: D8: An error occurred when parsing kotlin metadata. This normally happens when using a newer version of kotlin than the kotlin version released when this version of R8 was created. To find compatible kotlin versions, please see: https://developer.android.com/studio/build/kotlin-d8-r8-versions
WARNING: D8: An error occurred when parsing kotlin metadata. This normally happens when using a newer version of kotlin than the kotlin version released when this version of R8 was created. To find compatible kotlin versions, please see: https://developer.android.com/studio/build/kotlin-d8-r8-versions
WARNING: D8: An error occurred when parsing kotlin metadata. This normally happens when using a newer version of kotlin than the kotlin version released when this version of R8 was created. To find compatible kotlin versions, please see: https://developer.android.com/studio/build/kotlin-d8-r8-versions
WARNING: D8: An error occurred when parsing kotlin metadata. This normally happens when using a newer version of kotlin than the kotlin version released when this version of R8 was created. To find compatible kotlin versions, please see: https://developer.android.com/studio/build/kotlin-d8-r8-versions
WARNING: D8: An error occurred when parsing kotlin metadata. This normally happens when using a newer version of kotlin than the kotlin version released when this version of R8 was created. To find compatible kotlin versions, please see: https://developer.android.com/studio/build/kotlin-d8-r8-versions
WARNING: D8: An error occurred when parsing kotlin metadata. This normally happens when using a newer version of kotlin than the kotlin version released when this version of R8 was created. To find compatible kotlin versions, please see: https://developer.android.com/studio/build/kotlin-d8-r8-versions
WARNING: D8: An error occurred when parsing kotlin metadata. This normally happens when using a newer version of kotlin than the kotlin version released when this version of R8 was created. To find compatible kotlin versions, please see: https://developer.android.com/studio/build/kotlin-d8-r8-versions
WARNING: D8: An error occurred when parsing kotlin metadata. This normally happens when using a newer version of kotlin than the kotlin version released when this version of R8 was created. To find compatible kotlin versions, please see: https://developer.android.com/studio/build/kotlin-d8-r8-versions
WARNING: D8: An error occurred when parsing kotlin metadata. This normally happens when using a newer version of kotlin than the kotlin version released when this version of R8 was created. To find compatible kotlin versions, please see: https://developer.android.com/studio/build/kotlin-d8-r8-versions
WARNING: D8: An error occurred when parsing kotlin metadata. This normally happens when using a newer version of kotlin than the kotlin version released when this version of R8 was created. To find compatible kotlin versions, please see: https://developer.android.com/studio/build/kotlin-d8-r8-versions
WARNING: D8: An error occurred when parsing kotlin metadata. This normally happens when using a newer version of kotlin than the kotlin version released when this version of R8 was created. To find compatible kotlin versions, please see: https://developer.android.com/studio/build/kotlin-d8-r8-versions
WARNING: D8: An error occurred when parsing kotlin metadata. This normally happens when using a newer version of kotlin than the kotlin version released when this version of R8 was created. To find compatible kotlin versions, please see: https://developer.android.com/studio/build/kotlin-d8-r8-versions
WARNING: D8: An error occurred when parsing kotlin metadata. This normally happens when using a newer version of kotlin than the kotlin version released when this version of R8 was created. To find compatible kotlin versions, please see: https://developer.android.com/studio/build/kotlin-d8-r8-versions
WARNING: D8: An error occurred when parsing kotlin metadata. This normally happens when using a newer version of kotlin than the kotlin version released when this version of R8 was created. To find compatible kotlin versions, please see: https://developer.android.com/studio/build/kotlin-d8-r8-versions
WARNING: D8: An error occurred when parsing kotlin metadata. This normally happens when using a newer version of kotlin than the kotlin version released when this version of R8 was created. To find compatible kotlin versions, please see: https://developer.android.com/studio/build/kotlin-d8-r8-versions
WARNING: D8: An error occurred when parsing kotlin metadata. This normally happens when using a newer version of kotlin than the kotlin version released when this version of R8 was created. To find compatible kotlin versions, please see: https://developer.android.com/studio/build/kotlin-d8-r8-versions
WARNING: D8: An error occurred when parsing kotlin metadata. This normally happens when using a newer version of kotlin than the kotlin version released when this version of R8 was created. To find compatible kotlin versions, please see: https://developer.android.com/studio/build/kotlin-d8-r8-versions
WARNING: D8: An error occurred when parsing kotlin metadata. This normally happens when using a newer version of kotlin than the kotlin version released when this version of R8 was created. To find compatible kotlin versions, please see: https://developer.android.com/studio/build/kotlin-d8-r8-versions
WARNING: D8: An error occurred when parsing kotlin metadata. This normally happens when using a newer version of kotlin than the kotlin version released when this version of R8 was created. To find compatible kotlin versions, please see: https://developer.android.com/studio/build/kotlin-d8-r8-versions
WARNING: D8: An error occurred when parsing kotlin metadata. This normally happens when using a newer version of kotlin than the kotlin version released when this version of R8 was created. To find compatible kotlin versions, please see: https://developer.android.com/studio/build/kotlin-d8-r8-versions
WARNING: D8: An error occurred when parsing kotlin metadata. This normally happens when using a newer version of kotlin than the kotlin version released when this version of R8 was created. To find compatible kotlin versions, please see: https://developer.android.com/studio/build/kotlin-d8-r8-versions
WARNING: D8: An error occurred when parsing kotlin metadata. This normally happens when using a newer version of kotlin than the kotlin version released when this version of R8 was created. To find compatible kotlin versions, please see: https://developer.android.com/studio/build/kotlin-d8-r8-versions
WARNING: D8: An error occurred when parsing kotlin metadata. This normally happens when using a newer version of kotlin than the kotlin version released when this version of R8 was created. To find compatible kotlin versions, please see: https://developer.android.com/studio/build/kotlin-d8-r8-versions
WARNING: D8: An error occurred when parsing kotlin metadata. This normally happens when using a newer version of kotlin than the kotlin version released when this version of R8 was created. To find compatible kotlin versions, please see: https://developer.android.com/studio/build/kotlin-d8-r8-versions
WARNING: D8: An error occurred when parsing kotlin metadata. This normally happens when using a newer version of kotlin than the kotlin version released when this version of R8 was created. To find compatible kotlin versions, please see: https://developer.android.com/studio/build/kotlin-d8-r8-versions
WARNING: D8: An error occurred when parsing kotlin metadata. This normally happens when using a newer version of kotlin than the kotlin version released when this version of R8 was created. To find compatible kotlin versions, please see: https://developer.android.com/studio/build/kotlin-d8-r8-versions
WARNING: D8: An error occurred when parsing kotlin metadata. This normally happens when using a newer version of kotlin than the kotlin version released when this version of R8 was created. To find compatible kotlin versions, please see: https://developer.android.com/studio/build/kotlin-d8-r8-versions
WARNING: D8: An error occurred when parsing kotlin metadata. This normally happens when using a newer version of kotlin than the kotlin version released when this version of R8 was created. To find compatible kotlin versions, please see: https://developer.android.com/studio/build/kotlin-d8-r8-versions
WARNING: D8: An error occurred when parsing kotlin metadata. This normally happens when using a newer version of kotlin than the kotlin version released when this version of R8 was created. To find compatible kotlin versions, please see: https://developer.android.com/studio/build/kotlin-d8-r8-versions
WARNING: D8: An error occurred when parsing kotlin metadata. This normally happens when using a newer version of kotlin than the kotlin version released when this version of R8 was created. To find compatible kotlin versions, please see: https://developer.android.com/studio/build/kotlin-d8-r8-versions
WARNING: D8: An error occurred when parsing kotlin metadata. This normally happens when using a newer version of kotlin than the kotlin version released when this version of R8 was created. To find compatible kotlin versions, please see: https://developer.android.com/studio/build/kotlin-d8-r8-versions
WARNING: D8: An error occurred when parsing kotlin metadata. This normally happens when using a newer version of kotlin than the kotlin version released when this version of R8 was created. To find compatible kotlin versions, please see: https://developer.android.com/studio/build/kotlin-d8-r8-versions
WARNING: D8: An error occurred when parsing kotlin metadata. This normally happens when using a newer version of kotlin than the kotlin version released when this version of R8 was created. To find compatible kotlin versions, please see: https://developer.android.com/studio/build/kotlin-d8-r8-versions
WARNING: D8: An error occurred when parsing kotlin metadata. This normally happens when using a newer version of kotlin than the kotlin version released when this version of R8 was created. To find compatible kotlin versions, please see: https://developer.android.com/studio/build/kotlin-d8-r8-versions
WARNING: D8: An error occurred when parsing kotlin metadata. This normally happens when using a newer version of kotlin than the kotlin version released when this version of R8 was created. To find compatible kotlin versions, please see: https://developer.android.com/studio/build/kotlin-d8-r8-versions
WARNING: D8: An error occurred when parsing kotlin metadata. This normally happens when using a newer version of kotlin than the kotlin version released when this version of R8 was created. To find compatible kotlin versions, please see: https://developer.android.com/studio/build/kotlin-d8-r8-versions
WARNING: D8: An error occurred when parsing kotlin metadata. This normally happens when using a newer version of kotlin than the kotlin version released when this version of R8 was created. To find compatible kotlin versions, please see: https://developer.android.com/studio/build/kotlin-d8-r8-versions
WARNING: D8: An error occurred when parsing kotlin metadata. This normally happens when using a newer version of kotlin than the kotlin version released when this version of R8 was created. To find compatible kotlin versions, please see: https://developer.android.com/studio/build/kotlin-d8-r8-versions
WARNING: D8: An error occurred when parsing kotlin metadata. This normally happens when using a newer version of kotlin than the kotlin version released when this version of R8 was created. To find compatible kotlin versions, please see: https://developer.android.com/studio/build/kotlin-d8-r8-versions
WARNING: D8: An error occurred when parsing kotlin metadata. This normally happens when using a newer version of kotlin than the kotlin version released when this version of R8 was created. To find compatible kotlin versions, please see: https://developer.android.com/studio/build/kotlin-d8-r8-versions
WARNING: D8: An error occurred when parsing kotlin metadata. This normally happens when using a newer version of kotlin than the kotlin version released when this version of R8 was created. To find compatible kotlin versions, please see: https://developer.android.com/studio/build/kotlin-d8-r8-versions
WARNING: D8: An error occurred when parsing kotlin metadata. This normally happens when using a newer version of kotlin than the kotlin version released when this version of R8 was created. To find compatible kotlin versions, please see: https://developer.android.com/studio/build/kotlin-d8-r8-versions
WARNING: D8: An error occurred when parsing kotlin metadata. This normally happens when using a newer version of kotlin than the kotlin version released when this version of R8 was created. To find compatible kotlin versions, please see: https://developer.android.com/studio/build/kotlin-d8-r8-versions
WARNING: D8: An error occurred when parsing kotlin metadata. This normally happens when using a newer version of kotlin than the kotlin version released when this version of R8 was created. To find compatible kotlin versions, please see: https://developer.android.com/studio/build/kotlin-d8-r8-versions
WARNING: D8: An error occurred when parsing kotlin metadata. This normally happens when using a newer version of kotlin than the kotlin version released when this version of R8 was created. To find compatible kotlin versions, please see: https://developer.android.com/studio/build/kotlin-d8-r8-versions
WARNING: D8: An error occurred when parsing kotlin metadata. This normally happens when using a newer version of kotlin than the kotlin version released when this version of R8 was created. To find compatible kotlin versions, please see: https://developer.android.com/studio/build/kotlin-d8-r8-versions
WARNING: D8: An error occurred when parsing kotlin metadata. This normally happens when using a newer version of kotlin than the kotlin version released when this version of R8 was created. To find compatible kotlin versions, please see: https://developer.android.com/studio/build/kotlin-d8-r8-versions
WARNING: D8: An error occurred when parsing kotlin metadata. This normally happens when using a newer version of kotlin than the kotlin version released when this version of R8 was created. To find compatible kotlin versions, please see: https://developer.android.com/studio/build/kotlin-d8-r8-versions
WARNING: D8: An error occurred when parsing kotlin metadata. This normally happens when using a newer version of kotlin than the kotlin version released when this version of R8 was created. To find compatible kotlin versions, please see: https://developer.android.com/studio/build/kotlin-d8-r8-versions
WARNING: D8: An error occurred when parsing kotlin metadata. This normally happens when using a newer version of kotlin than the kotlin version released when this version of R8 was created. To find compatible kotlin versions, please see: https://developer.android.com/studio/build/kotlin-d8-r8-versions
WARNING: D8: An error occurred when parsing kotlin metadata. This normally happens when using a newer version of kotlin than the kotlin version released when this version of R8 was created. To find compatible kotlin versions, please see: https://developer.android.com/studio/build/kotlin-d8-r8-versions
WARNING: D8: An error occurred when parsing kotlin metadata. This normally happens when using a newer version of kotlin than the kotlin version released when this version of R8 was created. To find compatible kotlin versions, please see: https://developer.android.com/studio/build/kotlin-d8-r8-versions
WARNING: D8: An error occurred when parsing kotlin metadata. This normally happens when using a newer version of kotlin than the kotlin version released when this version of R8 was created. To find compatible kotlin versions, please see: https://developer.android.com/studio/build/kotlin-d8-r8-versions
WARNING: D8: An error occurred when parsing kotlin metadata. This normally happens when using a newer version of kotlin than the kotlin version released when this version of R8 was created. To find compatible kotlin versions, please see: https://developer.android.com/studio/build/kotlin-d8-r8-versions
WARNING: D8: An error occurred when parsing kotlin metadata. This normally happens when using a newer version of kotlin than the kotlin version released when this version of R8 was created. To find compatible kotlin versions, please see: https://developer.android.com/studio/build/kotlin-d8-r8-versions
WARNING: D8: An error occurred when parsing kotlin metadata. This normally happens when using a newer version of kotlin than the kotlin version released when this version of R8 was created. To find compatible kotlin versions, please see: https://developer.android.com/studio/build/kotlin-d8-r8-versions
WARNING: D8: An error occurred when parsing kotlin metadata. This normally happens when using a newer version of kotlin than the kotlin version released when this version of R8 was created. To find compatible kotlin versions, please see: https://developer.android.com/studio/build/kotlin-d8-r8-versions
WARNING: D8: An error occurred when parsing kotlin metadata. This normally happens when using a newer version of kotlin than the kotlin version released when this version of R8 was created. To find compatible kotlin versions, please see: https://developer.android.com/studio/build/kotlin-d8-r8-versions
WARNING: D8: An error occurred when parsing kotlin metadata. This normally happens when using a newer version of kotlin than the kotlin version released when this version of R8 was created. To find compatible kotlin versions, please see: https://developer.android.com/studio/build/kotlin-d8-r8-versions
WARNING: D8: An error occurred when parsing kotlin metadata. This normally happens when using a newer version of kotlin than the kotlin version released when this version of R8 was created. To find compatible kotlin versions, please see: https://developer.android.com/studio/build/kotlin-d8-r8-versions
WARNING: D8: An error occurred when parsing kotlin metadata. This normally happens when using a newer version of kotlin than the kotlin version released when this version of R8 was created. To find compatible kotlin versions, please see: https://developer.android.com/studio/build/kotlin-d8-r8-versions
WARNING: D8: An error occurred when parsing kotlin metadata. This normally happens when using a newer version of kotlin than the kotlin version released when this version of R8 was created. To find compatible kotlin versions, please see: https://developer.android.com/studio/build/kotlin-d8-r8-versions
WARNING: D8: An error occurred when parsing kotlin metadata. This normally happens when using a newer version of kotlin than the kotlin version released when this version of R8 was created. To find compatible kotlin versions, please see: https://developer.android.com/studio/build/kotlin-d8-r8-versions
WARNING: D8: An error occurred when parsing kotlin metadata. This normally happens when using a newer version of kotlin than the kotlin version released when this version of R8 was created. To find compatible kotlin versions, please see: https://developer.android.com/studio/build/kotlin-d8-r8-versions
WARNING: D8: An error occurred when parsing kotlin metadata. This normally happens when using a newer version of kotlin than the kotlin version released when this version of R8 was created. To find compatible kotlin versions, please see: https://developer.android.com/studio/build/kotlin-d8-r8-versions
WARNING: D8: An error occurred when parsing kotlin metadata. This normally happens when using a newer version of kotlin than the kotlin version released when this version of R8 was created. To find compatible kotlin versions, please see: https://developer.android.com/studio/build/kotlin-d8-r8-versions
WARNING: D8: An error occurred when parsing kotlin metadata. This normally happens when using a newer version of kotlin than the kotlin version released when this version of R8 was created. To find compatible kotlin versions, please see: https://developer.android.com/studio/build/kotlin-d8-r8-versions
WARNING: D8: An error occurred when parsing kotlin metadata. This normally happens when using a newer version of kotlin than the kotlin version released when this version of R8 was created. To find compatible kotlin versions, please see: https://developer.android.com/studio/build/kotlin-d8-r8-versions
WARNING: D8: An error occurred when parsing kotlin metadata. This normally happens when using a newer version of kotlin than the kotlin version released when this version of R8 was created. To find compatible kotlin versions, please see: https://developer.android.com/studio/build/kotlin-d8-r8-versions
WARNING: D8: An error occurred when parsing kotlin metadata. This normally happens when using a newer version of kotlin than the kotlin version released when this version of R8 was created. To find compatible kotlin versions, please see: https://developer.android.com/studio/build/kotlin-d8-r8-versions
WARNING: D8: An error occurred when parsing kotlin metadata. This normally happens when using a newer version of kotlin than the kotlin version released when this version of R8 was created. To find compatible kotlin versions, please see: https://developer.android.com/studio/build/kotlin-d8-r8-versions
WARNING: D8: An error occurred when parsing kotlin metadata. This normally happens when using a newer version of kotlin than the kotlin version released when this version of R8 was created. To find compatible kotlin versions, please see: https://developer.android.com/studio/build/kotlin-d8-r8-versions
WARNING: D8: An error occurred when parsing kotlin metadata. This normally happens when using a newer version of kotlin than the kotlin version released when this version of R8 was created. To find compatible kotlin versions, please see: https://developer.android.com/studio/build/kotlin-d8-r8-versions
WARNING: D8: An error occurred when parsing kotlin metadata. This normally happens when using a newer version of kotlin than the kotlin version released when this version of R8 was created. To find compatible kotlin versions, please see: https://developer.android.com/studio/build/kotlin-d8-r8-versions
WARNING: D8: An error occurred when parsing kotlin metadata. This normally happens when using a newer version of kotlin than the kotlin version released when this version of R8 was created. To find compatible kotlin versions, please see: https://developer.android.com/studio/build/kotlin-d8-r8-versions
WARNING: D8: An error occurred when parsing kotlin metadata. This normally happens when using a newer version of kotlin than the kotlin version released when this version of R8 was created. To find compatible kotlin versions, please see: https://developer.android.com/studio/build/kotlin-d8-r8-versions
WARNING: D8: An error occurred when parsing kotlin metadata. This normally happens when using a newer version of kotlin than the kotlin version released when this version of R8 was created. To find compatible kotlin versions, please see: https://developer.android.com/studio/build/kotlin-d8-r8-versions
WARNING: D8: An error occurred when parsing kotlin metadata. This normally happens when using a newer version of kotlin than the kotlin version released when this version of R8 was created. To find compatible kotlin versions, please see: https://developer.android.com/studio/build/kotlin-d8-r8-versions
WARNING: D8: An error occurred when parsing kotlin metadata. This normally happens when using a newer version of kotlin than the kotlin version released when this version of R8 was created. To find compatible kotlin versions, please see: https://developer.android.com/studio/build/kotlin-d8-r8-versions
WARNING: D8: An error occurred when parsing kotlin metadata. This normally happens when using a newer version of kotlin than the kotlin version released when this version of R8 was created. To find compatible kotlin versions, please see: https://developer.android.com/studio/build/kotlin-d8-r8-versions
WARNING: D8: An error occurred when parsing kotlin metadata. This normally happens when using a newer version of kotlin than the kotlin version released when this version of R8 was created. To find compatible kotlin versions, please see: https://developer.android.com/studio/build/kotlin-d8-r8-versions
WARNING: D8: An error occurred when parsing kotlin metadata. This normally happens when using a newer version of kotlin than the kotlin version released when this version of R8 was created. To find compatible kotlin versions, please see: https://developer.android.com/studio/build/kotlin-d8-r8-versions
WARNING: D8: An error occurred when parsing kotlin metadata. This normally happens when using a newer version of kotlin than the kotlin version released when this version of R8 was created. To find compatible kotlin versions, please see: https://developer.android.com/studio/build/kotlin-d8-r8-versions
WARNING: D8: An error occurred when parsing kotlin metadata. This normally happens when using a newer version of kotlin than the kotlin version released when this version of R8 was created. To find compatible kotlin versions, please see: https://developer.android.com/studio/build/kotlin-d8-r8-versions
WARNING: D8: An error occurred when parsing kotlin metadata. This normally happens when using a newer version of kotlin than the kotlin version released when this version of R8 was created. To find compatible kotlin versions, please see: https://developer.android.com/studio/build/kotlin-d8-r8-versions
WARNING: D8: An error occurred when parsing kotlin metadata. This normally happens when using a newer version of kotlin than the kotlin version released when this version of R8 was created. To find compatible kotlin versions, please see: https://developer.android.com/studio/build/kotlin-d8-r8-versions
WARNING: D8: An error occurred when parsing kotlin metadata. This normally happens when using a newer version of kotlin than the kotlin version released when this version of R8 was created. To find compatible kotlin versions, please see: https://developer.android.com/studio/build/kotlin-d8-r8-versions
WARNING: D8: An error occurred when parsing kotlin metadata. This normally happens when using a newer version of kotlin than the kotlin version released when this version of R8 was created. To find compatible kotlin versions, please see: https://developer.android.com/studio/build/kotlin-d8-r8-versions
WARNING: D8: An error occurred when parsing kotlin metadata. This normally happens when using a newer version of kotlin than the kotlin version released when this version of R8 was created. To find compatible kotlin versions, please see: https://developer.android.com/studio/build/kotlin-d8-r8-versions
WARNING: D8: An error occurred when parsing kotlin metadata. This normally happens when using a newer version of kotlin than the kotlin version released when this version of R8 was created. To find compatible kotlin versions, please see: https://developer.android.com/studio/build/kotlin-d8-r8-versions
WARNING: D8: An error occurred when parsing kotlin metadata. This normally happens when using a newer version of kotlin than the kotlin version released when this version of R8 was created. To find compatible kotlin versions, please see: https://developer.android.com/studio/build/kotlin-d8-r8-versions
WARNING: D8: An error occurred when parsing kotlin metadata. This normally happens when using a newer version of kotlin than the kotlin version released when this version of R8 was created. To find compatible kotlin versions, please see: https://developer.android.com/studio/build/kotlin-d8-r8-versions
WARNING: D8: An error occurred when parsing kotlin metadata. This normally happens when using a newer version of kotlin than the kotlin version released when this version of R8 was created. To find compatible kotlin versions, please see: https://developer.android.com/studio/build/kotlin-d8-r8-versions
WARNING: D8: An error occurred when parsing kotlin metadata. This normally happens when using a newer version of kotlin than the kotlin version released when this version of R8 was created. To find compatible kotlin versions, please see: https://developer.android.com/studio/build/kotlin-d8-r8-versions
WARNING: D8: An error occurred when parsing kotlin metadata. This normally happens when using a newer version of kotlin than the kotlin version released when this version of R8 was created. To find compatible kotlin versions, please see: https://developer.android.com/studio/build/kotlin-d8-r8-versions
WARNING: D8: An error occurred when parsing kotlin metadata. This normally happens when using a newer version of kotlin than the kotlin version released when this version of R8 was created. To find compatible kotlin versions, please see: https://developer.android.com/studio/build/kotlin-d8-r8-versions
WARNING: D8: An error occurred when parsing kotlin metadata. This normally happens when using a newer version of kotlin than the kotlin version released when this version of R8 was created. To find compatible kotlin versions, please see: https://developer.android.com/studio/build/kotlin-d8-r8-versions
WARNING: D8: An error occurred when parsing kotlin metadata. This normally happens when using a newer version of kotlin than the kotlin version released when this version of R8 was created. To find compatible kotlin versions, please see: https://developer.android.com/studio/build/kotlin-d8-r8-versions
WARNING: D8: An error occurred when parsing kotlin metadata. This normally happens when using a newer version of kotlin than the kotlin version released when this version of R8 was created. To find compatible kotlin versions, please see: https://developer.android.com/studio/build/kotlin-d8-r8-versions
WARNING: D8: An error occurred when parsing kotlin metadata. This normally happens when using a newer version of kotlin than the kotlin version released when this version of R8 was created. To find compatible kotlin versions, please see: https://developer.android.com/studio/build/kotlin-d8-r8-versions
WARNING: D8: An error occurred when parsing kotlin metadata. This normally happens when using a newer version of kotlin than the kotlin version released when this version of R8 was created. To find compatible kotlin versions, please see: https://developer.android.com/studio/build/kotlin-d8-r8-versions
WARNING: D8: An error occurred when parsing kotlin metadata. This normally happens when using a newer version of kotlin than the kotlin version released when this version of R8 was created. To find compatible kotlin versions, please see: https://developer.android.com/studio/build/kotlin-d8-r8-versions
WARNING: D8: An error occurred when parsing kotlin metadata. This normally happens when using a newer version of kotlin than the kotlin version released when this version of R8 was created. To find compatible kotlin versions, please see: https://developer.android.com/studio/build/kotlin-d8-r8-versions
WARNING: D8: An error occurred when parsing kotlin metadata. This normally happens when using a newer version of kotlin than the kotlin version released when this version of R8 was created. To find compatible kotlin versions, please see: https://developer.android.com/studio/build/kotlin-d8-r8-versions
WARNING: D8: An error occurred when parsing kotlin metadata. This normally happens when using a newer version of kotlin than the kotlin version released when this version of R8 was created. To find compatible kotlin versions, please see: https://developer.android.com/studio/build/kotlin-d8-r8-versions
WARNING: D8: An error occurred when parsing kotlin metadata. This normally happens when using a newer version of kotlin than the kotlin version released when this version of R8 was created. To find compatible kotlin versions, please see: https://developer.android.com/studio/build/kotlin-d8-r8-versions
WARNING: D8: An error occurred when parsing kotlin metadata. This normally happens when using a newer version of kotlin than the kotlin version released when this version of R8 was created. To find compatible kotlin versions, please see: https://developer.android.com/studio/build/kotlin-d8-r8-versions
WARNING: D8: An error occurred when parsing kotlin metadata. This normally happens when using a newer version of kotlin than the kotlin version released when this version of R8 was created. To find compatible kotlin versions, please see: https://developer.android.com/studio/build/kotlin-d8-r8-versions
WARNING: D8: An error occurred when parsing kotlin metadata. This normally happens when using a newer version of kotlin than the kotlin version released when this version of R8 was created. To find compatible kotlin versions, please see: https://developer.android.com/studio/build/kotlin-d8-r8-versions
WARNING: D8: An error occurred when parsing kotlin metadata. This normally happens when using a newer version of kotlin than the kotlin version released when this version of R8 was created. To find compatible kotlin versions, please see: https://developer.android.com/studio/build/kotlin-d8-r8-versions
WARNING: D8: An error occurred when parsing kotlin metadata. This normally happens when using a newer version of kotlin than the kotlin version released when this version of R8 was created. To find compatible kotlin versions, please see: https://developer.android.com/studio/build/kotlin-d8-r8-versions
WARNING: D8: An error occurred when parsing kotlin metadata. This normally happens when using a newer version of kotlin than the kotlin version released when this version of R8 was created. To find compatible kotlin versions, please see: https://developer.android.com/studio/build/kotlin-d8-r8-versions
WARNING: D8: An error occurred when parsing kotlin metadata. This normally happens when using a newer version of kotlin than the kotlin version released when this version of R8 was created. To find compatible kotlin versions, please see: https://developer.android.com/studio/build/kotlin-d8-r8-versions
WARNING: D8: An error occurred when parsing kotlin metadata. This normally happens when using a newer version of kotlin than the kotlin version released when this version of R8 was created. To find compatible kotlin versions, please see: https://developer.android.com/studio/build/kotlin-d8-r8-versions
WARNING: D8: An error occurred when parsing kotlin metadata. This normally happens when using a newer version of kotlin than the kotlin version released when this version of R8 was created. To find compatible kotlin versions, please see: https://developer.android.com/studio/build/kotlin-d8-r8-versions
WARNING: D8: An error occurred when parsing kotlin metadata. This normally happens when using a newer version of kotlin than the kotlin version released when this version of R8 was created. To find compatible kotlin versions, please see: https://developer.android.com/studio/build/kotlin-d8-r8-versions
WARNING: D8: An error occurred when parsing kotlin metadata. This normally happens when using a newer version of kotlin than the kotlin version released when this version of R8 was created. To find compatible kotlin versions, please see: https://developer.android.com/studio/build/kotlin-d8-r8-versions
WARNING: D8: An error occurred when parsing kotlin metadata. This normally happens when using a newer version of kotlin than the kotlin version released when this version of R8 was created. To find compatible kotlin versions, please see: https://developer.android.com/studio/build/kotlin-d8-r8-versions
WARNING: D8: An error occurred when parsing kotlin metadata. This normally happens when using a newer version of kotlin than the kotlin version released when this version of R8 was created. To find compatible kotlin versions, please see: https://developer.android.com/studio/build/kotlin-d8-r8-versions
WARNING: D8: An error occurred when parsing kotlin metadata. This normally happens when using a newer version of kotlin than the kotlin version released when this version of R8 was created. To find compatible kotlin versions, please see: https://developer.android.com/studio/build/kotlin-d8-r8-versions
WARNING: D8: An error occurred when parsing kotlin metadata. This normally happens when using a newer version of kotlin than the kotlin version released when this version of R8 was created. To find compatible kotlin versions, please see: https://developer.android.com/studio/build/kotlin-d8-r8-versions
WARNING: D8: An error occurred when parsing kotlin metadata. This normally happens when using a newer version of kotlin than the kotlin version released when this version of R8 was created. To find compatible kotlin versions, please see: https://developer.android.com/studio/build/kotlin-d8-r8-versions
WARNING: D8: An error occurred when parsing kotlin metadata. This normally happens when using a newer version of kotlin than the kotlin version released when this version of R8 was created. To find compatible kotlin versions, please see: https://developer.android.com/studio/build/kotlin-d8-r8-versions
WARNING: D8: An error occurred when parsing kotlin metadata. This normally happens when using a newer version of kotlin than the kotlin version released when this version of R8 was created. To find compatible kotlin versions, please see: https://developer.android.com/studio/build/kotlin-d8-r8-versions
WARNING: D8: An error occurred when parsing kotlin metadata. This normally happens when using a newer version of kotlin than the kotlin version released when this version of R8 was created. To find compatible kotlin versions, please see: https://developer.android.com/studio/build/kotlin-d8-r8-versions
WARNING: D8: An error occurred when parsing kotlin metadata. This normally happens when using a newer version of kotlin than the kotlin version released when this version of R8 was created. To find compatible kotlin versions, please see: https://developer.android.com/studio/build/kotlin-d8-r8-versions
WARNING: D8: An error occurred when parsing kotlin metadata. This normally happens when using a newer version of kotlin than the kotlin version released when this version of R8 was created. To find compatible kotlin versions, please see: https://developer.android.com/studio/build/kotlin-d8-r8-versions
WARNING: D8: An error occurred when parsing kotlin metadata. This normally happens when using a newer version of kotlin than the kotlin version released when this version of R8 was created. To find compatible kotlin versions, please see: https://developer.android.com/studio/build/kotlin-d8-r8-versions
WARNING: D8: An error occurred when parsing kotlin metadata. This normally happens when using a newer version of kotlin than the kotlin version released when this version of R8 was created. To find compatible kotlin versions, please see: https://developer.android.com/studio/build/kotlin-d8-r8-versions
WARNING: D8: An error occurred when parsing kotlin metadata. This normally happens when using a newer version of kotlin than the kotlin version released when this version of R8 was created. To find compatible kotlin versions, please see: https://developer.android.com/studio/build/kotlin-d8-r8-versions
WARNING: D8: An error occurred when parsing kotlin metadata. This normally happens when using a newer version of kotlin than the kotlin version released when this version of R8 was created. To find compatible kotlin versions, please see: https://developer.android.com/studio/build/kotlin-d8-r8-versions
WARNING: D8: An error occurred when parsing kotlin metadata. This normally happens when using a newer version of kotlin than the kotlin version released when this version of R8 was created. To find compatible kotlin versions, please see: https://developer.android.com/studio/build/kotlin-d8-r8-versions
WARNING: D8: An error occurred when parsing kotlin metadata. This normally happens when using a newer version of kotlin than the kotlin version released when this version of R8 was created. To find compatible kotlin versions, please see: https://developer.android.com/studio/build/kotlin-d8-r8-versions
WARNING: D8: An error occurred when parsing kotlin metadata. This normally happens when using a newer version of kotlin than the kotlin version released when this version of R8 was created. To find compatible kotlin versions, please see: https://developer.android.com/studio/build/kotlin-d8-r8-versions
WARNING: D8: An error occurred when parsing kotlin metadata. This normally happens when using a newer version of kotlin than the kotlin version released when this version of R8 was created. To find compatible kotlin versions, please see: https://developer.android.com/studio/build/kotlin-d8-r8-versions
WARNING: D8: An error occurred when parsing kotlin metadata. This normally happens when using a newer version of kotlin than the kotlin version released when this version of R8 was created. To find compatible kotlin versions, please see: https://developer.android.com/studio/build/kotlin-d8-r8-versions
WARNING: D8: An error occurred when parsing kotlin metadata. This normally happens when using a newer version of kotlin than the kotlin version released when this version of R8 was created. To find compatible kotlin versions, please see: https://developer.android.com/studio/build/kotlin-d8-r8-versions
WARNING: D8: An error occurred when parsing kotlin metadata. This normally happens when using a newer version of kotlin than the kotlin version released when this version of R8 was created. To find compatible kotlin versions, please see: https://developer.android.com/studio/build/kotlin-d8-r8-versions
WARNING: D8: An error occurred when parsing kotlin metadata. This normally happens when using a newer version of kotlin than the kotlin version released when this version of R8 was created. To find compatible kotlin versions, please see: https://developer.android.com/studio/build/kotlin-d8-r8-versions
WARNING: D8: An error occurred when parsing kotlin metadata. This normally happens when using a newer version of kotlin than the kotlin version released when this version of R8 was created. To find compatible kotlin versions, please see: https://developer.android.com/studio/build/kotlin-d8-r8-versions
WARNING: D8: An error occurred when parsing kotlin metadata. This normally happens when using a newer version of kotlin than the kotlin version released when this version of R8 was created. To find compatible kotlin versions, please see: https://developer.android.com/studio/build/kotlin-d8-r8-versions
WARNING: D8: An error occurred when parsing kotlin metadata. This normally happens when using a newer version of kotlin than the kotlin version released when this version of R8 was created. To find compatible kotlin versions, please see: https://developer.android.com/studio/build/kotlin-d8-r8-versions
WARNING: D8: An error occurred when parsing kotlin metadata. This normally happens when using a newer version of kotlin than the kotlin version released when this version of R8 was created. To find compatible kotlin versions, please see: https://developer.android.com/studio/build/kotlin-d8-r8-versions
WARNING: D8: An error occurred when parsing kotlin metadata. This normally happens when using a newer version of kotlin than the kotlin version released when this version of R8 was created. To find compatible kotlin versions, please see: https://developer.android.com/studio/build/kotlin-d8-r8-versions
WARNING: D8: An error occurred when parsing kotlin metadata. This normally happens when using a newer version of kotlin than the kotlin version released when this version of R8 was created. To find compatible kotlin versions, please see: https://developer.android.com/studio/build/kotlin-d8-r8-versions
WARNING: D8: An error occurred when parsing kotlin metadata. This normally happens when using a newer version of kotlin than the kotlin version released when this version of R8 was created. To find compatible kotlin versions, please see: https://developer.android.com/studio/build/kotlin-d8-r8-versions
WARNING: D8: An error occurred when parsing kotlin metadata. This normally happens when using a newer version of kotlin than the kotlin version released when this version of R8 was created. To find compatible kotlin versions, please see: https://developer.android.com/studio/build/kotlin-d8-r8-versions
WARNING: D8: An error occurred when parsing kotlin metadata. This normally happens when using a newer version of kotlin than the kotlin version released when this version of R8 was created. To find compatible kotlin versions, please see: https://developer.android.com/studio/build/kotlin-d8-r8-versions
WARNING: D8: An error occurred when parsing kotlin metadata. This normally happens when using a newer version of kotlin than the kotlin version released when this version of R8 was created. To find compatible kotlin versions, please see: https://developer.android.com/studio/build/kotlin-d8-r8-versions
WARNING: D8: An error occurred when parsing kotlin metadata. This normally happens when using a newer version of kotlin than the kotlin version released when this version of R8 was created. To find compatible kotlin versions, please see: https://developer.android.com/studio/build/kotlin-d8-r8-versions
WARNING: D8: An error occurred when parsing kotlin metadata. This normally happens when using a newer version of kotlin than the kotlin version released when this version of R8 was created. To find compatible kotlin versions, please see: https://developer.android.com/studio/build/kotlin-d8-r8-versions
WARNING: D8: An error occurred when parsing kotlin metadata. This normally happens when using a newer version of kotlin than the kotlin version released when this version of R8 was created. To find compatible kotlin versions, please see: https://developer.android.com/studio/build/kotlin-d8-r8-versions
WARNING: D8: An error occurred when parsing kotlin metadata. This normally happens when using a newer version of kotlin than the kotlin version released when this version of R8 was created. To find compatible kotlin versions, please see: https://developer.android.com/studio/build/kotlin-d8-r8-versions
WARNING: D8: An error occurred when parsing kotlin metadata. This normally happens when using a newer version of kotlin than the kotlin version released when this version of R8 was created. To find compatible kotlin versions, please see: https://developer.android.com/studio/build/kotlin-d8-r8-versions
WARNING: D8: An error occurred when parsing kotlin metadata. This normally happens when using a newer version of kotlin than the kotlin version released when this version of R8 was created. To find compatible kotlin versions, please see: https://developer.android.com/studio/build/kotlin-d8-r8-versions
WARNING: D8: An error occurred when parsing kotlin metadata. This normally happens when using a newer version of kotlin than the kotlin version released when this version of R8 was created. To find compatible kotlin versions, please see: https://developer.android.com/studio/build/kotlin-d8-r8-versions
WARNING: D8: An error occurred when parsing kotlin metadata. This normally happens when using a newer version of kotlin than the kotlin version released when this version of R8 was created. To find compatible kotlin versions, please see: https://developer.android.com/studio/build/kotlin-d8-r8-versions
WARNING: D8: An error occurred when parsing kotlin metadata. This normally happens when using a newer version of kotlin than the kotlin version released when this version of R8 was created. To find compatible kotlin versions, please see: https://developer.android.com/studio/build/kotlin-d8-r8-versions
WARNING: D8: An error occurred when parsing kotlin metadata. This normally happens when using a newer version of kotlin than the kotlin version released when this version of R8 was created. To find compatible kotlin versions, please see: https://developer.android.com/studio/build/kotlin-d8-r8-versions
WARNING: D8: An error occurred when parsing kotlin metadata. This normally happens when using a newer version of kotlin than the kotlin version released when this version of R8 was created. To find compatible kotlin versions, please see: https://developer.android.com/studio/build/kotlin-d8-r8-versions
WARNING: D8: An error occurred when parsing kotlin metadata. This normally happens when using a newer version of kotlin than the kotlin version released when this version of R8 was created. To find compatible kotlin versions, please see: https://developer.android.com/studio/build/kotlin-d8-r8-versions
WARNING: D8: An error occurred when parsing kotlin metadata. This normally happens when using a newer version of kotlin than the kotlin version released when this version of R8 was created. To find compatible kotlin versions, please see: https://developer.android.com/studio/build/kotlin-d8-r8-versions
WARNING: D8: An error occurred when parsing kotlin metadata. This normally happens when using a newer version of kotlin than the kotlin version released when this version of R8 was created. To find compatible kotlin versions, please see: https://developer.android.com/studio/build/kotlin-d8-r8-versions
WARNING: D8: An error occurred when parsing kotlin metadata. This normally happens when using a newer version of kotlin than the kotlin version released when this version of R8 was created. To find compatible kotlin versions, please see: https://developer.android.com/studio/build/kotlin-d8-r8-versions
WARNING: D8: An error occurred when parsing kotlin metadata. This normally happens when using a newer version of kotlin than the kotlin version released when this version of R8 was created. To find compatible kotlin versions, please see: https://developer.android.com/studio/build/kotlin-d8-r8-versions
WARNING: D8: An error occurred when parsing kotlin metadata. This normally happens when using a newer version of kotlin than the kotlin version released when this version of R8 was created. To find compatible kotlin versions, please see: https://developer.android.com/studio/build/kotlin-d8-r8-versions
WARNING: D8: An error occurred when parsing kotlin metadata. This normally happens when using a newer version of kotlin than the kotlin version released when this version of R8 was created. To find compatible kotlin versions, please see: https://developer.android.com/studio/build/kotlin-d8-r8-versions
WARNING: D8: An error occurred when parsing kotlin metadata. This normally happens when using a newer version of kotlin than the kotlin version released when this version of R8 was created. To find compatible kotlin versions, please see: https://developer.android.com/studio/build/kotlin-d8-r8-versions
WARNING: D8: An error occurred when parsing kotlin metadata. This normally happens when using a newer version of kotlin than the kotlin version released when this version of R8 was created. To find compatible kotlin versions, please see: https://developer.android.com/studio/build/kotlin-d8-r8-versions
WARNING: D8: An error occurred when parsing kotlin metadata. This normally happens when using a newer version of kotlin than the kotlin version released when this version of R8 was created. To find compatible kotlin versions, please see: https://developer.android.com/studio/build/kotlin-d8-r8-versions
WARNING: D8: An error occurred when parsing kotlin metadata. This normally happens when using a newer version of kotlin than the kotlin version released when this version of R8 was created. To find compatible kotlin versions, please see: https://developer.android.com/studio/build/kotlin-d8-r8-versions
WARNING: D8: An error occurred when parsing kotlin metadata. This normally happens when using a newer version of kotlin than the kotlin version released when this version of R8 was created. To find compatible kotlin versions, please see: https://developer.android.com/studio/build/kotlin-d8-r8-versions
WARNING: D8: An error occurred when parsing kotlin metadata. This normally happens when using a newer version of kotlin than the kotlin version released when this version of R8 was created. To find compatible kotlin versions, please see: https://developer.android.com/studio/build/kotlin-d8-r8-versions
WARNING: D8: An error occurred when parsing kotlin metadata. This normally happens when using a newer version of kotlin than the kotlin version released when this version of R8 was created. To find compatible kotlin versions, please see: https://developer.android.com/studio/build/kotlin-d8-r8-versions
WARNING: D8: An error occurred when parsing kotlin metadata. This normally happens when using a newer version of kotlin than the kotlin version released when this version of R8 was created. To find compatible kotlin versions, please see: https://developer.android.com/studio/build/kotlin-d8-r8-versions
WARNING: D8: An error occurred when parsing kotlin metadata. This normally happens when using a newer version of kotlin than the kotlin version released when this version of R8 was created. To find compatible kotlin versions, please see: https://developer.android.com/studio/build/kotlin-d8-r8-versions
WARNING: D8: An error occurred when parsing kotlin metadata. This normally happens when using a newer version of kotlin than the kotlin version released when this version of R8 was created. To find compatible kotlin versions, please see: https://developer.android.com/studio/build/kotlin-d8-r8-versions
WARNING: D8: An error occurred when parsing kotlin metadata. This normally happens when using a newer version of kotlin than the kotlin version released when this version of R8 was created. To find compatible kotlin versions, please see: https://developer.android.com/studio/build/kotlin-d8-r8-versions
WARNING: D8: An error occurred when parsing kotlin metadata. This normally happens when using a newer version of kotlin than the kotlin version released when this version of R8 was created. To find compatible kotlin versions, please see: https://developer.android.com/studio/build/kotlin-d8-r8-versions
WARNING: D8: An error occurred when parsing kotlin metadata. This normally happens when using a newer version of kotlin than the kotlin version released when this version of R8 was created. To find compatible kotlin versions, please see: https://developer.android.com/studio/build/kotlin-d8-r8-versions
WARNING: D8: An error occurred when parsing kotlin metadata. This normally happens when using a newer version of kotlin than the kotlin version released when this version of R8 was created. To find compatible kotlin versions, please see: https://developer.android.com/studio/build/kotlin-d8-r8-versions
WARNING: D8: An error occurred when parsing kotlin metadata. This normally happens when using a newer version of kotlin than the kotlin version released when this version of R8 was created. To find compatible kotlin versions, please see: https://developer.android.com/studio/build/kotlin-d8-r8-versions
WARNING: D8: An error occurred when parsing kotlin metadata. This normally happens when using a newer version of kotlin than the kotlin version released when this version of R8 was created. To find compatible kotlin versions, please see: https://developer.android.com/studio/build/kotlin-d8-r8-versions
WARNING: D8: An error occurred when parsing kotlin metadata. This normally happens when using a newer version of kotlin than the kotlin version released when this version of R8 was created. To find compatible kotlin versions, please see: https://developer.android.com/studio/build/kotlin-d8-r8-versions
WARNING: D8: An error occurred when parsing kotlin metadata. This normally happens when using a newer version of kotlin than the kotlin version released when this version of R8 was created. To find compatible kotlin versions, please see: https://developer.android.com/studio/build/kotlin-d8-r8-versions
WARNING: D8: An error occurred when parsing kotlin metadata. This normally happens when using a newer version of kotlin than the kotlin version released when this version of R8 was created. To find compatible kotlin versions, please see: https://developer.android.com/studio/build/kotlin-d8-r8-versions
WARNING: D8: An error occurred when parsing kotlin metadata. This normally happens when using a newer version of kotlin than the kotlin version released when this version of R8 was created. To find compatible kotlin versions, please see: https://developer.android.com/studio/build/kotlin-d8-r8-versions
WARNING: D8: An error occurred when parsing kotlin metadata. This normally happens when using a newer version of kotlin than the kotlin version released when this version of R8 was created. To find compatible kotlin versions, please see: https://developer.android.com/studio/build/kotlin-d8-r8-versions
WARNING: D8: An error occurred when parsing kotlin metadata. This normally happens when using a newer version of kotlin than the kotlin version released when this version of R8 was created. To find compatible kotlin versions, please see: https://developer.android.com/studio/build/kotlin-d8-r8-versions
WARNING: D8: An error occurred when parsing kotlin metadata. This normally happens when using a newer version of kotlin than the kotlin version released when this version of R8 was created. To find compatible kotlin versions, please see: https://developer.android.com/studio/build/kotlin-d8-r8-versions
WARNING: D8: An error occurred when parsing kotlin metadata. This normally happens when using a newer version of kotlin than the kotlin version released when this version of R8 was created. To find compatible kotlin versions, please see: https://developer.android.com/studio/build/kotlin-d8-r8-versions
WARNING: D8: An error occurred when parsing kotlin metadata. This normally happens when using a newer version of kotlin than the kotlin version released when this version of R8 was created. To find compatible kotlin versions, please see: https://developer.android.com/studio/build/kotlin-d8-r8-versions
WARNING: D8: An error occurred when parsing kotlin metadata. This normally happens when using a newer version of kotlin than the kotlin version released when this version of R8 was created. To find compatible kotlin versions, please see: https://developer.android.com/studio/build/kotlin-d8-r8-versions
WARNING: D8: An error occurred when parsing kotlin metadata. This normally happens when using a newer version of kotlin than the kotlin version released when this version of R8 was created. To find compatible kotlin versions, please see: https://developer.android.com/studio/build/kotlin-d8-r8-versions
WARNING: D8: An error occurred when parsing kotlin metadata. This normally happens when using a newer version of kotlin than the kotlin version released when this version of R8 was created. To find compatible kotlin versions, please see: https://developer.android.com/studio/build/kotlin-d8-r8-versions
WARNING: D8: An error occurred when parsing kotlin metadata. This normally happens when using a newer version of kotlin than the kotlin version released when this version of R8 was created. To find compatible kotlin versions, please see: https://developer.android.com/studio/build/kotlin-d8-r8-versions
WARNING: D8: An error occurred when parsing kotlin metadata. This normally happens when using a newer version of kotlin than the kotlin version released when this version of R8 was created. To find compatible kotlin versions, please see: https://developer.android.com/studio/build/kotlin-d8-r8-versions
WARNING: D8: An error occurred when parsing kotlin metadata. This normally happens when using a newer version of kotlin than the kotlin version released when this version of R8 was created. To find compatible kotlin versions, please see: https://developer.android.com/studio/build/kotlin-d8-r8-versions
WARNING: D8: An error occurred when parsing kotlin metadata. This normally happens when using a newer version of kotlin than the kotlin version released when this version of R8 was created. To find compatible kotlin versions, please see: https://developer.android.com/studio/build/kotlin-d8-r8-versions
WARNING: D8: An error occurred when parsing kotlin metadata. This normally happens when using a newer version of kotlin than the kotlin version released when this version of R8 was created. To find compatible kotlin versions, please see: https://developer.android.com/studio/build/kotlin-d8-r8-versions
WARNING: D8: An error occurred when parsing kotlin metadata. This normally happens when using a newer version of kotlin than the kotlin version released when this version of R8 was created. To find compatible kotlin versions, please see: https://developer.android.com/studio/build/kotlin-d8-r8-versions
WARNING: D8: An error occurred when parsing kotlin metadata. This normally happens when using a newer version of kotlin than the kotlin version released when this version of R8 was created. To find compatible kotlin versions, please see: https://developer.android.com/studio/build/kotlin-d8-r8-versions
WARNING: D8: An error occurred when parsing kotlin metadata. This normally happens when using a newer version of kotlin than the kotlin version released when this version of R8 was created. To find compatible kotlin versions, please see: https://developer.android.com/studio/build/kotlin-d8-r8-versions
WARNING: D8: An error occurred when parsing kotlin metadata. This normally happens when using a newer version of kotlin than the kotlin version released when this version of R8 was created. To find compatible kotlin versions, please see: https://developer.android.com/studio/build/kotlin-d8-r8-versions
WARNING: D8: An error occurred when parsing kotlin metadata. This normally happens when using a newer version of kotlin than the kotlin version released when this version of R8 was created. To find compatible kotlin versions, please see: https://developer.android.com/studio/build/kotlin-d8-r8-versions
WARNING: D8: An error occurred when parsing kotlin metadata. This normally happens when using a newer version of kotlin than the kotlin version released when this version of R8 was created. To find compatible kotlin versions, please see: https://developer.android.com/studio/build/kotlin-d8-r8-versions
WARNING: D8: An error occurred when parsing kotlin metadata. This normally happens when using a newer version of kotlin than the kotlin version released when this version of R8 was created. To find compatible kotlin versions, please see: https://developer.android.com/studio/build/kotlin-d8-r8-versions
WARNING: D8: An error occurred when parsing kotlin metadata. This normally happens when using a newer version of kotlin than the kotlin version released when this version of R8 was created. To find compatible kotlin versions, please see: https://developer.android.com/studio/build/kotlin-d8-r8-versions
WARNING: D8: An error occurred when parsing kotlin metadata. This normally happens when using a newer version of kotlin than the kotlin version released when this version of R8 was created. To find compatible kotlin versions, please see: https://developer.android.com/studio/build/kotlin-d8-r8-versions
WARNING: D8: An error occurred when parsing kotlin metadata. This normally happens when using a newer version of kotlin than the kotlin version released when this version of R8 was created. To find compatible kotlin versions, please see: https://developer.android.com/studio/build/kotlin-d8-r8-versions
WARNING: D8: An error occurred when parsing kotlin metadata. This normally happens when using a newer version of kotlin than the kotlin version released when this version of R8 was created. To find compatible kotlin versions, please see: https://developer.android.com/studio/build/kotlin-d8-r8-versions
WARNING: D8: An error occurred when parsing kotlin metadata. This normally happens when using a newer version of kotlin than the kotlin version released when this version of R8 was created. To find compatible kotlin versions, please see: https://developer.android.com/studio/build/kotlin-d8-r8-versions
WARNING: D8: An error occurred when parsing kotlin metadata. This normally happens when using a newer version of kotlin than the kotlin version released when this version of R8 was created. To find compatible kotlin versions, please see: https://developer.android.com/studio/build/kotlin-d8-r8-versions
WARNING: D8: An error occurred when parsing kotlin metadata. This normally happens when using a newer version of kotlin than the kotlin version released when this version of R8 was created. To find compatible kotlin versions, please see: https://developer.android.com/studio/build/kotlin-d8-r8-versions
WARNING: D8: An error occurred when parsing kotlin metadata. This normally happens when using a newer version of kotlin than the kotlin version released when this version of R8 was created. To find compatible kotlin versions, please see: https://developer.android.com/studio/build/kotlin-d8-r8-versions
WARNING: D8: An error occurred when parsing kotlin metadata. This normally happens when using a newer version of kotlin than the kotlin version released when this version of R8 was created. To find compatible kotlin versions, please see: https://developer.android.com/studio/build/kotlin-d8-r8-versions
WARNING: D8: An error occurred when parsing kotlin metadata. This normally happens when using a newer version of kotlin than the kotlin version released when this version of R8 was created. To find compatible kotlin versions, please see: https://developer.android.com/studio/build/kotlin-d8-r8-versions
WARNING: D8: An error occurred when parsing kotlin metadata. This normally happens when using a newer version of kotlin than the kotlin version released when this version of R8 was created. To find compatible kotlin versions, please see: https://developer.android.com/studio/build/kotlin-d8-r8-versions
WARNING: D8: An error occurred when parsing kotlin metadata. This normally happens when using a newer version of kotlin than the kotlin version released when this version of R8 was created. To find compatible kotlin versions, please see: https://developer.android.com/studio/build/kotlin-d8-r8-versions
WARNING: D8: An error occurred when parsing kotlin metadata. This normally happens when using a newer version of kotlin than the kotlin version released when this version of R8 was created. To find compatible kotlin versions, please see: https://developer.android.com/studio/build/kotlin-d8-r8-versions
WARNING: D8: An error occurred when parsing kotlin metadata. This normally happens when using a newer version of kotlin than the kotlin version released when this version of R8 was created. To find compatible kotlin versions, please see: https://developer.android.com/studio/build/kotlin-d8-r8-versions
WARNING: D8: An error occurred when parsing kotlin metadata. This normally happens when using a newer version of kotlin than the kotlin version released when this version of R8 was created. To find compatible kotlin versions, please see: https://developer.android.com/studio/build/kotlin-d8-r8-versions
WARNING: D8: An error occurred when parsing kotlin metadata. This normally happens when using a newer version of kotlin than the kotlin version released when this version of R8 was created. To find compatible kotlin versions, please see: https://developer.android.com/studio/build/kotlin-d8-r8-versions
WARNING: D8: An error occurred when parsing kotlin metadata. This normally happens when using a newer version of kotlin than the kotlin version released when this version of R8 was created. To find compatible kotlin versions, please see: https://developer.android.com/studio/build/kotlin-d8-r8-versions
WARNING: D8: An error occurred when parsing kotlin metadata. This normally happens when using a newer version of kotlin than the kotlin version released when this version of R8 was created. To find compatible kotlin versions, please see: https://developer.android.com/studio/build/kotlin-d8-r8-versions
WARNING: D8: An error occurred when parsing kotlin metadata. This normally happens when using a newer version of kotlin than the kotlin version released when this version of R8 was created. To find compatible kotlin versions, please see: https://developer.android.com/studio/build/kotlin-d8-r8-versions
WARNING: D8: An error occurred when parsing kotlin metadata. This normally happens when using a newer version of kotlin than the kotlin version released when this version of R8 was created. To find compatible kotlin versions, please see: https://developer.android.com/studio/build/kotlin-d8-r8-versions
WARNING: D8: An error occurred when parsing kotlin metadata. This normally happens when using a newer version of kotlin than the kotlin version released when this version of R8 was created. To find compatible kotlin versions, please see: https://developer.android.com/studio/build/kotlin-d8-r8-versions
WARNING: D8: An error occurred when parsing kotlin metadata. This normally happens when using a newer version of kotlin than the kotlin version released when this version of R8 was created. To find compatible kotlin versions, please see: https://developer.android.com/studio/build/kotlin-d8-r8-versions
WARNING: D8: An error occurred when parsing kotlin metadata. This normally happens when using a newer version of kotlin than the kotlin version released when this version of R8 was created. To find compatible kotlin versions, please see: https://developer.android.com/studio/build/kotlin-d8-r8-versions
WARNING: D8: An error occurred when parsing kotlin metadata. This normally happens when using a newer version of kotlin than the kotlin version released when this version of R8 was created. To find compatible kotlin versions, please see: https://developer.android.com/studio/build/kotlin-d8-r8-versions
WARNING: D8: An error occurred when parsing kotlin metadata. This normally happens when using a newer version of kotlin than the kotlin version released when this version of R8 was created. To find compatible kotlin versions, please see: https://developer.android.com/studio/build/kotlin-d8-r8-versions
WARNING: D8: An error occurred when parsing kotlin metadata. This normally happens when using a newer version of kotlin than the kotlin version released when this version of R8 was created. To find compatible kotlin versions, please see: https://developer.android.com/studio/build/kotlin-d8-r8-versions
WARNING: D8: An error occurred when parsing kotlin metadata. This normally happens when using a newer version of kotlin than the kotlin version released when this version of R8 was created. To find compatible kotlin versions, please see: https://developer.android.com/studio/build/kotlin-d8-r8-versions
WARNING: D8: An error occurred when parsing kotlin metadata. This normally happens when using a newer version of kotlin than the kotlin version released when this version of R8 was created. To find compatible kotlin versions, please see: https://developer.android.com/studio/build/kotlin-d8-r8-versions
WARNING: D8: An error occurred when parsing kotlin metadata. This normally happens when using a newer version of kotlin than the kotlin version released when this version of R8 was created. To find compatible kotlin versions, please see: https://developer.android.com/studio/build/kotlin-d8-r8-versions
WARNING: D8: An error occurred when parsing kotlin metadata. This normally happens when using a newer version of kotlin than the kotlin version released when this version of R8 was created. To find compatible kotlin versions, please see: https://developer.android.com/studio/build/kotlin-d8-r8-versions
WARNING: D8: An error occurred when parsing kotlin metadata. This normally happens when using a newer version of kotlin than the kotlin version released when this version of R8 was created. To find compatible kotlin versions, please see: https://developer.android.com/studio/build/kotlin-d8-r8-versions
WARNING: D8: An error occurred when parsing kotlin metadata. This normally happens when using a newer version of kotlin than the kotlin version released when this version of R8 was created. To find compatible kotlin versions, please see: https://developer.android.com/studio/build/kotlin-d8-r8-versions
WARNING: D8: An error occurred when parsing kotlin metadata. This normally happens when using a newer version of kotlin than the kotlin version released when this version of R8 was created. To find compatible kotlin versions, please see: https://developer.android.com/studio/build/kotlin-d8-r8-versions
WARNING: D8: An error occurred when parsing kotlin metadata. This normally happens when using a newer version of kotlin than the kotlin version released when this version of R8 was created. To find compatible kotlin versions, please see: https://developer.android.com/studio/build/kotlin-d8-r8-versions
WARNING: D8: An error occurred when parsing kotlin metadata. This normally happens when using a newer version of kotlin than the kotlin version released when this version of R8 was created. To find compatible kotlin versions, please see: https://developer.android.com/studio/build/kotlin-d8-r8-versions
WARNING: D8: An error occurred when parsing kotlin metadata. This normally happens when using a newer version of kotlin than the kotlin version released when this version of R8 was created. To find compatible kotlin versions, please see: https://developer.android.com/studio/build/kotlin-d8-r8-versions
WARNING: D8: An error occurred when parsing kotlin metadata. This normally happens when using a newer version of kotlin than the kotlin version released when this version of R8 was created. To find compatible kotlin versions, please see: https://developer.android.com/studio/build/kotlin-d8-r8-versions
WARNING: D8: An error occurred when parsing kotlin metadata. This normally happens when using a newer version of kotlin than the kotlin version released when this version of R8 was created. To find compatible kotlin versions, please see: https://developer.android.com/studio/build/kotlin-d8-r8-versions
WARNING: D8: An error occurred when parsing kotlin metadata. This normally happens when using a newer version of kotlin than the kotlin version released when this version of R8 was created. To find compatible kotlin versions, please see: https://developer.android.com/studio/build/kotlin-d8-r8-versions
WARNING: D8: An error occurred when parsing kotlin metadata. This normally happens when using a newer version of kotlin than the kotlin version released when this version of R8 was created. To find compatible kotlin versions, please see: https://developer.android.com/studio/build/kotlin-d8-r8-versions
WARNING: D8: An error occurred when parsing kotlin metadata. This normally happens when using a newer version of kotlin than the kotlin version released when this version of R8 was created. To find compatible kotlin versions, please see: https://developer.android.com/studio/build/kotlin-d8-r8-versions
WARNING: D8: An error occurred when parsing kotlin metadata. This normally happens when using a newer version of kotlin than the kotlin version released when this version of R8 was created. To find compatible kotlin versions, please see: https://developer.android.com/studio/build/kotlin-d8-r8-versions
WARNING: D8: An error occurred when parsing kotlin metadata. This normally happens when using a newer version of kotlin than the kotlin version released when this version of R8 was created. To find compatible kotlin versions, please see: https://developer.android.com/studio/build/kotlin-d8-r8-versions
WARNING: D8: An error occurred when parsing kotlin metadata. This normally happens when using a newer version of kotlin than the kotlin version released when this version of R8 was created. To find compatible kotlin versions, please see: https://developer.android.com/studio/build/kotlin-d8-r8-versions
WARNING: D8: An error occurred when parsing kotlin metadata. This normally happens when using a newer version of kotlin than the kotlin version released when this version of R8 was created. To find compatible kotlin versions, please see: https://developer.android.com/studio/build/kotlin-d8-r8-versions
WARNING: D8: An error occurred when parsing kotlin metadata. This normally happens when using a newer version of kotlin than the kotlin version released when this version of R8 was created. To find compatible kotlin versions, please see: https://developer.android.com/studio/build/kotlin-d8-r8-versions
WARNING: D8: An error occurred when parsing kotlin metadata. This normally happens when using a newer version of kotlin than the kotlin version released when this version of R8 was created. To find compatible kotlin versions, please see: https://developer.android.com/studio/build/kotlin-d8-r8-versions
WARNING: D8: An error occurred when parsing kotlin metadata. This normally happens when using a newer version of kotlin than the kotlin version released when this version of R8 was created. To find compatible kotlin versions, please see: https://developer.android.com/studio/build/kotlin-d8-r8-versions
WARNING: D8: An error occurred when parsing kotlin metadata. This normally happens when using a newer version of kotlin than the kotlin version released when this version of R8 was created. To find compatible kotlin versions, please see: https://developer.android.com/studio/build/kotlin-d8-r8-versions
WARNING: D8: An error occurred when parsing kotlin metadata. This normally happens when using a newer version of kotlin than the kotlin version released when this version of R8 was created. To find compatible kotlin versions, please see: https://developer.android.com/studio/build/kotlin-d8-r8-versions
WARNING: D8: An error occurred when parsing kotlin metadata. This normally happens when using a newer version of kotlin than the kotlin version released when this version of R8 was created. To find compatible kotlin versions, please see: https://developer.android.com/studio/build/kotlin-d8-r8-versions
WARNING: D8: An error occurred when parsing kotlin metadata. This normally happens when using a newer version of kotlin than the kotlin version released when this version of R8 was created. To find compatible kotlin versions, please see: https://developer.android.com/studio/build/kotlin-d8-r8-versions
WARNING: D8: An error occurred when parsing kotlin metadata. This normally happens when using a newer version of kotlin than the kotlin version released when this version of R8 was created. To find compatible kotlin versions, please see: https://developer.android.com/studio/build/kotlin-d8-r8-versions
WARNING: D8: An error occurred when parsing kotlin metadata. This normally happens when using a newer version of kotlin than the kotlin version released when this version of R8 was created. To find compatible kotlin versions, please see: https://developer.android.com/studio/build/kotlin-d8-r8-versions
WARNING: D8: An error occurred when parsing kotlin metadata. This normally happens when using a newer version of kotlin than the kotlin version released when this version of R8 was created. To find compatible kotlin versions, please see: https://developer.android.com/studio/build/kotlin-d8-r8-versions
WARNING: D8: An error occurred when parsing kotlin metadata. This normally happens when using a newer version of kotlin than the kotlin version released when this version of R8 was created. To find compatible kotlin versions, please see: https://developer.android.com/studio/build/kotlin-d8-r8-versions
WARNING: D8: An error occurred when parsing kotlin metadata. This normally happens when using a newer version of kotlin than the kotlin version released when this version of R8 was created. To find compatible kotlin versions, please see: https://developer.android.com/studio/build/kotlin-d8-r8-versions
WARNING: D8: An error occurred when parsing kotlin metadata. This normally happens when using a newer version of kotlin than the kotlin version released when this version of R8 was created. To find compatible kotlin versions, please see: https://developer.android.com/studio/build/kotlin-d8-r8-versions
WARNING: D8: An error occurred when parsing kotlin metadata. This normally happens when using a newer version of kotlin than the kotlin version released when this version of R8 was created. To find compatible kotlin versions, please see: https://developer.android.com/studio/build/kotlin-d8-r8-versions
WARNING: D8: An error occurred when parsing kotlin metadata. This normally happens when using a newer version of kotlin than the kotlin version released when this version of R8 was created. To find compatible kotlin versions, please see: https://developer.android.com/studio/build/kotlin-d8-r8-versions
WARNING: D8: An error occurred when parsing kotlin metadata. This normally happens when using a newer version of kotlin than the kotlin version released when this version of R8 was created. To find compatible kotlin versions, please see: https://developer.android.com/studio/build/kotlin-d8-r8-versions
WARNING: D8: An error occurred when parsing kotlin metadata. This normally happens when using a newer version of kotlin than the kotlin version released when this version of R8 was created. To find compatible kotlin versions, please see: https://developer.android.com/studio/build/kotlin-d8-r8-versions
WARNING: D8: An error occurred when parsing kotlin metadata. This normally happens when using a newer version of kotlin than the kotlin version released when this version of R8 was created. To find compatible kotlin versions, please see: https://developer.android.com/studio/build/kotlin-d8-r8-versions
WARNING: D8: An error occurred when parsing kotlin metadata. This normally happens when using a newer version of kotlin than the kotlin version released when this version of R8 was created. To find compatible kotlin versions, please see: https://developer.android.com/studio/build/kotlin-d8-r8-versions
WARNING: D8: An error occurred when parsing kotlin metadata. This normally happens when using a newer version of kotlin than the kotlin version released when this version of R8 was created. To find compatible kotlin versions, please see: https://developer.android.com/studio/build/kotlin-d8-r8-versions
WARNING: D8: An error occurred when parsing kotlin metadata. This normally happens when using a newer version of kotlin than the kotlin version released when this version of R8 was created. To find compatible kotlin versions, please see: https://developer.android.com/studio/build/kotlin-d8-r8-versions
WARNING: D8: An error occurred when parsing kotlin metadata. This normally happens when using a newer version of kotlin than the kotlin version released when this version of R8 was created. To find compatible kotlin versions, please see: https://developer.android.com/studio/build/kotlin-d8-r8-versions
WARNING: D8: An error occurred when parsing kotlin metadata. This normally happens when using a newer version of kotlin than the kotlin version released when this version of R8 was created. To find compatible kotlin versions, please see: https://developer.android.com/studio/build/kotlin-d8-r8-versions
WARNING: D8: An error occurred when parsing kotlin metadata. This normally happens when using a newer version of kotlin than the kotlin version released when this version of R8 was created. To find compatible kotlin versions, please see: https://developer.android.com/studio/build/kotlin-d8-r8-versions
WARNING: D8: An error occurred when parsing kotlin metadata. This normally happens when using a newer version of kotlin than the kotlin version released when this version of R8 was created. To find compatible kotlin versions, please see: https://developer.android.com/studio/build/kotlin-d8-r8-versions
WARNING: D8: An error occurred when parsing kotlin metadata. This normally happens when using a newer version of kotlin than the kotlin version released when this version of R8 was created. To find compatible kotlin versions, please see: https://developer.android.com/studio/build/kotlin-d8-r8-versions
WARNING: D8: An error occurred when parsing kotlin metadata. This normally happens when using a newer version of kotlin than the kotlin version released when this version of R8 was created. To find compatible kotlin versions, please see: https://developer.android.com/studio/build/kotlin-d8-r8-versions
WARNING: D8: An error occurred when parsing kotlin metadata. This normally happens when using a newer version of kotlin than the kotlin version released when this version of R8 was created. To find compatible kotlin versions, please see: https://developer.android.com/studio/build/kotlin-d8-r8-versions
WARNING: D8: An error occurred when parsing kotlin metadata. This normally happens when using a newer version of kotlin than the kotlin version released when this version of R8 was created. To find compatible kotlin versions, please see: https://developer.android.com/studio/build/kotlin-d8-r8-versions
WARNING: D8: An error occurred when parsing kotlin metadata. This normally happens when using a newer version of kotlin than the kotlin version released when this version of R8 was created. To find compatible kotlin versions, please see: https://developer.android.com/studio/build/kotlin-d8-r8-versions
WARNING: D8: An error occurred when parsing kotlin metadata. This normally happens when using a newer version of kotlin than the kotlin version released when this version of R8 was created. To find compatible kotlin versions, please see: https://developer.android.com/studio/build/kotlin-d8-r8-versions
WARNING: D8: An error occurred when parsing kotlin metadata. This normally happens when using a newer version of kotlin than the kotlin version released when this version of R8 was created. To find compatible kotlin versions, please see: https://developer.android.com/studio/build/kotlin-d8-r8-versions
WARNING: D8: An error occurred when parsing kotlin metadata. This normally happens when using a newer version of kotlin than the kotlin version released when this version of R8 was created. To find compatible kotlin versions, please see: https://developer.android.com/studio/build/kotlin-d8-r8-versions
WARNING: D8: An error occurred when parsing kotlin metadata. This normally happens when using a newer version of kotlin than the kotlin version released when this version of R8 was created. To find compatible kotlin versions, please see: https://developer.android.com/studio/build/kotlin-d8-r8-versions
WARNING: D8: An error occurred when parsing kotlin metadata. This normally happens when using a newer version of kotlin than the kotlin version released when this version of R8 was created. To find compatible kotlin versions, please see: https://developer.android.com/studio/build/kotlin-d8-r8-versions
WARNING: D8: An error occurred when parsing kotlin metadata. This normally happens when using a newer version of kotlin than the kotlin version released when this version of R8 was created. To find compatible kotlin versions, please see: https://developer.android.com/studio/build/kotlin-d8-r8-versions
WARNING: D8: An error occurred when parsing kotlin metadata. This normally happens when using a newer version of kotlin than the kotlin version released when this version of R8 was created. To find compatible kotlin versions, please see: https://developer.android.com/studio/build/kotlin-d8-r8-versions
WARNING: D8: An error occurred when parsing kotlin metadata. This normally happens when using a newer version of kotlin than the kotlin version released when this version of R8 was created. To find compatible kotlin versions, please see: https://developer.android.com/studio/build/kotlin-d8-r8-versions
WARNING: D8: An error occurred when parsing kotlin metadata. This normally happens when using a newer version of kotlin than the kotlin version released when this version of R8 was created. To find compatible kotlin versions, please see: https://developer.android.com/studio/build/kotlin-d8-r8-versions
WARNING: D8: An error occurred when parsing kotlin metadata. This normally happens when using a newer version of kotlin than the kotlin version released when this version of R8 was created. To find compatible kotlin versions, please see: https://developer.android.com/studio/build/kotlin-d8-r8-versions
WARNING: D8: An error occurred when parsing kotlin metadata. This normally happens when using a newer version of kotlin than the kotlin version released when this version of R8 was created. To find compatible kotlin versions, please see: https://developer.android.com/studio/build/kotlin-d8-r8-versions
WARNING: D8: An error occurred when parsing kotlin metadata. This normally happens when using a newer version of kotlin than the kotlin version released when this version of R8 was created. To find compatible kotlin versions, please see: https://developer.android.com/studio/build/kotlin-d8-r8-versions
WARNING: D8: An error occurred when parsing kotlin metadata. This normally happens when using a newer version of kotlin than the kotlin version released when this version of R8 was created. To find compatible kotlin versions, please see: https://developer.android.com/studio/build/kotlin-d8-r8-versions
WARNING: D8: An error occurred when parsing kotlin metadata. This normally happens when using a newer version of kotlin than the kotlin version released when this version of R8 was created. To find compatible kotlin versions, please see: https://developer.android.com/studio/build/kotlin-d8-r8-versions
WARNING: D8: An error occurred when parsing kotlin metadata. This normally happens when using a newer version of kotlin than the kotlin version released when this version of R8 was created. To find compatible kotlin versions, please see: https://developer.android.com/studio/build/kotlin-d8-r8-versions
WARNING: D8: An error occurred when parsing kotlin metadata. This normally happens when using a newer version of kotlin than the kotlin version released when this version of R8 was created. To find compatible kotlin versions, please see: https://developer.android.com/studio/build/kotlin-d8-r8-versions
WARNING: D8: An error occurred when parsing kotlin metadata. This normally happens when using a newer version of kotlin than the kotlin version released when this version of R8 was created. To find compatible kotlin versions, please see: https://developer.android.com/studio/build/kotlin-d8-r8-versions
WARNING: D8: An error occurred when parsing kotlin metadata. This normally happens when using a newer version of kotlin than the kotlin version released when this version of R8 was created. To find compatible kotlin versions, please see: https://developer.android.com/studio/build/kotlin-d8-r8-versions
WARNING: D8: An error occurred when parsing kotlin metadata. This normally happens when using a newer version of kotlin than the kotlin version released when this version of R8 was created. To find compatible kotlin versions, please see: https://developer.android.com/studio/build/kotlin-d8-r8-versions
WARNING: D8: An error occurred when parsing kotlin metadata. This normally happens when using a newer version of kotlin than the kotlin version released when this version of R8 was created. To find compatible kotlin versions, please see: https://developer.android.com/studio/build/kotlin-d8-r8-versions
WARNING: D8: An error occurred when parsing kotlin metadata. This normally happens when using a newer version of kotlin than the kotlin version released when this version of R8 was created. To find compatible kotlin versions, please see: https://developer.android.com/studio/build/kotlin-d8-r8-versions
WARNING: D8: An error occurred when parsing kotlin metadata. This normally happens when using a newer version of kotlin than the kotlin version released when this version of R8 was created. To find compatible kotlin versions, please see: https://developer.android.com/studio/build/kotlin-d8-r8-versions
WARNING: D8: An error occurred when parsing kotlin metadata. This normally happens when using a newer version of kotlin than the kotlin version released when this version of R8 was created. To find compatible kotlin versions, please see: https://developer.android.com/studio/build/kotlin-d8-r8-versions
WARNING: D8: An error occurred when parsing kotlin metadata. This normally happens when using a newer version of kotlin than the kotlin version released when this version of R8 was created. To find compatible kotlin versions, please see: https://developer.android.com/studio/build/kotlin-d8-r8-versions
WARNING: D8: An error occurred when parsing kotlin metadata. This normally happens when using a newer version of kotlin than the kotlin version released when this version of R8 was created. To find compatible kotlin versions, please see: https://developer.android.com/studio/build/kotlin-d8-r8-versions
WARNING: D8: An error occurred when parsing kotlin metadata. This normally happens when using a newer version of kotlin than the kotlin version released when this version of R8 was created. To find compatible kotlin versions, please see: https://developer.android.com/studio/build/kotlin-d8-r8-versions
WARNING: D8: An error occurred when parsing kotlin metadata. This normally happens when using a newer version of kotlin than the kotlin version released when this version of R8 was created. To find compatible kotlin versions, please see: https://developer.android.com/studio/build/kotlin-d8-r8-versions
WARNING: D8: An error occurred when parsing kotlin metadata. This normally happens when using a newer version of kotlin than the kotlin version released when this version of R8 was created. To find compatible kotlin versions, please see: https://developer.android.com/studio/build/kotlin-d8-r8-versions
WARNING: D8: An error occurred when parsing kotlin metadata. This normally happens when using a newer version of kotlin than the kotlin version released when this version of R8 was created. To find compatible kotlin versions, please see: https://developer.android.com/studio/build/kotlin-d8-r8-versions
WARNING: D8: An error occurred when parsing kotlin metadata. This normally happens when using a newer version of kotlin than the kotlin version released when this version of R8 was created. To find compatible kotlin versions, please see: https://developer.android.com/studio/build/kotlin-d8-r8-versions
WARNING: D8: An error occurred when parsing kotlin metadata. This normally happens when using a newer version of kotlin than the kotlin version released when this version of R8 was created. To find compatible kotlin versions, please see: https://developer.android.com/studio/build/kotlin-d8-r8-versions
WARNING: D8: An error occurred when parsing kotlin metadata. This normally happens when using a newer version of kotlin than the kotlin version released when this version of R8 was created. To find compatible kotlin versions, please see: https://developer.android.com/studio/build/kotlin-d8-r8-versions
WARNING: D8: An error occurred when parsing kotlin metadata. This normally happens when using a newer version of kotlin than the kotlin version released when this version of R8 was created. To find compatible kotlin versions, please see: https://developer.android.com/studio/build/kotlin-d8-r8-versions
WARNING: D8: An error occurred when parsing kotlin metadata. This normally happens when using a newer version of kotlin than the kotlin version released when this version of R8 was created. To find compatible kotlin versions, please see: https://developer.android.com/studio/build/kotlin-d8-r8-versions
WARNING: D8: An error occurred when parsing kotlin metadata. This normally happens when using a newer version of kotlin than the kotlin version released when this version of R8 was created. To find compatible kotlin versions, please see: https://developer.android.com/studio/build/kotlin-d8-r8-versions
WARNING: D8: An error occurred when parsing kotlin metadata. This normally happens when using a newer version of kotlin than the kotlin version released when this version of R8 was created. To find compatible kotlin versions, please see: https://developer.android.com/studio/build/kotlin-d8-r8-versions
WARNING: D8: An error occurred when parsing kotlin metadata. This normally happens when using a newer version of kotlin than the kotlin version released when this version of R8 was created. To find compatible kotlin versions, please see: https://developer.android.com/studio/build/kotlin-d8-r8-versions
WARNING: D8: An error occurred when parsing kotlin metadata. This normally happens when using a newer version of kotlin than the kotlin version released when this version of R8 was created. To find compatible kotlin versions, please see: https://developer.android.com/studio/build/kotlin-d8-r8-versions
WARNING: D8: An error occurred when parsing kotlin metadata. This normally happens when using a newer version of kotlin than the kotlin version released when this version of R8 was created. To find compatible kotlin versions, please see: https://developer.android.com/studio/build/kotlin-d8-r8-versions
WARNING: D8: An error occurred when parsing kotlin metadata. This normally happens when using a newer version of kotlin than the kotlin version released when this version of R8 was created. To find compatible kotlin versions, please see: https://developer.android.com/studio/build/kotlin-d8-r8-versions
WARNING: D8: An error occurred when parsing kotlin metadata. This normally happens when using a newer version of kotlin than the kotlin version released when this version of R8 was created. To find compatible kotlin versions, please see: https://developer.android.com/studio/build/kotlin-d8-r8-versions
WARNING: D8: An error occurred when parsing kotlin metadata. This normally happens when using a newer version of kotlin than the kotlin version released when this version of R8 was created. To find compatible kotlin versions, please see: https://developer.android.com/studio/build/kotlin-d8-r8-versions
WARNING: D8: An error occurred when parsing kotlin metadata. This normally happens when using a newer version of kotlin than the kotlin version released when this version of R8 was created. To find compatible kotlin versions, please see: https://developer.android.com/studio/build/kotlin-d8-r8-versions
WARNING: D8: An error occurred when parsing kotlin metadata. This normally happens when using a newer version of kotlin than the kotlin version released when this version of R8 was created. To find compatible kotlin versions, please see: https://developer.android.com/studio/build/kotlin-d8-r8-versions
WARNING: D8: An error occurred when parsing kotlin metadata. This normally happens when using a newer version of kotlin than the kotlin version released when this version of R8 was created. To find compatible kotlin versions, please see: https://developer.android.com/studio/build/kotlin-d8-r8-versions
WARNING: D8: An error occurred when parsing kotlin metadata. This normally happens when using a newer version of kotlin than the kotlin version released when this version of R8 was created. To find compatible kotlin versions, please see: https://developer.android.com/studio/build/kotlin-d8-r8-versions
WARNING: D8: An error occurred when parsing kotlin metadata. This normally happens when using a newer version of kotlin than the kotlin version released when this version of R8 was created. To find compatible kotlin versions, please see: https://developer.android.com/studio/build/kotlin-d8-r8-versions
WARNING: D8: An error occurred when parsing kotlin metadata. This normally happens when using a newer version of kotlin than the kotlin version released when this version of R8 was created. To find compatible kotlin versions, please see: https://developer.android.com/studio/build/kotlin-d8-r8-versions
WARNING: D8: An error occurred when parsing kotlin metadata. This normally happens when using a newer version of kotlin than the kotlin version released when this version of R8 was created. To find compatible kotlin versions, please see: https://developer.android.com/studio/build/kotlin-d8-r8-versions
WARNING: D8: An error occurred when parsing kotlin metadata. This normally happens when using a newer version of kotlin than the kotlin version released when this version of R8 was created. To find compatible kotlin versions, please see: https://developer.android.com/studio/build/kotlin-d8-r8-versions
WARNING: D8: An error occurred when parsing kotlin metadata. This normally happens when using a newer version of kotlin than the kotlin version released when this version of R8 was created. To find compatible kotlin versions, please see: https://developer.android.com/studio/build/kotlin-d8-r8-versions
WARNING: D8: An error occurred when parsing kotlin metadata. This normally happens when using a newer version of kotlin than the kotlin version released when this version of R8 was created. To find compatible kotlin versions, please see: https://developer.android.com/studio/build/kotlin-d8-r8-versions
WARNING: D8: An error occurred when parsing kotlin metadata. This normally happens when using a newer version of kotlin than the kotlin version released when this version of R8 was created. To find compatible kotlin versions, please see: https://developer.android.com/studio/build/kotlin-d8-r8-versions
WARNING: D8: An error occurred when parsing kotlin metadata. This normally happens when using a newer version of kotlin than the kotlin version released when this version of R8 was created. To find compatible kotlin versions, please see: https://developer.android.com/studio/build/kotlin-d8-r8-versions
WARNING: D8: An error occurred when parsing kotlin metadata. This normally happens when using a newer version of kotlin than the kotlin version released when this version of R8 was created. To find compatible kotlin versions, please see: https://developer.android.com/studio/build/kotlin-d8-r8-versions
WARNING: D8: An error occurred when parsing kotlin metadata. This normally happens when using a newer version of kotlin than the kotlin version released when this version of R8 was created. To find compatible kotlin versions, please see: https://developer.android.com/studio/build/kotlin-d8-r8-versions
WARNING: D8: An error occurred when parsing kotlin metadata. This normally happens when using a newer version of kotlin than the kotlin version released when this version of R8 was created. To find compatible kotlin versions, please see: https://developer.android.com/studio/build/kotlin-d8-r8-versions
WARNING: D8: An error occurred when parsing kotlin metadata. This normally happens when using a newer version of kotlin than the kotlin version released when this version of R8 was created. To find compatible kotlin versions, please see: https://developer.android.com/studio/build/kotlin-d8-r8-versions
WARNING: D8: An error occurred when parsing kotlin metadata. This normally happens when using a newer version of kotlin than the kotlin version released when this version of R8 was created. To find compatible kotlin versions, please see: https://developer.android.com/studio/build/kotlin-d8-r8-versions
WARNING: D8: An error occurred when parsing kotlin metadata. This normally happens when using a newer version of kotlin than the kotlin version released when this version of R8 was created. To find compatible kotlin versions, please see: https://developer.android.com/studio/build/kotlin-d8-r8-versions
WARNING: D8: An error occurred when parsing kotlin metadata. This normally happens when using a newer version of kotlin than the kotlin version released when this version of R8 was created. To find compatible kotlin versions, please see: https://developer.android.com/studio/build/kotlin-d8-r8-versions
WARNING: D8: An error occurred when parsing kotlin metadata. This normally happens when using a newer version of kotlin than the kotlin version released when this version of R8 was created. To find compatible kotlin versions, please see: https://developer.android.com/studio/build/kotlin-d8-r8-versions
WARNING: D8: An error occurred when parsing kotlin metadata. This normally happens when using a newer version of kotlin than the kotlin version released when this version of R8 was created. To find compatible kotlin versions, please see: https://developer.android.com/studio/build/kotlin-d8-r8-versions
WARNING: D8: An error occurred when parsing kotlin metadata. This normally happens when using a newer version of kotlin than the kotlin version released when this version of R8 was created. To find compatible kotlin versions, please see: https://developer.android.com/studio/build/kotlin-d8-r8-versions
WARNING: D8: An error occurred when parsing kotlin metadata. This normally happens when using a newer version of kotlin than the kotlin version released when this version of R8 was created. To find compatible kotlin versions, please see: https://developer.android.com/studio/build/kotlin-d8-r8-versions
WARNING: D8: An error occurred when parsing kotlin metadata. This normally happens when using a newer version of kotlin than the kotlin version released when this version of R8 was created. To find compatible kotlin versions, please see: https://developer.android.com/studio/build/kotlin-d8-r8-versions
WARNING: D8: An error occurred when parsing kotlin metadata. This normally happens when using a newer version of kotlin than the kotlin version released when this version of R8 was created. To find compatible kotlin versions, please see: https://developer.android.com/studio/build/kotlin-d8-r8-versions
WARNING: D8: An error occurred when parsing kotlin metadata. This normally happens when using a newer version of kotlin than the kotlin version released when this version of R8 was created. To find compatible kotlin versions, please see: https://developer.android.com/studio/build/kotlin-d8-r8-versions
WARNING: D8: An error occurred when parsing kotlin metadata. This normally happens when using a newer version of kotlin than the kotlin version released when this version of R8 was created. To find compatible kotlin versions, please see: https://developer.android.com/studio/build/kotlin-d8-r8-versions
WARNING: D8: An error occurred when parsing kotlin metadata. This normally happens when using a newer version of kotlin than the kotlin version released when this version of R8 was created. To find compatible kotlin versions, please see: https://developer.android.com/studio/build/kotlin-d8-r8-versions
WARNING: D8: An error occurred when parsing kotlin metadata. This normally happens when using a newer version of kotlin than the kotlin version released when this version of R8 was created. To find compatible kotlin versions, please see: https://developer.android.com/studio/build/kotlin-d8-r8-versions
WARNING: D8: An error occurred when parsing kotlin metadata. This normally happens when using a newer version of kotlin than the kotlin version released when this version of R8 was created. To find compatible kotlin versions, please see: https://developer.android.com/studio/build/kotlin-d8-r8-versions
WARNING: D8: An error occurred when parsing kotlin metadata. This normally happens when using a newer version of kotlin than the kotlin version released when this version of R8 was created. To find compatible kotlin versions, please see: https://developer.android.com/studio/build/kotlin-d8-r8-versions
WARNING: D8: An error occurred when parsing kotlin metadata. This normally happens when using a newer version of kotlin than the kotlin version released when this version of R8 was created. To find compatible kotlin versions, please see: https://developer.android.com/studio/build/kotlin-d8-r8-versions
WARNING: D8: An error occurred when parsing kotlin metadata. This normally happens when using a newer version of kotlin than the kotlin version released when this version of R8 was created. To find compatible kotlin versions, please see: https://developer.android.com/studio/build/kotlin-d8-r8-versions
WARNING: D8: An error occurred when parsing kotlin metadata. This normally happens when using a newer version of kotlin than the kotlin version released when this version of R8 was created. To find compatible kotlin versions, please see: https://developer.android.com/studio/build/kotlin-d8-r8-versions
WARNING: D8: An error occurred when parsing kotlin metadata. This normally happens when using a newer version of kotlin than the kotlin version released when this version of R8 was created. To find compatible kotlin versions, please see: https://developer.android.com/studio/build/kotlin-d8-r8-versions
WARNING: D8: An error occurred when parsing kotlin metadata. This normally happens when using a newer version of kotlin than the kotlin version released when this version of R8 was created. To find compatible kotlin versions, please see: https://developer.android.com/studio/build/kotlin-d8-r8-versions
WARNING: D8: An error occurred when parsing kotlin metadata. This normally happens when using a newer version of kotlin than the kotlin version released when this version of R8 was created. To find compatible kotlin versions, please see: https://developer.android.com/studio/build/kotlin-d8-r8-versions
WARNING: D8: An error occurred when parsing kotlin metadata. This normally happens when using a newer version of kotlin than the kotlin version released when this version of R8 was created. To find compatible kotlin versions, please see: https://developer.android.com/studio/build/kotlin-d8-r8-versions
WARNING: D8: An error occurred when parsing kotlin metadata. This normally happens when using a newer version of kotlin than the kotlin version released when this version of R8 was created. To find compatible kotlin versions, please see: https://developer.android.com/studio/build/kotlin-d8-r8-versions
WARNING: D8: An error occurred when parsing kotlin metadata. This normally happens when using a newer version of kotlin than the kotlin version released when this version of R8 was created. To find compatible kotlin versions, please see: https://developer.android.com/studio/build/kotlin-d8-r8-versions
WARNING: D8: An error occurred when parsing kotlin metadata. This normally happens when using a newer version of kotlin than the kotlin version released when this version of R8 was created. To find compatible kotlin versions, please see: https://developer.android.com/studio/build/kotlin-d8-r8-versions
WARNING: D8: An error occurred when parsing kotlin metadata. This normally happens when using a newer version of kotlin than the kotlin version released when this version of R8 was created. To find compatible kotlin versions, please see: https://developer.android.com/studio/build/kotlin-d8-r8-versions
WARNING: D8: An error occurred when parsing kotlin metadata. This normally happens when using a newer version of kotlin than the kotlin version released when this version of R8 was created. To find compatible kotlin versions, please see: https://developer.android.com/studio/build/kotlin-d8-r8-versions
WARNING: D8: An error occurred when parsing kotlin metadata. This normally happens when using a newer version of kotlin than the kotlin version released when this version of R8 was created. To find compatible kotlin versions, please see: https://developer.android.com/studio/build/kotlin-d8-r8-versions
WARNING: D8: An error occurred when parsing kotlin metadata. This normally happens when using a newer version of kotlin than the kotlin version released when this version of R8 was created. To find compatible kotlin versions, please see: https://developer.android.com/studio/build/kotlin-d8-r8-versions
WARNING: D8: An error occurred when parsing kotlin metadata. This normally happens when using a newer version of kotlin than the kotlin version released when this version of R8 was created. To find compatible kotlin versions, please see: https://developer.android.com/studio/build/kotlin-d8-r8-versions
WARNING: D8: An error occurred when parsing kotlin metadata. This normally happens when using a newer version of kotlin than the kotlin version released when this version of R8 was created. To find compatible kotlin versions, please see: https://developer.android.com/studio/build/kotlin-d8-r8-versions
WARNING: D8: An error occurred when parsing kotlin metadata. This normally happens when using a newer version of kotlin than the kotlin version released when this version of R8 was created. To find compatible kotlin versions, please see: https://developer.android.com/studio/build/kotlin-d8-r8-versions
WARNING: D8: An error occurred when parsing kotlin metadata. This normally happens when using a newer version of kotlin than the kotlin version released when this version of R8 was created. To find compatible kotlin versions, please see: https://developer.android.com/studio/build/kotlin-d8-r8-versions
WARNING: D8: An error occurred when parsing kotlin metadata. This normally happens when using a newer version of kotlin than the kotlin version released when this version of R8 was created. To find compatible kotlin versions, please see: https://developer.android.com/studio/build/kotlin-d8-r8-versions
WARNING: D8: An error occurred when parsing kotlin metadata. This normally happens when using a newer version of kotlin than the kotlin version released when this version of R8 was created. To find compatible kotlin versions, please see: https://developer.android.com/studio/build/kotlin-d8-r8-versions
WARNING: D8: An error occurred when parsing kotlin metadata. This normally happens when using a newer version of kotlin than the kotlin version released when this version of R8 was created. To find compatible kotlin versions, please see: https://developer.android.com/studio/build/kotlin-d8-r8-versions
WARNING: D8: An error occurred when parsing kotlin metadata. This normally happens when using a newer version of kotlin than the kotlin version released when this version of R8 was created. To find compatible kotlin versions, please see: https://developer.android.com/studio/build/kotlin-d8-r8-versions
WARNING: D8: An error occurred when parsing kotlin metadata. This normally happens when using a newer version of kotlin than the kotlin version released when this version of R8 was created. To find compatible kotlin versions, please see: https://developer.android.com/studio/build/kotlin-d8-r8-versions
WARNING: D8: An error occurred when parsing kotlin metadata. This normally happens when using a newer version of kotlin than the kotlin version released when this version of R8 was created. To find compatible kotlin versions, please see: https://developer.android.com/studio/build/kotlin-d8-r8-versions
WARNING: D8: An error occurred when parsing kotlin metadata. This normally happens when using a newer version of kotlin than the kotlin version released when this version of R8 was created. To find compatible kotlin versions, please see: https://developer.android.com/studio/build/kotlin-d8-r8-versions
WARNING: D8: An error occurred when parsing kotlin metadata. This normally happens when using a newer version of kotlin than the kotlin version released when this version of R8 was created. To find compatible kotlin versions, please see: https://developer.android.com/studio/build/kotlin-d8-r8-versions
WARNING: D8: An error occurred when parsing kotlin metadata. This normally happens when using a newer version of kotlin than the kotlin version released when this version of R8 was created. To find compatible kotlin versions, please see: https://developer.android.com/studio/build/kotlin-d8-r8-versions
WARNING: D8: An error occurred when parsing kotlin metadata. This normally happens when using a newer version of kotlin than the kotlin version released when this version of R8 was created. To find compatible kotlin versions, please see: https://developer.android.com/studio/build/kotlin-d8-r8-versions
WARNING: D8: An error occurred when parsing kotlin metadata. This normally happens when using a newer version of kotlin than the kotlin version released when this version of R8 was created. To find compatible kotlin versions, please see: https://developer.android.com/studio/build/kotlin-d8-r8-versions
WARNING: D8: An error occurred when parsing kotlin metadata. This normally happens when using a newer version of kotlin than the kotlin version released when this version of R8 was created. To find compatible kotlin versions, please see: https://developer.android.com/studio/build/kotlin-d8-r8-versions
WARNING: D8: An error occurred when parsing kotlin metadata. This normally happens when using a newer version of kotlin than the kotlin version released when this version of R8 was created. To find compatible kotlin versions, please see: https://developer.android.com/studio/build/kotlin-d8-r8-versions
WARNING: D8: An error occurred when parsing kotlin metadata. This normally happens when using a newer version of kotlin than the kotlin version released when this version of R8 was created. To find compatible kotlin versions, please see: https://developer.android.com/studio/build/kotlin-d8-r8-versions
WARNING: D8: An error occurred when parsing kotlin metadata. This normally happens when using a newer version of kotlin than the kotlin version released when this version of R8 was created. To find compatible kotlin versions, please see: https://developer.android.com/studio/build/kotlin-d8-r8-versions
WARNING: D8: An error occurred when parsing kotlin metadata. This normally happens when using a newer version of kotlin than the kotlin version released when this version of R8 was created. To find compatible kotlin versions, please see: https://developer.android.com/studio/build/kotlin-d8-r8-versions
WARNING: D8: An error occurred when parsing kotlin metadata. This normally happens when using a newer version of kotlin than the kotlin version released when this version of R8 was created. To find compatible kotlin versions, please see: https://developer.android.com/studio/build/kotlin-d8-r8-versions
WARNING: D8: An error occurred when parsing kotlin metadata. This normally happens when using a newer version of kotlin than the kotlin version released when this version of R8 was created. To find compatible kotlin versions, please see: https://developer.android.com/studio/build/kotlin-d8-r8-versions
WARNING: D8: An error occurred when parsing kotlin metadata. This normally happens when using a newer version of kotlin than the kotlin version released when this version of R8 was created. To find compatible kotlin versions, please see: https://developer.android.com/studio/build/kotlin-d8-r8-versions
WARNING: D8: An error occurred when parsing kotlin metadata. This normally happens when using a newer version of kotlin than the kotlin version released when this version of R8 was created. To find compatible kotlin versions, please see: https://developer.android.com/studio/build/kotlin-d8-r8-versions
WARNING: D8: An error occurred when parsing kotlin metadata. This normally happens when using a newer version of kotlin than the kotlin version released when this version of R8 was created. To find compatible kotlin versions, please see: https://developer.android.com/studio/build/kotlin-d8-r8-versions
WARNING: D8: An error occurred when parsing kotlin metadata. This normally happens when using a newer version of kotlin than the kotlin version released when this version of R8 was created. To find compatible kotlin versions, please see: https://developer.android.com/studio/build/kotlin-d8-r8-versions
WARNING: D8: An error occurred when parsing kotlin metadata. This normally happens when using a newer version of kotlin than the kotlin version released when this version of R8 was created. To find compatible kotlin versions, please see: https://developer.android.com/studio/build/kotlin-d8-r8-versions
WARNING: D8: An error occurred when parsing kotlin metadata. This normally happens when using a newer version of kotlin than the kotlin version released when this version of R8 was created. To find compatible kotlin versions, please see: https://developer.android.com/studio/build/kotlin-d8-r8-versions
WARNING: D8: An error occurred when parsing kotlin metadata. This normally happens when using a newer version of kotlin than the kotlin version released when this version of R8 was created. To find compatible kotlin versions, please see: https://developer.android.com/studio/build/kotlin-d8-r8-versions
WARNING: D8: An error occurred when parsing kotlin metadata. This normally happens when using a newer version of kotlin than the kotlin version released when this version of R8 was created. To find compatible kotlin versions, please see: https://developer.android.com/studio/build/kotlin-d8-r8-versions
WARNING: D8: An error occurred when parsing kotlin metadata. This normally happens when using a newer version of kotlin than the kotlin version released when this version of R8 was created. To find compatible kotlin versions, please see: https://developer.android.com/studio/build/kotlin-d8-r8-versions
WARNING: D8: An error occurred when parsing kotlin metadata. This normally happens when using a newer version of kotlin than the kotlin version released when this version of R8 was created. To find compatible kotlin versions, please see: https://developer.android.com/studio/build/kotlin-d8-r8-versions
WARNING: D8: An error occurred when parsing kotlin metadata. This normally happens when using a newer version of kotlin than the kotlin version released when this version of R8 was created. To find compatible kotlin versions, please see: https://developer.android.com/studio/build/kotlin-d8-r8-versions
WARNING: D8: An error occurred when parsing kotlin metadata. This normally happens when using a newer version of kotlin than the kotlin version released when this version of R8 was created. To find compatible kotlin versions, please see: https://developer.android.com/studio/build/kotlin-d8-r8-versions
WARNING: D8: An error occurred when parsing kotlin metadata. This normally happens when using a newer version of kotlin than the kotlin version released when this version of R8 was created. To find compatible kotlin versions, please see: https://developer.android.com/studio/build/kotlin-d8-r8-versions
WARNING: D8: An error occurred when parsing kotlin metadata. This normally happens when using a newer version of kotlin than the kotlin version released when this version of R8 was created. To find compatible kotlin versions, please see: https://developer.android.com/studio/build/kotlin-d8-r8-versions
WARNING: D8: An error occurred when parsing kotlin metadata. This normally happens when using a newer version of kotlin than the kotlin version released when this version of R8 was created. To find compatible kotlin versions, please see: https://developer.android.com/studio/build/kotlin-d8-r8-versions
WARNING: D8: An error occurred when parsing kotlin metadata. This normally happens when using a newer version of kotlin than the kotlin version released when this version of R8 was created. To find compatible kotlin versions, please see: https://developer.android.com/studio/build/kotlin-d8-r8-versions
WARNING: D8: An error occurred when parsing kotlin metadata. This normally happens when using a newer version of kotlin than the kotlin version released when this version of R8 was created. To find compatible kotlin versions, please see: https://developer.android.com/studio/build/kotlin-d8-r8-versions
WARNING: D8: An error occurred when parsing kotlin metadata. This normally happens when using a newer version of kotlin than the kotlin version released when this version of R8 was created. To find compatible kotlin versions, please see: https://developer.android.com/studio/build/kotlin-d8-r8-versions
WARNING: D8: An error occurred when parsing kotlin metadata. This normally happens when using a newer version of kotlin than the kotlin version released when this version of R8 was created. To find compatible kotlin versions, please see: https://developer.android.com/studio/build/kotlin-d8-r8-versions
WARNING: D8: An error occurred when parsing kotlin metadata. This normally happens when using a newer version of kotlin than the kotlin version released when this version of R8 was created. To find compatible kotlin versions, please see: https://developer.android.com/studio/build/kotlin-d8-r8-versions
WARNING: D8: An error occurred when parsing kotlin metadata. This normally happens when using a newer version of kotlin than the kotlin version released when this version of R8 was created. To find compatible kotlin versions, please see: https://developer.android.com/studio/build/kotlin-d8-r8-versions
WARNING: D8: An error occurred when parsing kotlin metadata. This normally happens when using a newer version of kotlin than the kotlin version released when this version of R8 was created. To find compatible kotlin versions, please see: https://developer.android.com/studio/build/kotlin-d8-r8-versions
WARNING: D8: An error occurred when parsing kotlin metadata. This normally happens when using a newer version of kotlin than the kotlin version released when this version of R8 was created. To find compatible kotlin versions, please see: https://developer.android.com/studio/build/kotlin-d8-r8-versions
WARNING: D8: An error occurred when parsing kotlin metadata. This normally happens when using a newer version of kotlin than the kotlin version released when this version of R8 was created. To find compatible kotlin versions, please see: https://developer.android.com/studio/build/kotlin-d8-r8-versions
WARNING: D8: An error occurred when parsing kotlin metadata. This normally happens when using a newer version of kotlin than the kotlin version released when this version of R8 was created. To find compatible kotlin versions, please see: https://developer.android.com/studio/build/kotlin-d8-r8-versions
WARNING: D8: An error occurred when parsing kotlin metadata. This normally happens when using a newer version of kotlin than the kotlin version released when this version of R8 was created. To find compatible kotlin versions, please see: https://developer.android.com/studio/build/kotlin-d8-r8-versions
WARNING: D8: An error occurred when parsing kotlin metadata. This normally happens when using a newer version of kotlin than the kotlin version released when this version of R8 was created. To find compatible kotlin versions, please see: https://developer.android.com/studio/build/kotlin-d8-r8-versions
WARNING: D8: An error occurred when parsing kotlin metadata. This normally happens when using a newer version of kotlin than the kotlin version released when this version of R8 was created. To find compatible kotlin versions, please see: https://developer.android.com/studio/build/kotlin-d8-r8-versions
WARNING: D8: An error occurred when parsing kotlin metadata. This normally happens when using a newer version of kotlin than the kotlin version released when this version of R8 was created. To find compatible kotlin versions, please see: https://developer.android.com/studio/build/kotlin-d8-r8-versions
WARNING: D8: An error occurred when parsing kotlin metadata. This normally happens when using a newer version of kotlin than the kotlin version released when this version of R8 was created. To find compatible kotlin versions, please see: https://developer.android.com/studio/build/kotlin-d8-r8-versions
WARNING: D8: An error occurred when parsing kotlin metadata. This normally happens when using a newer version of kotlin than the kotlin version released when this version of R8 was created. To find compatible kotlin versions, please see: https://developer.android.com/studio/build/kotlin-d8-r8-versions
WARNING: D8: An error occurred when parsing kotlin metadata. This normally happens when using a newer version of kotlin than the kotlin version released when this version of R8 was created. To find compatible kotlin versions, please see: https://developer.android.com/studio/build/kotlin-d8-r8-versions
WARNING: D8: An error occurred when parsing kotlin metadata. This normally happens when using a newer version of kotlin than the kotlin version released when this version of R8 was created. To find compatible kotlin versions, please see: https://developer.android.com/studio/build/kotlin-d8-r8-versions
WARNING: D8: An error occurred when parsing kotlin metadata. This normally happens when using a newer version of kotlin than the kotlin version released when this version of R8 was created. To find compatible kotlin versions, please see: https://developer.android.com/studio/build/kotlin-d8-r8-versions
WARNING: D8: An error occurred when parsing kotlin metadata. This normally happens when using a newer version of kotlin than the kotlin version released when this version of R8 was created. To find compatible kotlin versions, please see: https://developer.android.com/studio/build/kotlin-d8-r8-versions
WARNING: D8: An error occurred when parsing kotlin metadata. This normally happens when using a newer version of kotlin than the kotlin version released when this version of R8 was created. To find compatible kotlin versions, please see: https://developer.android.com/studio/build/kotlin-d8-r8-versions
WARNING: D8: An error occurred when parsing kotlin metadata. This normally happens when using a newer version of kotlin than the kotlin version released when this version of R8 was created. To find compatible kotlin versions, please see: https://developer.android.com/studio/build/kotlin-d8-r8-versions
WARNING: D8: An error occurred when parsing kotlin metadata. This normally happens when using a newer version of kotlin than the kotlin version released when this version of R8 was created. To find compatible kotlin versions, please see: https://developer.android.com/studio/build/kotlin-d8-r8-versions
WARNING: D8: An error occurred when parsing kotlin metadata. This normally happens when using a newer version of kotlin than the kotlin version released when this version of R8 was created. To find compatible kotlin versions, please see: https://developer.android.com/studio/build/kotlin-d8-r8-versions
WARNING: D8: An error occurred when parsing kotlin metadata. This normally happens when using a newer version of kotlin than the kotlin version released when this version of R8 was created. To find compatible kotlin versions, please see: https://developer.android.com/studio/build/kotlin-d8-r8-versions
WARNING: D8: An error occurred when parsing kotlin metadata. This normally happens when using a newer version of kotlin than the kotlin version released when this version of R8 was created. To find compatible kotlin versions, please see: https://developer.android.com/studio/build/kotlin-d8-r8-versions
WARNING: D8: An error occurred when parsing kotlin metadata. This normally happens when using a newer version of kotlin than the kotlin version released when this version of R8 was created. To find compatible kotlin versions, please see: https://developer.android.com/studio/build/kotlin-d8-r8-versions
WARNING: D8: An error occurred when parsing kotlin metadata. This normally happens when using a newer version of kotlin than the kotlin version released when this version of R8 was created. To find compatible kotlin versions, please see: https://developer.android.com/studio/build/kotlin-d8-r8-versions
WARNING: D8: An error occurred when parsing kotlin metadata. This normally happens when using a newer version of kotlin than the kotlin version released when this version of R8 was created. To find compatible kotlin versions, please see: https://developer.android.com/studio/build/kotlin-d8-r8-versions
WARNING: D8: An error occurred when parsing kotlin metadata. This normally happens when using a newer version of kotlin than the kotlin version released when this version of R8 was created. To find compatible kotlin versions, please see: https://developer.android.com/studio/build/kotlin-d8-r8-versions
WARNING: D8: An error occurred when parsing kotlin metadata. This normally happens when using a newer version of kotlin than the kotlin version released when this version of R8 was created. To find compatible kotlin versions, please see: https://developer.android.com/studio/build/kotlin-d8-r8-versions
WARNING: D8: An error occurred when parsing kotlin metadata. This normally happens when using a newer version of kotlin than the kotlin version released when this version of R8 was created. To find compatible kotlin versions, please see: https://developer.android.com/studio/build/kotlin-d8-r8-versions
WARNING: D8: An error occurred when parsing kotlin metadata. This normally happens when using a newer version of kotlin than the kotlin version released when this version of R8 was created. To find compatible kotlin versions, please see: https://developer.android.com/studio/build/kotlin-d8-r8-versions
WARNING: D8: An error occurred when parsing kotlin metadata. This normally happens when using a newer version of kotlin than the kotlin version released when this version of R8 was created. To find compatible kotlin versions, please see: https://developer.android.com/studio/build/kotlin-d8-r8-versions
WARNING: D8: An error occurred when parsing kotlin metadata. This normally happens when using a newer version of kotlin than the kotlin version released when this version of R8 was created. To find compatible kotlin versions, please see: https://developer.android.com/studio/build/kotlin-d8-r8-versions
WARNING: D8: An error occurred when parsing kotlin metadata. This normally happens when using a newer version of kotlin than the kotlin version released when this version of R8 was created. To find compatible kotlin versions, please see: https://developer.android.com/studio/build/kotlin-d8-r8-versions
WARNING: D8: An error occurred when parsing kotlin metadata. This normally happens when using a newer version of kotlin than the kotlin version released when this version of R8 was created. To find compatible kotlin versions, please see: https://developer.android.com/studio/build/kotlin-d8-r8-versions
WARNING: D8: An error occurred when parsing kotlin metadata. This normally happens when using a newer version of kotlin than the kotlin version released when this version of R8 was created. To find compatible kotlin versions, please see: https://developer.android.com/studio/build/kotlin-d8-r8-versions
WARNING: D8: An error occurred when parsing kotlin metadata. This normally happens when using a newer version of kotlin than the kotlin version released when this version of R8 was created. To find compatible kotlin versions, please see: https://developer.android.com/studio/build/kotlin-d8-r8-versions
WARNING: D8: An error occurred when parsing kotlin metadata. This normally happens when using a newer version of kotlin than the kotlin version released when this version of R8 was created. To find compatible kotlin versions, please see: https://developer.android.com/studio/build/kotlin-d8-r8-versions
WARNING: D8: An error occurred when parsing kotlin metadata. This normally happens when using a newer version of kotlin than the kotlin version released when this version of R8 was created. To find compatible kotlin versions, please see: https://developer.android.com/studio/build/kotlin-d8-r8-versions
WARNING: D8: An error occurred when parsing kotlin metadata. This normally happens when using a newer version of kotlin than the kotlin version released when this version of R8 was created. To find compatible kotlin versions, please see: https://developer.android.com/studio/build/kotlin-d8-r8-versions
WARNING: D8: An error occurred when parsing kotlin metadata. This normally happens when using a newer version of kotlin than the kotlin version released when this version of R8 was created. To find compatible kotlin versions, please see: https://developer.android.com/studio/build/kotlin-d8-r8-versions
WARNING: D8: An error occurred when parsing kotlin metadata. This normally happens when using a newer version of kotlin than the kotlin version released when this version of R8 was created. To find compatible kotlin versions, please see: https://developer.android.com/studio/build/kotlin-d8-r8-versions
WARNING: D8: An error occurred when parsing kotlin metadata. This normally happens when using a newer version of kotlin than the kotlin version released when this version of R8 was created. To find compatible kotlin versions, please see: https://developer.android.com/studio/build/kotlin-d8-r8-versions
WARNING: D8: An error occurred when parsing kotlin metadata. This normally happens when using a newer version of kotlin than the kotlin version released when this version of R8 was created. To find compatible kotlin versions, please see: https://developer.android.com/studio/build/kotlin-d8-r8-versions
WARNING: D8: An error occurred when parsing kotlin metadata. This normally happens when using a newer version of kotlin than the kotlin version released when this version of R8 was created. To find compatible kotlin versions, please see: https://developer.android.com/studio/build/kotlin-d8-r8-versions
WARNING: D8: An error occurred when parsing kotlin metadata. This normally happens when using a newer version of kotlin than the kotlin version released when this version of R8 was created. To find compatible kotlin versions, please see: https://developer.android.com/studio/build/kotlin-d8-r8-versions
WARNING: D8: An error occurred when parsing kotlin metadata. This normally happens when using a newer version of kotlin than the kotlin version released when this version of R8 was created. To find compatible kotlin versions, please see: https://developer.android.com/studio/build/kotlin-d8-r8-versions
WARNING: D8: An error occurred when parsing kotlin metadata. This normally happens when using a newer version of kotlin than the kotlin version released when this version of R8 was created. To find compatible kotlin versions, please see: https://developer.android.com/studio/build/kotlin-d8-r8-versions
WARNING: D8: An error occurred when parsing kotlin metadata. This normally happens when using a newer version of kotlin than the kotlin version released when this version of R8 was created. To find compatible kotlin versions, please see: https://developer.android.com/studio/build/kotlin-d8-r8-versions
WARNING: D8: An error occurred when parsing kotlin metadata. This normally happens when using a newer version of kotlin than the kotlin version released when this version of R8 was created. To find compatible kotlin versions, please see: https://developer.android.com/studio/build/kotlin-d8-r8-versions
WARNING: D8: An error occurred when parsing kotlin metadata. This normally happens when using a newer version of kotlin than the kotlin version released when this version of R8 was created. To find compatible kotlin versions, please see: https://developer.android.com/studio/build/kotlin-d8-r8-versions
WARNING: D8: An error occurred when parsing kotlin metadata. This normally happens when using a newer version of kotlin than the kotlin version released when this version of R8 was created. To find compatible kotlin versions, please see: https://developer.android.com/studio/build/kotlin-d8-r8-versions
WARNING: D8: An error occurred when parsing kotlin metadata. This normally happens when using a newer version of kotlin than the kotlin version released when this version of R8 was created. To find compatible kotlin versions, please see: https://developer.android.com/studio/build/kotlin-d8-r8-versions
WARNING: D8: An error occurred when parsing kotlin metadata. This normally happens when using a newer version of kotlin than the kotlin version released when this version of R8 was created. To find compatible kotlin versions, please see: https://developer.android.com/studio/build/kotlin-d8-r8-versions
WARNING: D8: An error occurred when parsing kotlin metadata. This normally happens when using a newer version of kotlin than the kotlin version released when this version of R8 was created. To find compatible kotlin versions, please see: https://developer.android.com/studio/build/kotlin-d8-r8-versions
WARNING: D8: An error occurred when parsing kotlin metadata. This normally happens when using a newer version of kotlin than the kotlin version released when this version of R8 was created. To find compatible kotlin versions, please see: https://developer.android.com/studio/build/kotlin-d8-r8-versions
WARNING: D8: An error occurred when parsing kotlin metadata. This normally happens when using a newer version of kotlin than the kotlin version released when this version of R8 was created. To find compatible kotlin versions, please see: https://developer.android.com/studio/build/kotlin-d8-r8-versions
WARNING: D8: An error occurred when parsing kotlin metadata. This normally happens when using a newer version of kotlin than the kotlin version released when this version of R8 was created. To find compatible kotlin versions, please see: https://developer.android.com/studio/build/kotlin-d8-r8-versions
WARNING: D8: An error occurred when parsing kotlin metadata. This normally happens when using a newer version of kotlin than the kotlin version released when this version of R8 was created. To find compatible kotlin versions, please see: https://developer.android.com/studio/build/kotlin-d8-r8-versions
WARNING: D8: An error occurred when parsing kotlin metadata. This normally happens when using a newer version of kotlin than the kotlin version released when this version of R8 was created. To find compatible kotlin versions, please see: https://developer.android.com/studio/build/kotlin-d8-r8-versions
WARNING: D8: An error occurred when parsing kotlin metadata. This normally happens when using a newer version of kotlin than the kotlin version released when this version of R8 was created. To find compatible kotlin versions, please see: https://developer.android.com/studio/build/kotlin-d8-r8-versions
WARNING: D8: An error occurred when parsing kotlin metadata. This normally happens when using a newer version of kotlin than the kotlin version released when this version of R8 was created. To find compatible kotlin versions, please see: https://developer.android.com/studio/build/kotlin-d8-r8-versions
WARNING: D8: An error occurred when parsing kotlin metadata. This normally happens when using a newer version of kotlin than the kotlin version released when this version of R8 was created. To find compatible kotlin versions, please see: https://developer.android.com/studio/build/kotlin-d8-r8-versions
WARNING: D8: An error occurred when parsing kotlin metadata. This normally happens when using a newer version of kotlin than the kotlin version released when this version of R8 was created. To find compatible kotlin versions, please see: https://developer.android.com/studio/build/kotlin-d8-r8-versions
WARNING: D8: An error occurred when parsing kotlin metadata. This normally happens when using a newer version of kotlin than the kotlin version released when this version of R8 was created. To find compatible kotlin versions, please see: https://developer.android.com/studio/build/kotlin-d8-r8-versions
WARNING: D8: An error occurred when parsing kotlin metadata. This normally happens when using a newer version of kotlin than the kotlin version released when this version of R8 was created. To find compatible kotlin versions, please see: https://developer.android.com/studio/build/kotlin-d8-r8-versions
WARNING: D8: An error occurred when parsing kotlin metadata. This normally happens when using a newer version of kotlin than the kotlin version released when this version of R8 was created. To find compatible kotlin versions, please see: https://developer.android.com/studio/build/kotlin-d8-r8-versions
WARNING: D8: An error occurred when parsing kotlin metadata. This normally happens when using a newer version of kotlin than the kotlin version released when this version of R8 was created. To find compatible kotlin versions, please see: https://developer.android.com/studio/build/kotlin-d8-r8-versions
WARNING: D8: An error occurred when parsing kotlin metadata. This normally happens when using a newer version of kotlin than the kotlin version released when this version of R8 was created. To find compatible kotlin versions, please see: https://developer.android.com/studio/build/kotlin-d8-r8-versions
WARNING: D8: An error occurred when parsing kotlin metadata. This normally happens when using a newer version of kotlin than the kotlin version released when this version of R8 was created. To find compatible kotlin versions, please see: https://developer.android.com/studio/build/kotlin-d8-r8-versions
WARNING: D8: An error occurred when parsing kotlin metadata. This normally happens when using a newer version of kotlin than the kotlin version released when this version of R8 was created. To find compatible kotlin versions, please see: https://developer.android.com/studio/build/kotlin-d8-r8-versions
WARNING: D8: An error occurred when parsing kotlin metadata. This normally happens when using a newer version of kotlin than the kotlin version released when this version of R8 was created. To find compatible kotlin versions, please see: https://developer.android.com/studio/build/kotlin-d8-r8-versions
WARNING: D8: An error occurred when parsing kotlin metadata. This normally happens when using a newer version of kotlin than the kotlin version released when this version of R8 was created. To find compatible kotlin versions, please see: https://developer.android.com/studio/build/kotlin-d8-r8-versions
WARNING: D8: An error occurred when parsing kotlin metadata. This normally happens when using a newer version of kotlin than the kotlin version released when this version of R8 was created. To find compatible kotlin versions, please see: https://developer.android.com/studio/build/kotlin-d8-r8-versions
WARNING: D8: An error occurred when parsing kotlin metadata. This normally happens when using a newer version of kotlin than the kotlin version released when this version of R8 was created. To find compatible kotlin versions, please see: https://developer.android.com/studio/build/kotlin-d8-r8-versions
WARNING: D8: An error occurred when parsing kotlin metadata. This normally happens when using a newer version of kotlin than the kotlin version released when this version of R8 was created. To find compatible kotlin versions, please see: https://developer.android.com/studio/build/kotlin-d8-r8-versions
WARNING: D8: An error occurred when parsing kotlin metadata. This normally happens when using a newer version of kotlin than the kotlin version released when this version of R8 was created. To find compatible kotlin versions, please see: https://developer.android.com/studio/build/kotlin-d8-r8-versions
WARNING: D8: An error occurred when parsing kotlin metadata. This normally happens when using a newer version of kotlin than the kotlin version released when this version of R8 was created. To find compatible kotlin versions, please see: https://developer.android.com/studio/build/kotlin-d8-r8-versions
WARNING: D8: An error occurred when parsing kotlin metadata. This normally happens when using a newer version of kotlin than the kotlin version released when this version of R8 was created. To find compatible kotlin versions, please see: https://developer.android.com/studio/build/kotlin-d8-r8-versions
WARNING: D8: An error occurred when parsing kotlin metadata. This normally happens when using a newer version of kotlin than the kotlin version released when this version of R8 was created. To find compatible kotlin versions, please see: https://developer.android.com/studio/build/kotlin-d8-r8-versions
WARNING: D8: An error occurred when parsing kotlin metadata. This normally happens when using a newer version of kotlin than the kotlin version released when this version of R8 was created. To find compatible kotlin versions, please see: https://developer.android.com/studio/build/kotlin-d8-r8-versions
WARNING: D8: An error occurred when parsing kotlin metadata. This normally happens when using a newer version of kotlin than the kotlin version released when this version of R8 was created. To find compatible kotlin versions, please see: https://developer.android.com/studio/build/kotlin-d8-r8-versions
WARNING: D8: An error occurred when parsing kotlin metadata. This normally happens when using a newer version of kotlin than the kotlin version released when this version of R8 was created. To find compatible kotlin versions, please see: https://developer.android.com/studio/build/kotlin-d8-r8-versions
WARNING: D8: An error occurred when parsing kotlin metadata. This normally happens when using a newer version of kotlin than the kotlin version released when this version of R8 was created. To find compatible kotlin versions, please see: https://developer.android.com/studio/build/kotlin-d8-r8-versions
WARNING: D8: An error occurred when parsing kotlin metadata. This normally happens when using a newer version of kotlin than the kotlin version released when this version of R8 was created. To find compatible kotlin versions, please see: https://developer.android.com/studio/build/kotlin-d8-r8-versions
WARNING: D8: An error occurred when parsing kotlin metadata. This normally happens when using a newer version of kotlin than the kotlin version released when this version of R8 was created. To find compatible kotlin versions, please see: https://developer.android.com/studio/build/kotlin-d8-r8-versions
WARNING: D8: An error occurred when parsing kotlin metadata. This normally happens when using a newer version of kotlin than the kotlin version released when this version of R8 was created. To find compatible kotlin versions, please see: https://developer.android.com/studio/build/kotlin-d8-r8-versions
WARNING: D8: An error occurred when parsing kotlin metadata. This normally happens when using a newer version of kotlin than the kotlin version released when this version of R8 was created. To find compatible kotlin versions, please see: https://developer.android.com/studio/build/kotlin-d8-r8-versions
WARNING: D8: An error occurred when parsing kotlin metadata. This normally happens when using a newer version of kotlin than the kotlin version released when this version of R8 was created. To find compatible kotlin versions, please see: https://developer.android.com/studio/build/kotlin-d8-r8-versions
WARNING: D8: An error occurred when parsing kotlin metadata. This normally happens when using a newer version of kotlin than the kotlin version released when this version of R8 was created. To find compatible kotlin versions, please see: https://developer.android.com/studio/build/kotlin-d8-r8-versions
WARNING: D8: An error occurred when parsing kotlin metadata. This normally happens when using a newer version of kotlin than the kotlin version released when this version of R8 was created. To find compatible kotlin versions, please see: https://developer.android.com/studio/build/kotlin-d8-r8-versions
WARNING: D8: An error occurred when parsing kotlin metadata. This normally happens when using a newer version of kotlin than the kotlin version released when this version of R8 was created. To find compatible kotlin versions, please see: https://developer.android.com/studio/build/kotlin-d8-r8-versions
WARNING: D8: An error occurred when parsing kotlin metadata. This normally happens when using a newer version of kotlin than the kotlin version released when this version of R8 was created. To find compatible kotlin versions, please see: https://developer.android.com/studio/build/kotlin-d8-r8-versions
WARNING: D8: An error occurred when parsing kotlin metadata. This normally happens when using a newer version of kotlin than the kotlin version released when this version of R8 was created. To find compatible kotlin versions, please see: https://developer.android.com/studio/build/kotlin-d8-r8-versions
WARNING: D8: An error occurred when parsing kotlin metadata. This normally happens when using a newer version of kotlin than the kotlin version released when this version of R8 was created. To find compatible kotlin versions, please see: https://developer.android.com/studio/build/kotlin-d8-r8-versions
WARNING: D8: An error occurred when parsing kotlin metadata. This normally happens when using a newer version of kotlin than the kotlin version released when this version of R8 was created. To find compatible kotlin versions, please see: https://developer.android.com/studio/build/kotlin-d8-r8-versions
WARNING: D8: An error occurred when parsing kotlin metadata. This normally happens when using a newer version of kotlin than the kotlin version released when this version of R8 was created. To find compatible kotlin versions, please see: https://developer.android.com/studio/build/kotlin-d8-r8-versions
WARNING: D8: An error occurred when parsing kotlin metadata. This normally happens when using a newer version of kotlin than the kotlin version released when this version of R8 was created. To find compatible kotlin versions, please see: https://developer.android.com/studio/build/kotlin-d8-r8-versions
WARNING: D8: An error occurred when parsing kotlin metadata. This normally happens when using a newer version of kotlin than the kotlin version released when this version of R8 was created. To find compatible kotlin versions, please see: https://developer.android.com/studio/build/kotlin-d8-r8-versions
WARNING: D8: An error occurred when parsing kotlin metadata. This normally happens when using a newer version of kotlin than the kotlin version released when this version of R8 was created. To find compatible kotlin versions, please see: https://developer.android.com/studio/build/kotlin-d8-r8-versions
WARNING: D8: An error occurred when parsing kotlin metadata. This normally happens when using a newer version of kotlin than the kotlin version released when this version of R8 was created. To find compatible kotlin versions, please see: https://developer.android.com/studio/build/kotlin-d8-r8-versions
WARNING: D8: An error occurred when parsing kotlin metadata. This normally happens when using a newer version of kotlin than the kotlin version released when this version of R8 was created. To find compatible kotlin versions, please see: https://developer.android.com/studio/build/kotlin-d8-r8-versions
WARNING: D8: An error occurred when parsing kotlin metadata. This normally happens when using a newer version of kotlin than the kotlin version released when this version of R8 was created. To find compatible kotlin versions, please see: https://developer.android.com/studio/build/kotlin-d8-r8-versions
WARNING: D8: An error occurred when parsing kotlin metadata. This normally happens when using a newer version of kotlin than the kotlin version released when this version of R8 was created. To find compatible kotlin versions, please see: https://developer.android.com/studio/build/kotlin-d8-r8-versions
WARNING: D8: An error occurred when parsing kotlin metadata. This normally happens when using a newer version of kotlin than the kotlin version released when this version of R8 was created. To find compatible kotlin versions, please see: https://developer.android.com/studio/build/kotlin-d8-r8-versions
WARNING: D8: An error occurred when parsing kotlin metadata. This normally happens when using a newer version of kotlin than the kotlin version released when this version of R8 was created. To find compatible kotlin versions, please see: https://developer.android.com/studio/build/kotlin-d8-r8-versions
WARNING: D8: An error occurred when parsing kotlin metadata. This normally happens when using a newer version of kotlin than the kotlin version released when this version of R8 was created. To find compatible kotlin versions, please see: https://developer.android.com/studio/build/kotlin-d8-r8-versions
WARNING: D8: An error occurred when parsing kotlin metadata. This normally happens when using a newer version of kotlin than the kotlin version released when this version of R8 was created. To find compatible kotlin versions, please see: https://developer.android.com/studio/build/kotlin-d8-r8-versions
WARNING: D8: An error occurred when parsing kotlin metadata. This normally happens when using a newer version of kotlin than the kotlin version released when this version of R8 was created. To find compatible kotlin versions, please see: https://developer.android.com/studio/build/kotlin-d8-r8-versions
WARNING: D8: An error occurred when parsing kotlin metadata. This normally happens when using a newer version of kotlin than the kotlin version released when this version of R8 was created. To find compatible kotlin versions, please see: https://developer.android.com/studio/build/kotlin-d8-r8-versions
WARNING: D8: An error occurred when parsing kotlin metadata. This normally happens when using a newer version of kotlin than the kotlin version released when this version of R8 was created. To find compatible kotlin versions, please see: https://developer.android.com/studio/build/kotlin-d8-r8-versions
WARNING: D8: An error occurred when parsing kotlin metadata. This normally happens when using a newer version of kotlin than the kotlin version released when this version of R8 was created. To find compatible kotlin versions, please see: https://developer.android.com/studio/build/kotlin-d8-r8-versions
WARNING: D8: An error occurred when parsing kotlin metadata. This normally happens when using a newer version of kotlin than the kotlin version released when this version of R8 was created. To find compatible kotlin versions, please see: https://developer.android.com/studio/build/kotlin-d8-r8-versions
WARNING: D8: An error occurred when parsing kotlin metadata. This normally happens when using a newer version of kotlin than the kotlin version released when this version of R8 was created. To find compatible kotlin versions, please see: https://developer.android.com/studio/build/kotlin-d8-r8-versions
WARNING: D8: An error occurred when parsing kotlin metadata. This normally happens when using a newer version of kotlin than the kotlin version released when this version of R8 was created. To find compatible kotlin versions, please see: https://developer.android.com/studio/build/kotlin-d8-r8-versions
WARNING: D8: An error occurred when parsing kotlin metadata. This normally happens when using a newer version of kotlin than the kotlin version released when this version of R8 was created. To find compatible kotlin versions, please see: https://developer.android.com/studio/build/kotlin-d8-r8-versions
WARNING: D8: An error occurred when parsing kotlin metadata. This normally happens when using a newer version of kotlin than the kotlin version released when this version of R8 was created. To find compatible kotlin versions, please see: https://developer.android.com/studio/build/kotlin-d8-r8-versions
WARNING: D8: An error occurred when parsing kotlin metadata. This normally happens when using a newer version of kotlin than the kotlin version released when this version of R8 was created. To find compatible kotlin versions, please see: https://developer.android.com/studio/build/kotlin-d8-r8-versions
WARNING: D8: An error occurred when parsing kotlin metadata. This normally happens when using a newer version of kotlin than the kotlin version released when this version of R8 was created. To find compatible kotlin versions, please see: https://developer.android.com/studio/build/kotlin-d8-r8-versions
WARNING: D8: An error occurred when parsing kotlin metadata. This normally happens when using a newer version of kotlin than the kotlin version released when this version of R8 was created. To find compatible kotlin versions, please see: https://developer.android.com/studio/build/kotlin-d8-r8-versions
WARNING: D8: An error occurred when parsing kotlin metadata. This normally happens when using a newer version of kotlin than the kotlin version released when this version of R8 was created. To find compatible kotlin versions, please see: https://developer.android.com/studio/build/kotlin-d8-r8-versions
WARNING: D8: An error occurred when parsing kotlin metadata. This normally happens when using a newer version of kotlin than the kotlin version released when this version of R8 was created. To find compatible kotlin versions, please see: https://developer.android.com/studio/build/kotlin-d8-r8-versions
WARNING: D8: An error occurred when parsing kotlin metadata. This normally happens when using a newer version of kotlin than the kotlin version released when this version of R8 was created. To find compatible kotlin versions, please see: https://developer.android.com/studio/build/kotlin-d8-r8-versions
WARNING: D8: An error occurred when parsing kotlin metadata. This normally happens when using a newer version of kotlin than the kotlin version released when this version of R8 was created. To find compatible kotlin versions, please see: https://developer.android.com/studio/build/kotlin-d8-r8-versions
WARNING: D8: An error occurred when parsing kotlin metadata. This normally happens when using a newer version of kotlin than the kotlin version released when this version of R8 was created. To find compatible kotlin versions, please see: https://developer.android.com/studio/build/kotlin-d8-r8-versions
WARNING: D8: An error occurred when parsing kotlin metadata. This normally happens when using a newer version of kotlin than the kotlin version released when this version of R8 was created. To find compatible kotlin versions, please see: https://developer.android.com/studio/build/kotlin-d8-r8-versions
WARNING: D8: An error occurred when parsing kotlin metadata. This normally happens when using a newer version of kotlin than the kotlin version released when this version of R8 was created. To find compatible kotlin versions, please see: https://developer.android.com/studio/build/kotlin-d8-r8-versions
WARNING: D8: An error occurred when parsing kotlin metadata. This normally happens when using a newer version of kotlin than the kotlin version released when this version of R8 was created. To find compatible kotlin versions, please see: https://developer.android.com/studio/build/kotlin-d8-r8-versions
WARNING: D8: An error occurred when parsing kotlin metadata. This normally happens when using a newer version of kotlin than the kotlin version released when this version of R8 was created. To find compatible kotlin versions, please see: https://developer.android.com/studio/build/kotlin-d8-r8-versions
WARNING: D8: An error occurred when parsing kotlin metadata. This normally happens when using a newer version of kotlin than the kotlin version released when this version of R8 was created. To find compatible kotlin versions, please see: https://developer.android.com/studio/build/kotlin-d8-r8-versions
WARNING: D8: An error occurred when parsing kotlin metadata. This normally happens when using a newer version of kotlin than the kotlin version released when this version of R8 was created. To find compatible kotlin versions, please see: https://developer.android.com/studio/build/kotlin-d8-r8-versions
WARNING: D8: An error occurred when parsing kotlin metadata. This normally happens when using a newer version of kotlin than the kotlin version released when this version of R8 was created. To find compatible kotlin versions, please see: https://developer.android.com/studio/build/kotlin-d8-r8-versions
WARNING: D8: An error occurred when parsing kotlin metadata. This normally happens when using a newer version of kotlin than the kotlin version released when this version of R8 was created. To find compatible kotlin versions, please see: https://developer.android.com/studio/build/kotlin-d8-r8-versions
WARNING: D8: An error occurred when parsing kotlin metadata. This normally happens when using a newer version of kotlin than the kotlin version released when this version of R8 was created. To find compatible kotlin versions, please see: https://developer.android.com/studio/build/kotlin-d8-r8-versions
WARNING: D8: An error occurred when parsing kotlin metadata. This normally happens when using a newer version of kotlin than the kotlin version released when this version of R8 was created. To find compatible kotlin versions, please see: https://developer.android.com/studio/build/kotlin-d8-r8-versions
WARNING: D8: An error occurred when parsing kotlin metadata. This normally happens when using a newer version of kotlin than the kotlin version released when this version of R8 was created. To find compatible kotlin versions, please see: https://developer.android.com/studio/build/kotlin-d8-r8-versions
WARNING: D8: An error occurred when parsing kotlin metadata. This normally happens when using a newer version of kotlin than the kotlin version released when this version of R8 was created. To find compatible kotlin versions, please see: https://developer.android.com/studio/build/kotlin-d8-r8-versions
WARNING: D8: An error occurred when parsing kotlin metadata. This normally happens when using a newer version of kotlin than the kotlin version released when this version of R8 was created. To find compatible kotlin versions, please see: https://developer.android.com/studio/build/kotlin-d8-r8-versions
WARNING: D8: An error occurred when parsing kotlin metadata. This normally happens when using a newer version of kotlin than the kotlin version released when this version of R8 was created. To find compatible kotlin versions, please see: https://developer.android.com/studio/build/kotlin-d8-r8-versions
WARNING: D8: An error occurred when parsing kotlin metadata. This normally happens when using a newer version of kotlin than the kotlin version released when this version of R8 was created. To find compatible kotlin versions, please see: https://developer.android.com/studio/build/kotlin-d8-r8-versions
WARNING: D8: An error occurred when parsing kotlin metadata. This normally happens when using a newer version of kotlin than the kotlin version released when this version of R8 was created. To find compatible kotlin versions, please see: https://developer.android.com/studio/build/kotlin-d8-r8-versions
WARNING: D8: An error occurred when parsing kotlin metadata. This normally happens when using a newer version of kotlin than the kotlin version released when this version of R8 was created. To find compatible kotlin versions, please see: https://developer.android.com/studio/build/kotlin-d8-r8-versions
WARNING: D8: An error occurred when parsing kotlin metadata. This normally happens when using a newer version of kotlin than the kotlin version released when this version of R8 was created. To find compatible kotlin versions, please see: https://developer.android.com/studio/build/kotlin-d8-r8-versions
WARNING: D8: An error occurred when parsing kotlin metadata. This normally happens when using a newer version of kotlin than the kotlin version released when this version of R8 was created. To find compatible kotlin versions, please see: https://developer.android.com/studio/build/kotlin-d8-r8-versions
WARNING: D8: An error occurred when parsing kotlin metadata. This normally happens when using a newer version of kotlin than the kotlin version released when this version of R8 was created. To find compatible kotlin versions, please see: https://developer.android.com/studio/build/kotlin-d8-r8-versions
WARNING: D8: An error occurred when parsing kotlin metadata. This normally happens when using a newer version of kotlin than the kotlin version released when this version of R8 was created. To find compatible kotlin versions, please see: https://developer.android.com/studio/build/kotlin-d8-r8-versions
WARNING: D8: An error occurred when parsing kotlin metadata. This normally happens when using a newer version of kotlin than the kotlin version released when this version of R8 was created. To find compatible kotlin versions, please see: https://developer.android.com/studio/build/kotlin-d8-r8-versions
WARNING: D8: An error occurred when parsing kotlin metadata. This normally happens when using a newer version of kotlin than the kotlin version released when this version of R8 was created. To find compatible kotlin versions, please see: https://developer.android.com/studio/build/kotlin-d8-r8-versions
WARNING: D8: An error occurred when parsing kotlin metadata. This normally happens when using a newer version of kotlin than the kotlin version released when this version of R8 was created. To find compatible kotlin versions, please see: https://developer.android.com/studio/build/kotlin-d8-r8-versions
WARNING: D8: An error occurred when parsing kotlin metadata. This normally happens when using a newer version of kotlin than the kotlin version released when this version of R8 was created. To find compatible kotlin versions, please see: https://developer.android.com/studio/build/kotlin-d8-r8-versions
WARNING: D8: An error occurred when parsing kotlin metadata. This normally happens when using a newer version of kotlin than the kotlin version released when this version of R8 was created. To find compatible kotlin versions, please see: https://developer.android.com/studio/build/kotlin-d8-r8-versions
WARNING: D8: An error occurred when parsing kotlin metadata. This normally happens when using a newer version of kotlin than the kotlin version released when this version of R8 was created. To find compatible kotlin versions, please see: https://developer.android.com/studio/build/kotlin-d8-r8-versions
WARNING: D8: An error occurred when parsing kotlin metadata. This normally happens when using a newer version of kotlin than the kotlin version released when this version of R8 was created. To find compatible kotlin versions, please see: https://developer.android.com/studio/build/kotlin-d8-r8-versions
WARNING: D8: An error occurred when parsing kotlin metadata. This normally happens when using a newer version of kotlin than the kotlin version released when this version of R8 was created. To find compatible kotlin versions, please see: https://developer.android.com/studio/build/kotlin-d8-r8-versions
WARNING: D8: An error occurred when parsing kotlin metadata. This normally happens when using a newer version of kotlin than the kotlin version released when this version of R8 was created. To find compatible kotlin versions, please see: https://developer.android.com/studio/build/kotlin-d8-r8-versions
WARNING: D8: An error occurred when parsing kotlin metadata. This normally happens when using a newer version of kotlin than the kotlin version released when this version of R8 was created. To find compatible kotlin versions, please see: https://developer.android.com/studio/build/kotlin-d8-r8-versions
WARNING: D8: An error occurred when parsing kotlin metadata. This normally happens when using a newer version of kotlin than the kotlin version released when this version of R8 was created. To find compatible kotlin versions, please see: https://developer.android.com/studio/build/kotlin-d8-r8-versions
WARNING: D8: An error occurred when parsing kotlin metadata. This normally happens when using a newer version of kotlin than the kotlin version released when this version of R8 was created. To find compatible kotlin versions, please see: https://developer.android.com/studio/build/kotlin-d8-r8-versions
WARNING: D8: An error occurred when parsing kotlin metadata. This normally happens when using a newer version of kotlin than the kotlin version released when this version of R8 was created. To find compatible kotlin versions, please see: https://developer.android.com/studio/build/kotlin-d8-r8-versions
WARNING: D8: An error occurred when parsing kotlin metadata. This normally happens when using a newer version of kotlin than the kotlin version released when this version of R8 was created. To find compatible kotlin versions, please see: https://developer.android.com/studio/build/kotlin-d8-r8-versions
WARNING: D8: An error occurred when parsing kotlin metadata. This normally happens when using a newer version of kotlin than the kotlin version released when this version of R8 was created. To find compatible kotlin versions, please see: https://developer.android.com/studio/build/kotlin-d8-r8-versions
WARNING: D8: An error occurred when parsing kotlin metadata. This normally happens when using a newer version of kotlin than the kotlin version released when this version of R8 was created. To find compatible kotlin versions, please see: https://developer.android.com/studio/build/kotlin-d8-r8-versions
WARNING: D8: An error occurred when parsing kotlin metadata. This normally happens when using a newer version of kotlin than the kotlin version released when this version of R8 was created. To find compatible kotlin versions, please see: https://developer.android.com/studio/build/kotlin-d8-r8-versions
WARNING: D8: An error occurred when parsing kotlin metadata. This normally happens when using a newer version of kotlin than the kotlin version released when this version of R8 was created. To find compatible kotlin versions, please see: https://developer.android.com/studio/build/kotlin-d8-r8-versions
WARNING: D8: An error occurred when parsing kotlin metadata. This normally happens when using a newer version of kotlin than the kotlin version released when this version of R8 was created. To find compatible kotlin versions, please see: https://developer.android.com/studio/build/kotlin-d8-r8-versions
WARNING: D8: An error occurred when parsing kotlin metadata. This normally happens when using a newer version of kotlin than the kotlin version released when this version of R8 was created. To find compatible kotlin versions, please see: https://developer.android.com/studio/build/kotlin-d8-r8-versions
WARNING: D8: An error occurred when parsing kotlin metadata. This normally happens when using a newer version of kotlin than the kotlin version released when this version of R8 was created. To find compatible kotlin versions, please see: https://developer.android.com/studio/build/kotlin-d8-r8-versions
WARNING: D8: An error occurred when parsing kotlin metadata. This normally happens when using a newer version of kotlin than the kotlin version released when this version of R8 was created. To find compatible kotlin versions, please see: https://developer.android.com/studio/build/kotlin-d8-r8-versions
WARNING: D8: An error occurred when parsing kotlin metadata. This normally happens when using a newer version of kotlin than the kotlin version released when this version of R8 was created. To find compatible kotlin versions, please see: https://developer.android.com/studio/build/kotlin-d8-r8-versions
WARNING: D8: An error occurred when parsing kotlin metadata. This normally happens when using a newer version of kotlin than the kotlin version released when this version of R8 was created. To find compatible kotlin versions, please see: https://developer.android.com/studio/build/kotlin-d8-r8-versions
WARNING: D8: An error occurred when parsing kotlin metadata. This normally happens when using a newer version of kotlin than the kotlin version released when this version of R8 was created. To find compatible kotlin versions, please see: https://developer.android.com/studio/build/kotlin-d8-r8-versions
WARNING: D8: An error occurred when parsing kotlin metadata. This normally happens when using a newer version of kotlin than the kotlin version released when this version of R8 was created. To find compatible kotlin versions, please see: https://developer.android.com/studio/build/kotlin-d8-r8-versions
WARNING: D8: An error occurred when parsing kotlin metadata. This normally happens when using a newer version of kotlin than the kotlin version released when this version of R8 was created. To find compatible kotlin versions, please see: https://developer.android.com/studio/build/kotlin-d8-r8-versions
WARNING: D8: An error occurred when parsing kotlin metadata. This normally happens when using a newer version of kotlin than the kotlin version released when this version of R8 was created. To find compatible kotlin versions, please see: https://developer.android.com/studio/build/kotlin-d8-r8-versions
WARNING: D8: An error occurred when parsing kotlin metadata. This normally happens when using a newer version of kotlin than the kotlin version released when this version of R8 was created. To find compatible kotlin versions, please see: https://developer.android.com/studio/build/kotlin-d8-r8-versions
WARNING: D8: An error occurred when parsing kotlin metadata. This normally happens when using a newer version of kotlin than the kotlin version released when this version of R8 was created. To find compatible kotlin versions, please see: https://developer.android.com/studio/build/kotlin-d8-r8-versions
WARNING: D8: An error occurred when parsing kotlin metadata. This normally happens when using a newer version of kotlin than the kotlin version released when this version of R8 was created. To find compatible kotlin versions, please see: https://developer.android.com/studio/build/kotlin-d8-r8-versions
WARNING: D8: An error occurred when parsing kotlin metadata. This normally happens when using a newer version of kotlin than the kotlin version released when this version of R8 was created. To find compatible kotlin versions, please see: https://developer.android.com/studio/build/kotlin-d8-r8-versions
WARNING: D8: An error occurred when parsing kotlin metadata. This normally happens when using a newer version of kotlin than the kotlin version released when this version of R8 was created. To find compatible kotlin versions, please see: https://developer.android.com/studio/build/kotlin-d8-r8-versions
WARNING: D8: An error occurred when parsing kotlin metadata. This normally happens when using a newer version of kotlin than the kotlin version released when this version of R8 was created. To find compatible kotlin versions, please see: https://developer.android.com/studio/build/kotlin-d8-r8-versions
WARNING: D8: An error occurred when parsing kotlin metadata. This normally happens when using a newer version of kotlin than the kotlin version released when this version of R8 was created. To find compatible kotlin versions, please see: https://developer.android.com/studio/build/kotlin-d8-r8-versions
WARNING: D8: An error occurred when parsing kotlin metadata. This normally happens when using a newer version of kotlin than the kotlin version released when this version of R8 was created. To find compatible kotlin versions, please see: https://developer.android.com/studio/build/kotlin-d8-r8-versions
WARNING: D8: An error occurred when parsing kotlin metadata. This normally happens when using a newer version of kotlin than the kotlin version released when this version of R8 was created. To find compatible kotlin versions, please see: https://developer.android.com/studio/build/kotlin-d8-r8-versions
WARNING: D8: An error occurred when parsing kotlin metadata. This normally happens when using a newer version of kotlin than the kotlin version released when this version of R8 was created. To find compatible kotlin versions, please see: https://developer.android.com/studio/build/kotlin-d8-r8-versions
WARNING: D8: An error occurred when parsing kotlin metadata. This normally happens when using a newer version of kotlin than the kotlin version released when this version of R8 was created. To find compatible kotlin versions, please see: https://developer.android.com/studio/build/kotlin-d8-r8-versions
WARNING: D8: An error occurred when parsing kotlin metadata. This normally happens when using a newer version of kotlin than the kotlin version released when this version of R8 was created. To find compatible kotlin versions, please see: https://developer.android.com/studio/build/kotlin-d8-r8-versions
WARNING: D8: An error occurred when parsing kotlin metadata. This normally happens when using a newer version of kotlin than the kotlin version released when this version of R8 was created. To find compatible kotlin versions, please see: https://developer.android.com/studio/build/kotlin-d8-r8-versions
WARNING: D8: An error occurred when parsing kotlin metadata. This normally happens when using a newer version of kotlin than the kotlin version released when this version of R8 was created. To find compatible kotlin versions, please see: https://developer.android.com/studio/build/kotlin-d8-r8-versions
WARNING: D8: An error occurred when parsing kotlin metadata. This normally happens when using a newer version of kotlin than the kotlin version released when this version of R8 was created. To find compatible kotlin versions, please see: https://developer.android.com/studio/build/kotlin-d8-r8-versions
WARNING: D8: An error occurred when parsing kotlin metadata. This normally happens when using a newer version of kotlin than the kotlin version released when this version of R8 was created. To find compatible kotlin versions, please see: https://developer.android.com/studio/build/kotlin-d8-r8-versions
WARNING: D8: An error occurred when parsing kotlin metadata. This normally happens when using a newer version of kotlin than the kotlin version released when this version of R8 was created. To find compatible kotlin versions, please see: https://developer.android.com/studio/build/kotlin-d8-r8-versions
WARNING: D8: An error occurred when parsing kotlin metadata. This normally happens when using a newer version of kotlin than the kotlin version released when this version of R8 was created. To find compatible kotlin versions, please see: https://developer.android.com/studio/build/kotlin-d8-r8-versions
WARNING: D8: An error occurred when parsing kotlin metadata. This normally happens when using a newer version of kotlin than the kotlin version released when this version of R8 was created. To find compatible kotlin versions, please see: https://developer.android.com/studio/build/kotlin-d8-r8-versions
WARNING: D8: An error occurred when parsing kotlin metadata. This normally happens when using a newer version of kotlin than the kotlin version released when this version of R8 was created. To find compatible kotlin versions, please see: https://developer.android.com/studio/build/kotlin-d8-r8-versions
WARNING: D8: An error occurred when parsing kotlin metadata. This normally happens when using a newer version of kotlin than the kotlin version released when this version of R8 was created. To find compatible kotlin versions, please see: https://developer.android.com/studio/build/kotlin-d8-r8-versions
WARNING: D8: An error occurred when parsing kotlin metadata. This normally happens when using a newer version of kotlin than the kotlin version released when this version of R8 was created. To find compatible kotlin versions, please see: https://developer.android.com/studio/build/kotlin-d8-r8-versions
WARNING: D8: An error occurred when parsing kotlin metadata. This normally happens when using a newer version of kotlin than the kotlin version released when this version of R8 was created. To find compatible kotlin versions, please see: https://developer.android.com/studio/build/kotlin-d8-r8-versions
WARNING: D8: An error occurred when parsing kotlin metadata. This normally happens when using a newer version of kotlin than the kotlin version released when this version of R8 was created. To find compatible kotlin versions, please see: https://developer.android.com/studio/build/kotlin-d8-r8-versions
WARNING: D8: An error occurred when parsing kotlin metadata. This normally happens when using a newer version of kotlin than the kotlin version released when this version of R8 was created. To find compatible kotlin versions, please see: https://developer.android.com/studio/build/kotlin-d8-r8-versions
WARNING: D8: An error occurred when parsing kotlin metadata. This normally happens when using a newer version of kotlin than the kotlin version released when this version of R8 was created. To find compatible kotlin versions, please see: https://developer.android.com/studio/build/kotlin-d8-r8-versions
WARNING: D8: An error occurred when parsing kotlin metadata. This normally happens when using a newer version of kotlin than the kotlin version released when this version of R8 was created. To find compatible kotlin versions, please see: https://developer.android.com/studio/build/kotlin-d8-r8-versions
WARNING: D8: An error occurred when parsing kotlin metadata. This normally happens when using a newer version of kotlin than the kotlin version released when this version of R8 was created. To find compatible kotlin versions, please see: https://developer.android.com/studio/build/kotlin-d8-r8-versions
WARNING: D8: An error occurred when parsing kotlin metadata. This normally happens when using a newer version of kotlin than the kotlin version released when this version of R8 was created. To find compatible kotlin versions, please see: https://developer.android.com/studio/build/kotlin-d8-r8-versions
WARNING: D8: An error occurred when parsing kotlin metadata. This normally happens when using a newer version of kotlin than the kotlin version released when this version of R8 was created. To find compatible kotlin versions, please see: https://developer.android.com/studio/build/kotlin-d8-r8-versions
WARNING: D8: An error occurred when parsing kotlin metadata. This normally happens when using a newer version of kotlin than the kotlin version released when this version of R8 was created. To find compatible kotlin versions, please see: https://developer.android.com/studio/build/kotlin-d8-r8-versions
WARNING: D8: An error occurred when parsing kotlin metadata. This normally happens when using a newer version of kotlin than the kotlin version released when this version of R8 was created. To find compatible kotlin versions, please see: https://developer.android.com/studio/build/kotlin-d8-r8-versions
WARNING: D8: An error occurred when parsing kotlin metadata. This normally happens when using a newer version of kotlin than the kotlin version released when this version of R8 was created. To find compatible kotlin versions, please see: https://developer.android.com/studio/build/kotlin-d8-r8-versions
WARNING: D8: An error occurred when parsing kotlin metadata. This normally happens when using a newer version of kotlin than the kotlin version released when this version of R8 was created. To find compatible kotlin versions, please see: https://developer.android.com/studio/build/kotlin-d8-r8-versions
WARNING: D8: An error occurred when parsing kotlin metadata. This normally happens when using a newer version of kotlin than the kotlin version released when this version of R8 was created. To find compatible kotlin versions, please see: https://developer.android.com/studio/build/kotlin-d8-r8-versions
WARNING: D8: An error occurred when parsing kotlin metadata. This normally happens when using a newer version of kotlin than the kotlin version released when this version of R8 was created. To find compatible kotlin versions, please see: https://developer.android.com/studio/build/kotlin-d8-r8-versions
WARNING: D8: An error occurred when parsing kotlin metadata. This normally happens when using a newer version of kotlin than the kotlin version released when this version of R8 was created. To find compatible kotlin versions, please see: https://developer.android.com/studio/build/kotlin-d8-r8-versions
WARNING: D8: An error occurred when parsing kotlin metadata. This normally happens when using a newer version of kotlin than the kotlin version released when this version of R8 was created. To find compatible kotlin versions, please see: https://developer.android.com/studio/build/kotlin-d8-r8-versions
WARNING: D8: An error occurred when parsing kotlin metadata. This normally happens when using a newer version of kotlin than the kotlin version released when this version of R8 was created. To find compatible kotlin versions, please see: https://developer.android.com/studio/build/kotlin-d8-r8-versions
WARNING: D8: An error occurred when parsing kotlin metadata. This normally happens when using a newer version of kotlin than the kotlin version released when this version of R8 was created. To find compatible kotlin versions, please see: https://developer.android.com/studio/build/kotlin-d8-r8-versions

> Task :leanbackassistant:compileStbetaDebugJavaWithJavac
Java compiler version 21 has deprecated support for compiling with source/target version 8.
Try one of the following options:
    1. [Recommended] Use Java toolchain with a lower language version
    2. Set a higher source/target version
    3. Use a lower version of the JDK running the build (if you're not using Java toolchain)
For more details on how to configure these settings, see https://developer.android.com/build/jdks.
To suppress this warning, set android.javaCompile.suppressSourceTargetDeprecationWarning=true in gradle.properties.
warning: [options] source value 8 is obsolete and will be removed in a future release
warning: [options] target value 8 is obsolete and will be removed in a future release
warning: [options] To suppress warnings about obsolete options, use -Xlint:-options.
Note: C:\Users\Varun\Documents\GitHub\SmartTube-Material\leanbackassistant\src\main\java\com\liskovsoft\leanbackassistant\channels\UpdateChannelsJobService.java uses or overrides a deprecated API.
Note: Recompile with -Xlint:deprecation for details.
3 warnings

> Task :leanbackassistant:bundleLibRuntimeToJarStbetaDebug
> Task :leanbackassistant:bundleLibCompileToJarStbetaDebug
> Task :youtubeapi:processStbetaDebugJavaRes
> Task :common:compileStbetaDebugKotlin NO-SOURCE
> Task :youtubeapi:bundleLibRuntimeToJarStbetaDebug

> Task :common:compileStbetaDebugJavaWithJavac
Java compiler version 21 has deprecated support for compiling with source/target version 8.
Try one of the following options:
    1. [Recommended] Use Java toolchain with a lower language version
    2. Set a higher source/target version
    3. Use a lower version of the JDK running the build (if you're not using Java toolchain)
For more details on how to configure these settings, see https://developer.android.com/build/jdks.
To suppress this warning, set android.javaCompile.suppressSourceTargetDeprecationWarning=true in gradle.properties.
warning: [options] source value 8 is obsolete and will be removed in a future release
warning: [options] target value 8 is obsolete and will be removed in a future release
warning: [options] To suppress warnings about obsolete options, use -Xlint:-options.
C:\Users\Varun\Documents\GitHub\SmartTube-Material\common\src\main\java\com\liskovsoft\smartyoutubetv2\common\prefs\PlayerData.java:10: error: cannot find symbol
import com.google.android.exoplayer2.text.CaptionStyleCompat;
                                         ^
  symbol:   class CaptionStyleCompat
  location: package com.google.android.exoplayer2.text
C:\Users\Varun\Documents\GitHub\SmartTube-Material\common\src\main\java\com\liskovsoft\smartyoutubetv2\common\exoplayer\other\SubtitleManager.java:15: error: cannot find symbol
import com.google.android.exoplayer2.text.CaptionStyleCompat;
                                         ^
  symbol:   class CaptionStyleCompat
  location: package com.google.android.exoplayer2.text
C:\Users\Varun\Documents\GitHub\SmartTube-Material\common\src\main\java\com\liskovsoft\smartyoutubetv2\common\exoplayer\selector\track\MediaTrack.java:5: error: cannot find symbol
import com.google.android.exoplayer2.trackselection.TrackSelection.Definition;
                                                                  ^
  symbol:   class Definition
  location: interface TrackSelection
C:\Users\Varun\Documents\GitHub\SmartTube-Material\common\src\main\java\com\liskovsoft\smartyoutubetv2\common\exoplayer\selector\track\MediaTrack.java:30: error: cannot find symbol
    public static MediaTrack from(int rendererIndex, TrackGroupArray groups, Definition definition) {
                                                                             ^
  symbol:   class Definition
  location: class MediaTrack
C:\Users\Varun\Documents\GitHub\SmartTube-Material\common\src\main\java\com\liskovsoft\smartyoutubetv2\common\exoplayer\controller\ExoPlayerController.java:43: error: cannot find symbol
public class ExoPlayerController implements Player.EventListener {
                                                  ^
  symbol:   class EventListener
  location: interface Player
C:\Users\Varun\Documents\GitHub\SmartTube-Material\common\src\main\java\com\liskovsoft\smartyoutubetv2\common\exoplayer\ExoMediaSourceFactory.java:13: error: cannot find symbol
import com.google.android.exoplayer2.source.ExtractorMediaSource;
                                           ^
  symbol:   class ExtractorMediaSource
  location: package com.google.android.exoplayer2.source
C:\Users\Varun\Documents\GitHub\SmartTube-Material\common\src\main\java\com\liskovsoft\smartyoutubetv2\common\exoplayer\ExoMediaSourceFactory.java:20: error: cannot find symbol
import com.google.android.exoplayer2.source.dash.manifest.DashManifestParser2;
                                                         ^
  symbol:   class DashManifestParser2
  location: package com.google.android.exoplayer2.source.dash.manifest
C:\Users\Varun\Documents\GitHub\SmartTube-Material\common\src\main\java\com\liskovsoft\smartyoutubetv2\common\exoplayer\ExoMediaSourceFactory.java:25: error: package com.google.android.exoplayer2.source.sabr does not exist
import com.google.android.exoplayer2.source.sabr.DefaultSabrChunkSource;
                                                ^
C:\Users\Varun\Documents\GitHub\SmartTube-Material\common\src\main\java\com\liskovsoft\smartyoutubetv2\common\exoplayer\ExoMediaSourceFactory.java:26: error: package com.google.android.exoplayer2.source.sabr does not exist
import com.google.android.exoplayer2.source.sabr.SabrChunkSource;
                                                ^
C:\Users\Varun\Documents\GitHub\SmartTube-Material\common\src\main\java\com\liskovsoft\smartyoutubetv2\common\exoplayer\ExoMediaSourceFactory.java:27: error: package com.google.android.exoplayer2.source.sabr does not exist
import com.google.android.exoplayer2.source.sabr.SabrMediaSource;
                                                ^
C:\Users\Varun\Documents\GitHub\SmartTube-Material\common\src\main\java\com\liskovsoft\smartyoutubetv2\common\exoplayer\ExoMediaSourceFactory.java:28: error: package com.google.android.exoplayer2.source.sabr.manifest does not exist
import com.google.android.exoplayer2.source.sabr.manifest.SabrManifest;
                                                         ^
C:\Users\Varun\Documents\GitHub\SmartTube-Material\common\src\main\java\com\liskovsoft\smartyoutubetv2\common\exoplayer\ExoMediaSourceFactory.java:29: error: package com.google.android.exoplayer2.source.sabr.manifest does not exist
import com.google.android.exoplayer2.source.sabr.manifest.SabrManifestParser;
                                                         ^
C:\Users\Varun\Documents\GitHub\SmartTube-Material\common\src\main\java\com\liskovsoft\smartyoutubetv2\common\exoplayer\ExoMediaSourceFactory.java:36: error: cannot find symbol
import com.google.android.exoplayer2.upstream.DefaultHttpDataSourceFactory;
                                             ^
  symbol:   class DefaultHttpDataSourceFactory
  location: package com.google.android.exoplayer2.upstream
C:\Users\Varun\Documents\GitHub\SmartTube-Material\common\src\main\java\com\liskovsoft\smartyoutubetv2\common\exoplayer\selector\TrackSelectorManager.java:16: error: cannot find symbol
import com.google.android.exoplayer2.trackselection.TrackSelection.Definition;
                                                                  ^
  symbol:   class Definition
  location: interface TrackSelection
C:\Users\Varun\Documents\GitHub\SmartTube-Material\common\src\main\java\com\liskovsoft\smartyoutubetv2\common\exoplayer\versions\selector\RestoreTrackSelector.java:9: error: cannot find symbol
import com.google.android.exoplayer2.trackselection.TrackSelection.Definition;
                                                                  ^
  symbol:   class Definition
  location: interface TrackSelection
C:\Users\Varun\Documents\GitHub\SmartTube-Material\common\src\main\java\com\liskovsoft\smartyoutubetv2\common\exoplayer\versions\selector\RestoreTrackSelector.java:10: error: cannot find symbol
import com.google.android.exoplayer2.trackselection.TrackSelection.Factory;
                                                                  ^
  symbol:   class Factory
  location: interface TrackSelection
C:\Users\Varun\Documents\GitHub\SmartTube-Material\common\src\main\java\com\liskovsoft\smartyoutubetv2\common\exoplayer\errors\TrackErrorFixer.java:6: error: cannot find symbol
import com.google.android.exoplayer2.source.DefaultMediaSourceEventListener;
                                           ^
  symbol:   class DefaultMediaSourceEventListener
  location: package com.google.android.exoplayer2.source
C:\Users\Varun\Documents\GitHub\SmartTube-Material\common\src\main\java\com\liskovsoft\smartyoutubetv2\common\exoplayer\errors\TrackErrorFixer.java:23: error: cannot find symbol
public class TrackErrorFixer extends DefaultMediaSourceEventListener {
                                     ^
  symbol: class DefaultMediaSourceEventListener
C:\Users\Varun\Documents\GitHub\SmartTube-Material\common\src\main\java\com\liskovsoft\smartyoutubetv2\common\exoplayer\other\VolumeBooster.java:9: error: cannot find symbol
import com.google.android.exoplayer2.audio.AudioListener;
                                          ^
  symbol:   class AudioListener
  location: package com.google.android.exoplayer2.audio
C:\Users\Varun\Documents\GitHub\SmartTube-Material\common\src\main\java\com\liskovsoft\smartyoutubetv2\common\exoplayer\other\VolumeBooster.java:12: error: cannot find symbol
public class VolumeBooster implements AudioListener {
                                      ^
  symbol: class AudioListener
C:\Users\Varun\Documents\GitHub\SmartTube-Material\common\src\main\java\com\liskovsoft\smartyoutubetv2\common\exoplayer\errors\TrackErrorFixer.java:255: error: cannot find symbol
    public void onLoadError(int windowIndex, @Nullable MediaPeriodId mediaPeriodId, LoadEventInfo loadEventInfo,
                                                                                    ^
  symbol:   class LoadEventInfo
  location: class TrackErrorFixer
C:\Users\Varun\Documents\GitHub\SmartTube-Material\common\src\main\java\com\liskovsoft\smartyoutubetv2\common\exoplayer\errors\TrackErrorFixer.java:256: error: cannot find symbol
                            MediaLoadData mediaLoadData, IOException error, boolean wasCanceled) {
                            ^
  symbol:   class MediaLoadData
  location: class TrackErrorFixer
C:\Users\Varun\Documents\GitHub\SmartTube-Material\common\src\main\java\com\liskovsoft\smartyoutubetv2\common\exoplayer\selector\TrackSelectorManager.java:306: error: cannot find symbol
    private Pair<Definition, MediaTrack> createSelection(TrackGroupArray groups, MediaTrack selectedTrack) {
                 ^
  symbol:   class Definition
  location: class TrackSelectorManager
C:\Users\Varun\Documents\GitHub\SmartTube-Material\common\src\main\java\com\liskovsoft\smartyoutubetv2\common\exoplayer\selector\TrackSelectorManager.java:332: error: cannot find symbol
    private Pair<Definition, MediaTrack> createRendererSelection(int rendererIndex, TrackGroupArray groups, Parameters params) {
                 ^
  symbol:   class Definition
  location: class TrackSelectorManager
C:\Users\Varun\Documents\GitHub\SmartTube-Material\common\src\main\java\com\liskovsoft\smartyoutubetv2\common\exoplayer\selector\TrackSelectorManager.java:341: error: cannot find symbol
    private void updateRendererSelection(int rendererIndex, TrackGroupArray groups, Parameters params, Definition definition) {
                                                                                                       ^
  symbol:   class Definition
  location: class TrackSelectorManager
C:\Users\Varun\Documents\GitHub\SmartTube-Material\common\src\main\java\com\liskovsoft\smartyoutubetv2\common\exoplayer\selector\TrackSelectorManager.java:349: error: cannot find symbol
    private Definition getOverride(int rendererIndex, TrackGroupArray rendererTrackGroups, Parameters params, Definition original) {
                                                                                                              ^
  symbol:   class Definition
  location: class TrackSelectorManager
C:\Users\Varun\Documents\GitHub\SmartTube-Material\common\src\main\java\com\liskovsoft\smartyoutubetv2\common\exoplayer\selector\TrackSelectorManager.java:349: error: cannot find symbol
    private Definition getOverride(int rendererIndex, TrackGroupArray rendererTrackGroups, Parameters params, Definition original) {
            ^
  symbol:   class Definition
  location: class TrackSelectorManager
C:\Users\Varun\Documents\GitHub\SmartTube-Material\common\src\main\java\com\liskovsoft\smartyoutubetv2\common\exoplayer\selector\TrackSelectorManager.java:368: error: cannot find symbol
    public Pair<Definition, MediaTrack> onSelectVideoTrack(TrackGroupArray groups, Parameters params) {
                ^
  symbol:   class Definition
  location: class TrackSelectorManager
C:\Users\Varun\Documents\GitHub\SmartTube-Material\common\src\main\java\com\liskovsoft\smartyoutubetv2\common\exoplayer\selector\TrackSelectorManager.java:373: error: cannot find symbol
    public Pair<Definition, MediaTrack> onSelectAudioTrack(TrackGroupArray groups, Parameters params) {
                ^
  symbol:   class Definition
  location: class TrackSelectorManager
C:\Users\Varun\Documents\GitHub\SmartTube-Material\common\src\main\java\com\liskovsoft\smartyoutubetv2\common\exoplayer\selector\TrackSelectorManager.java:378: error: cannot find symbol
    public Pair<Definition, MediaTrack> onSelectSubtitleTrack(TrackGroupArray groups, Parameters params) {
                ^
  symbol:   class Definition
  location: class TrackSelectorManager
C:\Users\Varun\Documents\GitHub\SmartTube-Material\common\src\main\java\com\liskovsoft\smartyoutubetv2\common\exoplayer\selector\TrackSelectorManager.java:383: error: cannot find symbol
    public void updateVideoTrackSelection(TrackGroupArray groups, Parameters params, Definition definition) {
                                                                                     ^
  symbol:   class Definition
  location: class TrackSelectorManager
C:\Users\Varun\Documents\GitHub\SmartTube-Material\common\src\main\java\com\liskovsoft\smartyoutubetv2\common\exoplayer\selector\TrackSelectorManager.java:388: error: cannot find symbol
    public void updateAudioTrackSelection(TrackGroupArray groups, Parameters params, Definition definition) {
                                                                                     ^
  symbol:   class Definition
  location: class TrackSelectorManager
C:\Users\Varun\Documents\GitHub\SmartTube-Material\common\src\main\java\com\liskovsoft\smartyoutubetv2\common\exoplayer\selector\TrackSelectorManager.java:393: error: cannot find symbol
    public void updateSubtitleTrackSelection(TrackGroupArray groups, Parameters params, Definition definition) {
                                                                                        ^
  symbol:   class Definition
  location: class TrackSelectorManager
C:\Users\Varun\Documents\GitHub\SmartTube-Material\common\src\main\java\com\liskovsoft\smartyoutubetv2\common\exoplayer\versions\selector\RestoreTrackSelector.java:22: error: cannot find symbol
        Pair<Definition, MediaTrack> onSelectVideoTrack(TrackGroupArray groups, Parameters params);
             ^
  symbol:   class Definition
  location: interface TrackSelectorCallback
C:\Users\Varun\Documents\GitHub\SmartTube-Material\common\src\main\java\com\liskovsoft\smartyoutubetv2\common\exoplayer\versions\selector\RestoreTrackSelector.java:24: error: cannot find symbol
        Pair<Definition, MediaTrack> onSelectAudioTrack(TrackGroupArray groups, Parameters params);
             ^
  symbol:   class Definition
  location: interface TrackSelectorCallback
C:\Users\Varun\Documents\GitHub\SmartTube-Material\common\src\main\java\com\liskovsoft\smartyoutubetv2\common\exoplayer\versions\selector\RestoreTrackSelector.java:26: error: cannot find symbol
        Pair<Definition, MediaTrack> onSelectSubtitleTrack(TrackGroupArray groups, Parameters params);
             ^
  symbol:   class Definition
  location: interface TrackSelectorCallback
C:\Users\Varun\Documents\GitHub\SmartTube-Material\common\src\main\java\com\liskovsoft\smartyoutubetv2\common\exoplayer\versions\selector\RestoreTrackSelector.java:28: error: cannot find symbol
        void updateVideoTrackSelection(TrackGroupArray groups, Parameters params, Definition definition);
                                                                                  ^
  symbol:   class Definition
  location: interface TrackSelectorCallback
C:\Users\Varun\Documents\GitHub\SmartTube-Material\common\src\main\java\com\liskovsoft\smartyoutubetv2\common\exoplayer\versions\selector\RestoreTrackSelector.java:30: error: cannot find symbol
        void updateAudioTrackSelection(TrackGroupArray groups, Parameters params, Definition definition);
                                                                                  ^
  symbol:   class Definition
  location: interface TrackSelectorCallback
C:\Users\Varun\Documents\GitHub\SmartTube-Material\common\src\main\java\com\liskovsoft\smartyoutubetv2\common\exoplayer\versions\selector\RestoreTrackSelector.java:32: error: cannot find symbol
        void updateSubtitleTrackSelection(TrackGroupArray groups, Parameters params, Definition definition);
                                                                                     ^
  symbol:   class Definition
  location: interface TrackSelectorCallback
C:\Users\Varun\Documents\GitHub\SmartTube-Material\common\src\main\java\com\liskovsoft\smartyoutubetv2\common\exoplayer\versions\selector\RestoreTrackSelector.java:35: error: cannot find symbol
    public RestoreTrackSelector(Factory trackSelectionFactory) {
                                ^
  symbol:   class Factory
  location: class RestoreTrackSelector
C:\Users\Varun\Documents\GitHub\SmartTube-Material\common\src\main\java\com\liskovsoft\smartyoutubetv2\common\exoplayer\versions\selector\RestoreTrackSelector.java:155: error: cannot find symbol
    protected Definition selectVideoTrack(TrackGroupArray groups, int[][] formatSupports,
              ^
  symbol:   class Definition
  location: class RestoreTrackSelector
C:\Users\Varun\Documents\GitHub\SmartTube-Material\common\src\main\java\com\liskovsoft\smartyoutubetv2\common\exoplayer\versions\selector\RestoreTrackSelector.java:185: error: cannot find symbol
    protected Pair<Definition, AudioTrackScore> selectAudioTrack(TrackGroupArray groups, int[][] formatSupports,
                   ^
  symbol:   class Definition
  location: class RestoreTrackSelector
C:\Users\Varun\Documents\GitHub\SmartTube-Material\common\src\main\java\com\liskovsoft\smartyoutubetv2\common\exoplayer\versions\selector\RestoreTrackSelector.java:185: error: cannot find symbol
    protected Pair<Definition, AudioTrackScore> selectAudioTrack(TrackGroupArray groups, int[][] formatSupports,
                               ^
  symbol:   class AudioTrackScore
  location: class RestoreTrackSelector
C:\Users\Varun\Documents\GitHub\SmartTube-Material\common\src\main\java\com\liskovsoft\smartyoutubetv2\common\exoplayer\versions\selector\RestoreTrackSelector.java:215: error: cannot find symbol
    protected Pair<Definition, TextTrackScore> selectTextTrack(TrackGroupArray groups, int[][] formatSupport,
                   ^
  symbol:   class Definition
  location: class RestoreTrackSelector
C:\Users\Varun\Documents\GitHub\SmartTube-Material\common\src\main\java\com\liskovsoft\smartyoutubetv2\common\exoplayer\versions\selector\RestoreTrackSelector.java:215: error: cannot find symbol
    protected Pair<Definition, TextTrackScore> selectTextTrack(TrackGroupArray groups, int[][] formatSupport,
                               ^
  symbol:   class TextTrackScore
  location: class RestoreTrackSelector
C:\Users\Varun\Documents\GitHub\SmartTube-Material\common\src\main\java\com\liskovsoft\smartyoutubetv2\common\exoplayer\ExoMediaSourceFactory.java:249: error: cannot find symbol
    private SabrManifest getSabrManifest(MediaItemFormatInfo formatInfo) {
            ^
  symbol:   class SabrManifest
  location: class ExoMediaSourceFactory
C:\Users\Varun\Documents\GitHub\SmartTube-Material\common\src\main\java\com\liskovsoft\smartyoutubetv2\common\exoplayer\ExoMediaSourceFactory.java:383: error: package SabrChunkSource does not exist
    private SabrChunkSource.Factory getSabrChunkSourceFactory() {
                           ^
C:\Users\Varun\Documents\GitHub\SmartTube-Material\common\src\main\java\com\liskovsoft\smartyoutubetv2\common\exoplayer\other\DebugInfoManager.java:58: error: cannot find symbol
public final class DebugInfoManager implements Runnable, Player.EventListener {
                                                               ^
  symbol:   class EventListener
  location: interface Player
C:\Users\Varun\Documents\GitHub\SmartTube-Material\common\src\main\java\com\liskovsoft\smartyoutubetv2\common\exoplayer\other\ExoPlayerInitializer.java:10: error: cannot find symbol
import com.google.android.exoplayer2.ExoPlayerFactory;
                                    ^
  symbol:   class ExoPlayerFactory
  location: package com.google.android.exoplayer2
C:\Users\Varun\Documents\GitHub\SmartTube-Material\common\src\main\java\com\liskovsoft\smartyoutubetv2\common\exoplayer\other\ExoPlayerInitializer.java:18: error: cannot find symbol
import com.google.android.exoplayer2.drm.FrameworkMediaCrypto;
                                        ^
  symbol:   class FrameworkMediaCrypto
  location: package com.google.android.exoplayer2.drm
C:\Users\Varun\Documents\GitHub\SmartTube-Material\common\src\main\java\com\liskovsoft\smartyoutubetv2\common\exoplayer\other\ExoPlayerInitializer.java:188: error: cannot find symbol
    private DrmSessionManager<FrameworkMediaCrypto> createDrmManager() {
                              ^
  symbol:   class FrameworkMediaCrypto
  location: class ExoPlayerInitializer
C:\Users\Varun\Documents\GitHub\SmartTube-Material\common\src\main\java\com\liskovsoft\smartyoutubetv2\common\exoplayer\other\ExoPlayerInitializer.java:188: error: type DrmSessionManager does not take parameters
    private DrmSessionManager<FrameworkMediaCrypto> createDrmManager() {
                             ^
C:\Users\Varun\Documents\GitHub\SmartTube-Material\common\src\main\java\com\liskovsoft\smartyoutubetv2\common\exoplayer\versions\renderer\CustomOverridesRenderersFactory.java:12: error: cannot find symbol
import com.google.android.exoplayer2.drm.FrameworkMediaCrypto;
                                        ^
  symbol:   class FrameworkMediaCrypto
  location: package com.google.android.exoplayer2.drm
C:\Users\Varun\Documents\GitHub\SmartTube-Material\common\src\main\java\com\liskovsoft\smartyoutubetv2\common\exoplayer\versions\renderer\CustomOverridesRenderersFactory.java:14: error: cannot find symbol
import com.google.android.exoplayer2.util.AmazonQuirks;
                                         ^
  symbol:   class AmazonQuirks
  location: package com.google.android.exoplayer2.util
C:\Users\Varun\Documents\GitHub\SmartTube-Material\common\src\main\java\com\liskovsoft\smartyoutubetv2\common\exoplayer\versions\renderer\CustomOverridesRenderersFactory.java:123: error: cannot find symbol
                                       @Nullable DrmSessionManager<FrameworkMediaCrypto> drmSessionManager, boolean playClearSamplesWithoutKeys,
                                                                   ^
  symbol:   class FrameworkMediaCrypto
  location: class CustomOverridesRenderersFactory
C:\Users\Varun\Documents\GitHub\SmartTube-Material\common\src\main\java\com\liskovsoft\smartyoutubetv2\common\exoplayer\versions\renderer\CustomOverridesRenderersFactory.java:123: error: type DrmSessionManager does not take parameters
                                       @Nullable DrmSessionManager<FrameworkMediaCrypto> drmSessionManager, boolean playClearSamplesWithoutKeys,
                                                                  ^
C:\Users\Varun\Documents\GitHub\SmartTube-Material\common\src\main\java\com\liskovsoft\smartyoutubetv2\common\exoplayer\versions\renderer\CustomOverridesRenderersFactory.java:148: error: cannot find symbol
                                       @Nullable DrmSessionManager<FrameworkMediaCrypto> drmSessionManager, boolean playClearSamplesWithoutKeys,
                                                                   ^
  symbol:   class FrameworkMediaCrypto
  location: class CustomOverridesRenderersFactory
C:\Users\Varun\Documents\GitHub\SmartTube-Material\common\src\main\java\com\liskovsoft\smartyoutubetv2\common\exoplayer\versions\renderer\CustomOverridesRenderersFactory.java:148: error: type DrmSessionManager does not take parameters
                                       @Nullable DrmSessionManager<FrameworkMediaCrypto> drmSessionManager, boolean playClearSamplesWithoutKeys,
                                                                  ^
C:\Users\Varun\Documents\GitHub\SmartTube-Material\common\src\main\java\com\liskovsoft\smartyoutubetv2\common\exoplayer\versions\renderer\DebugInfoMediaCodecVideoRenderer.java:13: error: cannot find symbol
import com.google.android.exoplayer2.drm.FrameworkMediaCrypto;
                                        ^
  symbol:   class FrameworkMediaCrypto
  location: package com.google.android.exoplayer2.drm
C:\Users\Varun\Documents\GitHub\SmartTube-Material\common\src\main\java\com\liskovsoft\smartyoutubetv2\common\exoplayer\versions\renderer\DebugInfoMediaCodecVideoRenderer.java:37: error: cannot find symbol
                                            @Nullable DrmSessionManager<FrameworkMediaCrypto> drmSessionManager, boolean playClearSamplesWithoutKeys, boolean enableDecoderFallback, @Nullable Handler eventHandler, @Nullable VideoRendererEventListener eventListener, int maxDroppedFramesToNotify) {
                                                                        ^
  symbol:   class FrameworkMediaCrypto
  location: class DebugInfoMediaCodecVideoRenderer
C:\Users\Varun\Documents\GitHub\SmartTube-Material\common\src\main\java\com\liskovsoft\smartyoutubetv2\common\exoplayer\versions\renderer\DebugInfoMediaCodecVideoRenderer.java:37: error: type DrmSessionManager does not take parameters
                                            @Nullable DrmSessionManager<FrameworkMediaCrypto> drmSessionManager, boolean playClearSamplesWithoutKeys, boolean enableDecoderFallback, @Nullable Handler eventHandler, @Nullable VideoRendererEventListener eventListener, int maxDroppedFramesToNotify) {
                                                                       ^
C:\Users\Varun\Documents\GitHub\SmartTube-Material\common\src\main\java\com\liskovsoft\smartyoutubetv2\common\exoplayer\versions\renderer\DelayMediaCodecAudioRenderer.java:13: error: cannot find symbol
import com.google.android.exoplayer2.drm.FrameworkMediaCrypto;
                                        ^
  symbol:   class FrameworkMediaCrypto
  location: package com.google.android.exoplayer2.drm
C:\Users\Varun\Documents\GitHub\SmartTube-Material\common\src\main\java\com\liskovsoft\smartyoutubetv2\common\exoplayer\versions\renderer\DelayMediaCodecAudioRenderer.java:35: error: cannot find symbol
                                        @Nullable DrmSessionManager<FrameworkMediaCrypto> drmSessionManager,
                                                                    ^
  symbol:   class FrameworkMediaCrypto
  location: class DelayMediaCodecAudioRenderer
C:\Users\Varun\Documents\GitHub\SmartTube-Material\common\src\main\java\com\liskovsoft\smartyoutubetv2\common\exoplayer\versions\renderer\DelayMediaCodecAudioRenderer.java:35: error: type DrmSessionManager does not take parameters
                                        @Nullable DrmSessionManager<FrameworkMediaCrypto> drmSessionManager,
                                                                   ^
C:\Users\Varun\Documents\GitHub\SmartTube-Material\common\src\main\java\com\liskovsoft\smartyoutubetv2\common\exoplayer\versions\renderer\TweaksMediaCodecVideoRenderer.java:10: error: cannot find symbol
import com.google.android.exoplayer2.drm.FrameworkMediaCrypto;
                                        ^
  symbol:   class FrameworkMediaCrypto
  location: package com.google.android.exoplayer2.drm
C:\Users\Varun\Documents\GitHub\SmartTube-Material\common\src\main\java\com\liskovsoft\smartyoutubetv2\common\exoplayer\versions\renderer\TweaksMediaCodecVideoRenderer.java:33: error: cannot find symbol
                                         @Nullable DrmSessionManager<FrameworkMediaCrypto> drmSessionManager, boolean playClearSamplesWithoutKeys, boolean enableDecoderFallback, @Nullable Handler eventHandler, @Nullable VideoRendererEventListener eventListener, int maxDroppedFramesToNotify) {
                                                                     ^
  symbol:   class FrameworkMediaCrypto
  location: class TweaksMediaCodecVideoRenderer
C:\Users\Varun\Documents\GitHub\SmartTube-Material\common\src\main\java\com\liskovsoft\smartyoutubetv2\common\exoplayer\versions\renderer\TweaksMediaCodecVideoRenderer.java:33: error: type DrmSessionManager does not take parameters
                                         @Nullable DrmSessionManager<FrameworkMediaCrypto> drmSessionManager, boolean playClearSamplesWithoutKeys, boolean enableDecoderFallback, @Nullable Handler eventHandler, @Nullable VideoRendererEventListener eventListener, int maxDroppedFramesToNotify) {
                                                                    ^
C:\Users\Varun\Documents\GitHub\SmartTube-Material\common\src\main\java\com\liskovsoft\smartyoutubetv2\common\app\models\playback\listener\PlayerEngineEventListener.java:28: error: cannot find symbol
    int ERROR_TYPE_OUT_OF_MEMORY = ExoPlaybackException.TYPE_OUT_OF_MEMORY;
                                                       ^
  symbol:   variable TYPE_OUT_OF_MEMORY
  location: class ExoPlaybackException
C:\Users\Varun\Documents\GitHub\SmartTube-Material\common\src\main\java\com\liskovsoft\smartyoutubetv2\common\exoplayer\other\SubtitleManager.java:28: error: SubtitleManager is not abstract and does not override abstract method onCues(CueGroup) in TextOutput
public class SubtitleManager implements TextOutput, OnDataChange {
       ^
C:\Users\Varun\Documents\GitHub\SmartTube-Material\common\src\main\java\com\liskovsoft\smartyoutubetv2\common\exoplayer\other\SubtitleManager.java:118: error: constructor Cue in class Cue cannot be applied to given types;
                result.add(new Cue(text)); // sub centered by default
                           ^
  required: CharSequence,Alignment,Alignment,Bitmap,float,int,int,float,int,int,float,float,float,boolean,int,int,float
  found:    CharSequence
  reason: actual and formal argument lists differ in length
C:\Users\Varun\Documents\GitHub\SmartTube-Material\common\src\main\java\com\liskovsoft\smartyoutubetv2\common\exoplayer\other\SubtitleManager.java:124: error: constructor Cue in class Cue cannot be applied to given types;
                result.add(new Cue(text)); // sub centered by default
                           ^
  required: CharSequence,Alignment,Alignment,Bitmap,float,int,int,float,int,int,float,float,float,boolean,int,int,float
  found:    CharSequence
  reason: actual and formal argument lists differ in length
C:\Users\Varun\Documents\GitHub\SmartTube-Material\common\src\main\java\com\liskovsoft\smartyoutubetv2\common\exoplayer\other\SubtitleManager.java:156: error: cannot find symbol
        CaptionStyleCompat style =
        ^
  symbol:   class CaptionStyleCompat
  location: class SubtitleManager
C:\Users\Varun\Documents\GitHub\SmartTube-Material\common\src\main\java\com\liskovsoft\smartyoutubetv2\common\exoplayer\other\SubtitleManager.java:157: error: cannot find symbol
                new CaptionStyleCompat(textColor,
                    ^
  symbol:   class CaptionStyleCompat
  location: class SubtitleManager
C:\Users\Varun\Documents\GitHub\SmartTube-Material\common\src\main\java\com\liskovsoft\smartyoutubetv2\common\exoplayer\other\SubtitleManager.java:175: error: cannot find symbol
            CaptionStyleCompat style =
            ^
  symbol:   class CaptionStyleCompat
  location: class SubtitleManager
C:\Users\Varun\Documents\GitHub\SmartTube-Material\common\src\main\java\com\liskovsoft\smartyoutubetv2\common\exoplayer\other\SubtitleManager.java:176: error: cannot find symbol
                    new CaptionStyleCompat(userStyle.foregroundColor,
                        ^
  symbol:   class CaptionStyleCompat
  location: class SubtitleManager
C:\Users\Varun\Documents\GitHub\SmartTube-Material\common\src\main\java\com\liskovsoft\smartyoutubetv2\common\prefs\PlayerData.java:748: error: cannot find symbol
        mSubtitleStyles.add(new SubtitleStyle(R.string.subtitle_white_transparent, R.color.light_grey, R.color.transparent, CaptionStyleCompat.EDGE_TYPE_DROP_SHADOW));
                                                                                                                            ^
  symbol:   variable CaptionStyleCompat
  location: class PlayerData
C:\Users\Varun\Documents\GitHub\SmartTube-Material\common\src\main\java\com\liskovsoft\smartyoutubetv2\common\prefs\PlayerData.java:749: error: cannot find symbol
        mSubtitleStyles.add(new SubtitleStyle(R.string.subtitle_white_semi_transparent, R.color.light_grey, R.color.semi_transparent, CaptionStyleCompat.EDGE_TYPE_OUTLINE));
                                                                                                                                      ^
  symbol:   variable CaptionStyleCompat
  location: class PlayerData
C:\Users\Varun\Documents\GitHub\SmartTube-Material\common\src\main\java\com\liskovsoft\smartyoutubetv2\common\prefs\PlayerData.java:750: error: cannot find symbol
        mSubtitleStyles.add(new SubtitleStyle(R.string.subtitle_white_black, R.color.light_grey, R.color.black, CaptionStyleCompat.EDGE_TYPE_OUTLINE));
                                                                                                                ^
  symbol:   variable CaptionStyleCompat
  location: class PlayerData
C:\Users\Varun\Documents\GitHub\SmartTube-Material\common\src\main\java\com\liskovsoft\smartyoutubetv2\common\prefs\PlayerData.java:751: error: cannot find symbol
        mSubtitleStyles.add(new SubtitleStyle(R.string.subtitle_yellow_transparent, R.color.yellow, R.color.transparent, CaptionStyleCompat.EDGE_TYPE_DROP_SHADOW));
                                                                                                                         ^
  symbol:   variable CaptionStyleCompat
  location: class PlayerData
C:\Users\Varun\Documents\GitHub\SmartTube-Material\common\src\main\java\com\liskovsoft\smartyoutubetv2\common\prefs\PlayerData.java:752: error: cannot find symbol
        mSubtitleStyles.add(new SubtitleStyle(R.string.subtitle_yellow_semi_transparent, R.color.yellow, R.color.semi_transparent, CaptionStyleCompat.EDGE_TYPE_OUTLINE));
                                                                                                                                   ^
  symbol:   variable CaptionStyleCompat
  location: class PlayerData
C:\Users\Varun\Documents\GitHub\SmartTube-Material\common\src\main\java\com\liskovsoft\smartyoutubetv2\common\prefs\PlayerData.java:753: error: cannot find symbol
        mSubtitleStyles.add(new SubtitleStyle(R.string.subtitle_yellow_black, R.color.yellow, R.color.black, CaptionStyleCompat.EDGE_TYPE_OUTLINE));
                                                                                                             ^
  symbol:   variable CaptionStyleCompat
  location: class PlayerData
C:\Users\Varun\Documents\GitHub\SmartTube-Material\common\src\main\java\com\liskovsoft\smartyoutubetv2\common\exoplayer\controller\ExoPlayerController.java:205: error: incompatible types: ExoPlayerController cannot be converted to Listener
        player.addListener(this);
                           ^
C:\Users\Varun\Documents\GitHub\SmartTube-Material\common\src\main\java\com\liskovsoft\smartyoutubetv2\common\exoplayer\controller\ExoPlayerController.java:223: error: cannot find symbol
                trackSelector.setParameters(trackSelector.buildUponParameters().setTunnelingAudioSessionId(C.generateAudioSessionIdV21(mContext)));
                                                                               ^
  symbol:   method setTunnelingAudioSessionId(int)
  location: class Builder
C:\Users\Varun\Documents\GitHub\SmartTube-Material\common\src\main\java\com\liskovsoft\smartyoutubetv2\common\exoplayer\controller\ExoPlayerController.java:267: error: method does not override or implement a method from a supertype
    @Override
    ^
C:\Users\Varun\Documents\GitHub\SmartTube-Material\common\src\main\java\com\liskovsoft\smartyoutubetv2\common\exoplayer\controller\ExoPlayerController.java:315: error: method does not override or implement a method from a supertype
    @Override
    ^
C:\Users\Varun\Documents\GitHub\SmartTube-Material\common\src\main\java\com\liskovsoft\smartyoutubetv2\common\exoplayer\controller\ExoPlayerController.java:326: error: method does not override or implement a method from a supertype
    @Override
    ^
C:\Users\Varun\Documents\GitHub\SmartTube-Material\common\src\main\java\com\liskovsoft\smartyoutubetv2\common\exoplayer\controller\ExoPlayerController.java:358: error: method does not override or implement a method from a supertype
    @Override
    ^
C:\Users\Varun\Documents\GitHub\SmartTube-Material\common\src\main\java\com\liskovsoft\smartyoutubetv2\common\exoplayer\controller\ExoPlayerController.java:363: error: cannot find symbol
        if (reason == Player.DISCONTINUITY_REASON_PERIOD_TRANSITION) {
                            ^
  symbol:   variable DISCONTINUITY_REASON_PERIOD_TRANSITION
  location: interface Player
C:\Users\Varun\Documents\GitHub\SmartTube-Material\common\src\main\java\com\liskovsoft\smartyoutubetv2\common\exoplayer\controller\ExoPlayerController.java:369: error: method does not override or implement a method from a supertype
    @Override
    ^
C:\Users\Varun\Documents\GitHub\SmartTube-Material\common\src\main\java\com\liskovsoft\smartyoutubetv2\common\exoplayer\controller\ExoPlayerController.java:429: error: method stop in class SimpleExoPlayer cannot be applied to given types;
            mPlayer.stop(true);
                   ^
  required: no arguments
  found:    boolean
  reason: actual and formal argument lists differ in length
C:\Users\Varun\Documents\GitHub\SmartTube-Material\common\src\main\java\com\liskovsoft\smartyoutubetv2\common\exoplayer\controller\ExoPlayerController.java:449: error: cannot find symbol
            mPlayer.removeAudioListener(mVolumeBooster);
                   ^
  symbol:   method removeAudioListener(VolumeBooster)
  location: variable mPlayer of type SimpleExoPlayer
C:\Users\Varun\Documents\GitHub\SmartTube-Material\common\src\main\java\com\liskovsoft\smartyoutubetv2\common\exoplayer\controller\ExoPlayerController.java:457: error: cannot find symbol
            mPlayer.addAudioListener(mVolumeBooster);
                   ^
  symbol:   method addAudioListener(VolumeBooster)
  location: variable mPlayer of type SimpleExoPlayer
C:\Users\Varun\Documents\GitHub\SmartTube-Material\common\src\main\java\com\liskovsoft\smartyoutubetv2\common\exoplayer\controller\ExoPlayerController.java:481: error: incompatible types: ExoPlayerController cannot be converted to Listener
            mPlayer.removeListener(this);
                                   ^
C:\Users\Varun\Documents\GitHub\SmartTube-Material\common\src\main\java\com\liskovsoft\smartyoutubetv2\common\exoplayer\controller\ExoPlayerController.java:482: error: method stop in class SimpleExoPlayer cannot be applied to given types;
            mPlayer.stop(true); // Cause input lags due to high cpu load?
                   ^
  required: no arguments
  found:    boolean
  reason: actual and formal argument lists differ in length
C:\Users\Varun\Documents\GitHub\SmartTube-Material\common\src\main\java\com\liskovsoft\smartyoutubetv2\common\exoplayer\ExoMediaSourceFactory.java:151: error: no suitable method found for createMediaSource(Uri)
                        .createMediaSource(uri);
                        ^
    method Factory.createMediaSource(SsManifest) is not applicable
      (argument mismatch; Uri cannot be converted to SsManifest)
    method Factory.createMediaSource(MediaItem) is not applicable
      (argument mismatch; Uri cannot be converted to MediaItem)
C:\Users\Varun\Documents\GitHub\SmartTube-Material\common\src\main\java\com\liskovsoft\smartyoutubetv2\common\exoplayer\ExoMediaSourceFactory.java:153: error: incompatible types: TrackErrorFixer cannot be converted to MediaSourceEventListener
                    ssSource.addEventListener(Utils.sHandler, mTrackErrorFixer);
                                                              ^
C:\Users\Varun\Documents\GitHub\SmartTube-Material\common\src\main\java\com\liskovsoft\smartyoutubetv2\common\exoplayer\ExoMediaSourceFactory.java:163: error: no suitable method found for createMediaSource(Uri)
                        .createMediaSource(uri);
                        ^
    method Factory.createMediaSource(DashManifest) is not applicable
      (argument mismatch; Uri cannot be converted to DashManifest)
    method Factory.createMediaSource(MediaItem) is not applicable
      (argument mismatch; Uri cannot be converted to MediaItem)
C:\Users\Varun\Documents\GitHub\SmartTube-Material\common\src\main\java\com\liskovsoft\smartyoutubetv2\common\exoplayer\ExoMediaSourceFactory.java:165: error: incompatible types: TrackErrorFixer cannot be converted to MediaSourceEventListener
                    dashSource.addEventListener(Utils.sHandler, mTrackErrorFixer);
                                                                ^
C:\Users\Varun\Documents\GitHub\SmartTube-Material\common\src\main\java\com\liskovsoft\smartyoutubetv2\common\exoplayer\ExoMediaSourceFactory.java:170: error: incompatible types: Uri cannot be converted to MediaItem
                        .createMediaSource(uri);
                                           ^
C:\Users\Varun\Documents\GitHub\SmartTube-Material\common\src\main\java\com\liskovsoft\smartyoutubetv2\common\exoplayer\ExoMediaSourceFactory.java:172: error: incompatible types: TrackErrorFixer cannot be converted to MediaSourceEventListener
                    hlsSource.addEventListener(Utils.sHandler, mTrackErrorFixer);
                                                               ^

> Transform classes.jar (project :youtubeapi) with DexingWithClasspathTransform
WARNING: D8: An error occurred when parsing kotlin metadata. This normally happens when using a newer version of kotlin than the kotlin version released when this version of R8 was created. To find compatible kotlin versions, please see: https://developer.android.com/studio/build/kotlin-d8-r8-versions
WARNING: D8: An error occurred when parsing kotlin metadata. This normally happens when using a newer version of kotlin than the kotlin version released when this version of R8 was created. To find compatible kotlin versions, please see: https://developer.android.com/studio/build/kotlin-d8-r8-versions
WARNING: D8: An error occurred when parsing kotlin metadata. This normally happens when using a newer version of kotlin than the kotlin version released when this version of R8 was created. To find compatible kotlin versions, please see: https://developer.android.com/studio/build/kotlin-d8-r8-versions
WARNING: D8: An error occurred when parsing kotlin metadata. This normally happens when using a newer version of kotlin than the kotlin version released when this version of R8 was created. To find compatible kotlin versions, please see: https://developer.android.com/studio/build/kotlin-d8-r8-versions
WARNING: D8: An error occurred when parsing kotlin metadata. This normally happens when using a newer version of kotlin than the kotlin version released when this version of R8 was created. To find compatible kotlin versions, please see: https://developer.android.com/studio/build/kotlin-d8-r8-versions
WARNING: D8: An error occurred when parsing kotlin metadata. This normally happens when using a newer version of kotlin than the kotlin version released when this version of R8 was created. To find compatible kotlin versions, please see: https://developer.android.com/studio/build/kotlin-d8-r8-versions
WARNING: D8: An error occurred when parsing kotlin metadata. This normally happens when using a newer version of kotlin than the kotlin version released when this version of R8 was created. To find compatible kotlin versions, please see: https://developer.android.com/studio/build/kotlin-d8-r8-versions
WARNING: D8: An error occurred when parsing kotlin metadata. This normally happens when using a newer version of kotlin than the kotlin version released when this version of R8 was created. To find compatible kotlin versions, please see: https://developer.android.com/studio/build/kotlin-d8-r8-versions
WARNING: D8: An error occurred when parsing kotlin metadata. This normally happens when using a newer version of kotlin than the kotlin version released when this version of R8 was created. To find compatible kotlin versions, please see: https://developer.android.com/studio/build/kotlin-d8-r8-versions
WARNING: D8: An error occurred when parsing kotlin metadata. This normally happens when using a newer version of kotlin than the kotlin version released when this version of R8 was created. To find compatible kotlin versions, please see: https://developer.android.com/studio/build/kotlin-d8-r8-versions
WARNING: D8: An error occurred when parsing kotlin metadata. This normally happens when using a newer version of kotlin than the kotlin version released when this version of R8 was created. To find compatible kotlin versions, please see: https://developer.android.com/studio/build/kotlin-d8-r8-versions
WARNING: D8: An error occurred when parsing kotlin metadata. This normally happens when using a newer version of kotlin than the kotlin version released when this version of R8 was created. To find compatible kotlin versions, please see: https://developer.android.com/studio/build/kotlin-d8-r8-versions
WARNING: D8: An error occurred when parsing kotlin metadata. This normally happens when using a newer version of kotlin than the kotlin version released when this version of R8 was created. To find compatible kotlin versions, please see: https://developer.android.com/studio/build/kotlin-d8-r8-versions
WARNING: D8: An error occurred when parsing kotlin metadata. This normally happens when using a newer version of kotlin than the kotlin version released when this version of R8 was created. To find compatible kotlin versions, please see: https://developer.android.com/studio/build/kotlin-d8-r8-versions
WARNING: D8: An error occurred when parsing kotlin metadata. This normally happens when using a newer version of kotlin than the kotlin version released when this version of R8 was created. To find compatible kotlin versions, please see: https://developer.android.com/studio/build/kotlin-d8-r8-versions
WARNING: D8: An error occurred when parsing kotlin metadata. This normally happens when using a newer version of kotlin than the kotlin version released when this version of R8 was created. To find compatible kotlin versions, please see: https://developer.android.com/studio/build/kotlin-d8-r8-versions
WARNING: D8: An error occurred when parsing kotlin metadata. This normally happens when using a newer version of kotlin than the kotlin version released when this version of R8 was created. To find compatible kotlin versions, please see: https://developer.android.com/studio/build/kotlin-d8-r8-versions
WARNING: D8: An error occurred when parsing kotlin metadata. This normally happens when using a newer version of kotlin than the kotlin version released when this version of R8 was created. To find compatible kotlin versions, please see: https://developer.android.com/studio/build/kotlin-d8-r8-versions
WARNING: D8: An error occurred when parsing kotlin metadata. This normally happens when using a newer version of kotlin than the kotlin version released when this version of R8 was created. To find compatible kotlin versions, please see: https://developer.android.com/studio/build/kotlin-d8-r8-versions
WARNING: D8: An error occurred when parsing kotlin metadata. This normally happens when using a newer version of kotlin than the kotlin version released when this version of R8 was created. To find compatible kotlin versions, please see: https://developer.android.com/studio/build/kotlin-d8-r8-versions
WARNING: D8: An error occurred when parsing kotlin metadata. This normally happens when using a newer version of kotlin than the kotlin version released when this version of R8 was created. To find compatible kotlin versions, please see: https://developer.android.com/studio/build/kotlin-d8-r8-versions
WARNING: D8: An error occurred when parsing kotlin metadata. This normally happens when using a newer version of kotlin than the kotlin version released when this version of R8 was created. To find compatible kotlin versions, please see: https://developer.android.com/studio/build/kotlin-d8-r8-versions
WARNING: D8: An error occurred when parsing kotlin metadata. This normally happens when using a newer version of kotlin than the kotlin version released when this version of R8 was created. To find compatible kotlin versions, please see: https://developer.android.com/studio/build/kotlin-d8-r8-versions
WARNING: D8: An error occurred when parsing kotlin metadata. This normally happens when using a newer version of kotlin than the kotlin version released when this version of R8 was created. To find compatible kotlin versions, please see: https://developer.android.com/studio/build/kotlin-d8-r8-versions
WARNING: D8: An error occurred when parsing kotlin metadata. This normally happens when using a newer version of kotlin than the kotlin version released when this version of R8 was created. To find compatible kotlin versions, please see: https://developer.android.com/studio/build/kotlin-d8-r8-versions
WARNING: D8: An error occurred when parsing kotlin metadata. This normally happens when using a newer version of kotlin than the kotlin version released when this version of R8 was created. To find compatible kotlin versions, please see: https://developer.android.com/studio/build/kotlin-d8-r8-versions
WARNING: D8: An error occurred when parsing kotlin metadata. This normally happens when using a newer version of kotlin than the kotlin version released when this version of R8 was created. To find compatible kotlin versions, please see: https://developer.android.com/studio/build/kotlin-d8-r8-versions
WARNING: D8: An error occurred when parsing kotlin metadata. This normally happens when using a newer version of kotlin than the kotlin version released when this version of R8 was created. To find compatible kotlin versions, please see: https://developer.android.com/studio/build/kotlin-d8-r8-versions
WARNING: D8: An error occurred when parsing kotlin metadata. This normally happens when using a newer version of kotlin than the kotlin version released when this version of R8 was created. To find compatible kotlin versions, please see: https://developer.android.com/studio/build/kotlin-d8-r8-versions
WARNING: D8: An error occurred when parsing kotlin metadata. This normally happens when using a newer version of kotlin than the kotlin version released when this version of R8 was created. To find compatible kotlin versions, please see: https://developer.android.com/studio/build/kotlin-d8-r8-versions
WARNING: D8: An error occurred when parsing kotlin metadata. This normally happens when using a newer version of kotlin than the kotlin version released when this version of R8 was created. To find compatible kotlin versions, please see: https://developer.android.com/studio/build/kotlin-d8-r8-versions
WARNING: D8: An error occurred when parsing kotlin metadata. This normally happens when using a newer version of kotlin than the kotlin version released when this version of R8 was created. To find compatible kotlin versions, please see: https://developer.android.com/studio/build/kotlin-d8-r8-versions
WARNING: D8: An error occurred when parsing kotlin metadata. This normally happens when using a newer version of kotlin than the kotlin version released when this version of R8 was created. To find compatible kotlin versions, please see: https://developer.android.com/studio/build/kotlin-d8-r8-versions
WARNING: D8: An error occurred when parsing kotlin metadata. This normally happens when using a newer version of kotlin than the kotlin version released when this version of R8 was created. To find compatible kotlin versions, please see: https://developer.android.com/studio/build/kotlin-d8-r8-versions
WARNING: D8: An error occurred when parsing kotlin metadata. This normally happens when using a newer version of kotlin than the kotlin version released when this version of R8 was created. To find compatible kotlin versions, please see: https://developer.android.com/studio/build/kotlin-d8-r8-versions
WARNING: D8: An error occurred when parsing kotlin metadata. This normally happens when using a newer version of kotlin than the kotlin version released when this version of R8 was created. To find compatible kotlin versions, please see: https://developer.android.com/studio/build/kotlin-d8-r8-versions
WARNING: D8: An error occurred when parsing kotlin metadata. This normally happens when using a newer version of kotlin than the kotlin version released when this version of R8 was created. To find compatible kotlin versions, please see: https://developer.android.com/studio/build/kotlin-d8-r8-versions
WARNING: D8: An error occurred when parsing kotlin metadata. This normally happens when using a newer version of kotlin than the kotlin version released when this version of R8 was created. To find compatible kotlin versions, please see: https://developer.android.com/studio/build/kotlin-d8-r8-versions
WARNING: D8: An error occurred when parsing kotlin metadata. This normally happens when using a newer version of kotlin than the kotlin version released when this version of R8 was created. To find compatible kotlin versions, please see: https://developer.android.com/studio/build/kotlin-d8-r8-versions
WARNING: D8: An error occurred when parsing kotlin metadata. This normally happens when using a newer version of kotlin than the kotlin version released when this version of R8 was created. To find compatible kotlin versions, please see: https://developer.android.com/studio/build/kotlin-d8-r8-versions
WARNING: D8: An error occurred when parsing kotlin metadata. This normally happens when using a newer version of kotlin than the kotlin version released when this version of R8 was created. To find compatible kotlin versions, please see: https://developer.android.com/studio/build/kotlin-d8-r8-versions
WARNING: D8: An error occurred when parsing kotlin metadata. This normally happens when using a newer version of kotlin than the kotlin version released when this version of R8 was created. To find compatible kotlin versions, please see: https://developer.android.com/studio/build/kotlin-d8-r8-versions
WARNING: D8: An error occurred when parsing kotlin metadata. This normally happens when using a newer version of kotlin than the kotlin version released when this version of R8 was created. To find compatible kotlin versions, please see: https://developer.android.com/studio/build/kotlin-d8-r8-versions
WARNING: D8: An error occurred when parsing kotlin metadata. This normally happens when using a newer version of kotlin than the kotlin version released when this version of R8 was created. To find compatible kotlin versions, please see: https://developer.android.com/studio/build/kotlin-d8-r8-versions
WARNING: D8: An error occurred when parsing kotlin metadata. This normally happens when using a newer version of kotlin than the kotlin version released when this version of R8 was created. To find compatible kotlin versions, please see: https://developer.android.com/studio/build/kotlin-d8-r8-versions
WARNING: D8: An error occurred when parsing kotlin metadata. This normally happens when using a newer version of kotlin than the kotlin version released when this version of R8 was created. To find compatible kotlin versions, please see: https://developer.android.com/studio/build/kotlin-d8-r8-versions
WARNING: D8: An error occurred when parsing kotlin metadata. This normally happens when using a newer version of kotlin than the kotlin version released when this version of R8 was created. To find compatible kotlin versions, please see: https://developer.android.com/studio/build/kotlin-d8-r8-versions
WARNING: D8: An error occurred when parsing kotlin metadata. This normally happens when using a newer version of kotlin than the kotlin version released when this version of R8 was created. To find compatible kotlin versions, please see: https://developer.android.com/studio/build/kotlin-d8-r8-versions
WARNING: D8: An error occurred when parsing kotlin metadata. This normally happens when using a newer version of kotlin than the kotlin version released when this version of R8 was created. To find compatible kotlin versions, please see: https://developer.android.com/studio/build/kotlin-d8-r8-versions
WARNING: D8: An error occurred when parsing kotlin metadata. This normally happens when using a newer version of kotlin than the kotlin version released when this version of R8 was created. To find compatible kotlin versions, please see: https://developer.android.com/studio/build/kotlin-d8-r8-versions
WARNING: D8: An error occurred when parsing kotlin metadata. This normally happens when using a newer version of kotlin than the kotlin version released when this version of R8 was created. To find compatible kotlin versions, please see: https://developer.android.com/studio/build/kotlin-d8-r8-versions
WARNING: D8: An error occurred when parsing kotlin metadata. This normally happens when using a newer version of kotlin than the kotlin version released when this version of R8 was created. To find compatible kotlin versions, please see: https://developer.android.com/studio/build/kotlin-d8-r8-versions
WARNING: D8: An error occurred when parsing kotlin metadata. This normally happens when using a newer version of kotlin than the kotlin version released when this version of R8 was created. To find compatible kotlin versions, please see: https://developer.android.com/studio/build/kotlin-d8-r8-versions
WARNING: D8: An error occurred when parsing kotlin metadata. This normally happens when using a newer version of kotlin than the kotlin version released when this version of R8 was created. To find compatible kotlin versions, please see: https://developer.android.com/studio/build/kotlin-d8-r8-versions
WARNING: D8: An error occurred when parsing kotlin metadata. This normally happens when using a newer version of kotlin than the kotlin version released when this version of R8 was created. To find compatible kotlin versions, please see: https://developer.android.com/studio/build/kotlin-d8-r8-versions
WARNING: D8: An error occurred when parsing kotlin metadata. This normally happens when using a newer version of kotlin than the kotlin version released when this version of R8 was created. To find compatible kotlin versions, please see: https://developer.android.com/studio/build/kotlin-d8-r8-versions
WARNING: D8: An error occurred when parsing kotlin metadata. This normally happens when using a newer version of kotlin than the kotlin version released when this version of R8 was created. To find compatible kotlin versions, please see: https://developer.android.com/studio/build/kotlin-d8-r8-versions
WARNING: D8: An error occurred when parsing kotlin metadata. This normally happens when using a newer version of kotlin than the kotlin version released when this version of R8 was created. To find compatible kotlin versions, please see: https://developer.android.com/studio/build/kotlin-d8-r8-versions
WARNING: D8: An error occurred when parsing kotlin metadata. This normally happens when using a newer version of kotlin than the kotlin version released when this version of R8 was created. To find compatible kotlin versions, please see: https://developer.android.com/studio/build/kotlin-d8-r8-versions
WARNING: D8: An error occurred when parsing kotlin metadata. This normally happens when using a newer version of kotlin than the kotlin version released when this version of R8 was created. To find compatible kotlin versions, please see: https://developer.android.com/studio/build/kotlin-d8-r8-versions
WARNING: D8: An error occurred when parsing kotlin metadata. This normally happens when using a newer version of kotlin than the kotlin version released when this version of R8 was created. To find compatible kotlin versions, please see: https://developer.android.com/studio/build/kotlin-d8-r8-versions
WARNING: D8: An error occurred when parsing kotlin metadata. This normally happens when using a newer version of kotlin than the kotlin version released when this version of R8 was created. To find compatible kotlin versions, please see: https://developer.android.com/studio/build/kotlin-d8-r8-versions
WARNING: D8: An error occurred when parsing kotlin metadata. This normally happens when using a newer version of kotlin than the kotlin version released when this version of R8 was created. To find compatible kotlin versions, please see: https://developer.android.com/studio/build/kotlin-d8-r8-versions
WARNING: D8: An error occurred when parsing kotlin metadata. This normally happens when using a newer version of kotlin than the kotlin version released when this version of R8 was created. To find compatible kotlin versions, please see: https://developer.android.com/studio/build/kotlin-d8-r8-versions
WARNING: D8: An error occurred when parsing kotlin metadata. This normally happens when using a newer version of kotlin than the kotlin version released when this version of R8 was created. To find compatible kotlin versions, please see: https://developer.android.com/studio/build/kotlin-d8-r8-versions
WARNING: D8: An error occurred when parsing kotlin metadata. This normally happens when using a newer version of kotlin than the kotlin version released when this version of R8 was created. To find compatible kotlin versions, please see: https://developer.android.com/studio/build/kotlin-d8-r8-versions
WARNING: D8: An error occurred when parsing kotlin metadata. This normally happens when using a newer version of kotlin than the kotlin version released when this version of R8 was created. To find compatible kotlin versions, please see: https://developer.android.com/studio/build/kotlin-d8-r8-versions
WARNING: D8: An error occurred when parsing kotlin metadata. This normally happens when using a newer version of kotlin than the kotlin version released when this version of R8 was created. To find compatible kotlin versions, please see: https://developer.android.com/studio/build/kotlin-d8-r8-versions
WARNING: D8: An error occurred when parsing kotlin metadata. This normally happens when using a newer version of kotlin than the kotlin version released when this version of R8 was created. To find compatible kotlin versions, please see: https://developer.android.com/studio/build/kotlin-d8-r8-versions
WARNING: D8: An error occurred when parsing kotlin metadata. This normally happens when using a newer version of kotlin than the kotlin version released when this version of R8 was created. To find compatible kotlin versions, please see: https://developer.android.com/studio/build/kotlin-d8-r8-versions
WARNING: D8: An error occurred when parsing kotlin metadata. This normally happens when using a newer version of kotlin than the kotlin version released when this version of R8 was created. To find compatible kotlin versions, please see: https://developer.android.com/studio/build/kotlin-d8-r8-versions
WARNING: D8: An error occurred when parsing kotlin metadata. This normally happens when using a newer version of kotlin than the kotlin version released when this version of R8 was created. To find compatible kotlin versions, please see: https://developer.android.com/studio/build/kotlin-d8-r8-versions
WARNING: D8: An error occurred when parsing kotlin metadata. This normally happens when using a newer version of kotlin than the kotlin version released when this version of R8 was created. To find compatible kotlin versions, please see: https://developer.android.com/studio/build/kotlin-d8-r8-versions
WARNING: D8: An error occurred when parsing kotlin metadata. This normally happens when using a newer version of kotlin than the kotlin version released when this version of R8 was created. To find compatible kotlin versions, please see: https://developer.android.com/studio/build/kotlin-d8-r8-versions
WARNING: D8: An error occurred when parsing kotlin metadata. This normally happens when using a newer version of kotlin than the kotlin version released when this version of R8 was created. To find compatible kotlin versions, please see: https://developer.android.com/studio/build/kotlin-d8-r8-versions
WARNING: D8: An error occurred when parsing kotlin metadata. This normally happens when using a newer version of kotlin than the kotlin version released when this version of R8 was created. To find compatible kotlin versions, please see: https://developer.android.com/studio/build/kotlin-d8-r8-versions
WARNING: D8: An error occurred when parsing kotlin metadata. This normally happens when using a newer version of kotlin than the kotlin version released when this version of R8 was created. To find compatible kotlin versions, please see: https://developer.android.com/studio/build/kotlin-d8-r8-versions
WARNING: D8: An error occurred when parsing kotlin metadata. This normally happens when using a newer version of kotlin than the kotlin version released when this version of R8 was created. To find compatible kotlin versions, please see: https://developer.android.com/studio/build/kotlin-d8-r8-versions
WARNING: D8: An error occurred when parsing kotlin metadata. This normally happens when using a newer version of kotlin than the kotlin version released when this version of R8 was created. To find compatible kotlin versions, please see: https://developer.android.com/studio/build/kotlin-d8-r8-versions
WARNING: D8: An error occurred when parsing kotlin metadata. This normally happens when using a newer version of kotlin than the kotlin version released when this version of R8 was created. To find compatible kotlin versions, please see: https://developer.android.com/studio/build/kotlin-d8-r8-versions
WARNING: D8: An error occurred when parsing kotlin metadata. This normally happens when using a newer version of kotlin than the kotlin version released when this version of R8 was created. To find compatible kotlin versions, please see: https://developer.android.com/studio/build/kotlin-d8-r8-versions
WARNING: D8: An error occurred when parsing kotlin metadata. This normally happens when using a newer version of kotlin than the kotlin version released when this version of R8 was created. To find compatible kotlin versions, please see: https://developer.android.com/studio/build/kotlin-d8-r8-versions
WARNING: D8: An error occurred when parsing kotlin metadata. This normally happens when using a newer version of kotlin than the kotlin version released when this version of R8 was created. To find compatible kotlin versions, please see: https://developer.android.com/studio/build/kotlin-d8-r8-versions
WARNING: D8: An error occurred when parsing kotlin metadata. This normally happens when using a newer version of kotlin than the kotlin version released when this version of R8 was created. To find compatible kotlin versions, please see: https://developer.android.com/studio/build/kotlin-d8-r8-versions
WARNING: D8: An error occurred when parsing kotlin metadata. This normally happens when using a newer version of kotlin than the kotlin version released when this version of R8 was created. To find compatible kotlin versions, please see: https://developer.android.com/studio/build/kotlin-d8-r8-versions
WARNING: D8: An error occurred when parsing kotlin metadata. This normally happens when using a newer version of kotlin than the kotlin version released when this version of R8 was created. To find compatible kotlin versions, please see: https://developer.android.com/studio/build/kotlin-d8-r8-versions
WARNING: D8: An error occurred when parsing kotlin metadata. This normally happens when using a newer version of kotlin than the kotlin version released when this version of R8 was created. To find compatible kotlin versions, please see: https://developer.android.com/studio/build/kotlin-d8-r8-versions
WARNING: D8: An error occurred when parsing kotlin metadata. This normally happens when using a newer version of kotlin than the kotlin version released when this version of R8 was created. To find compatible kotlin versions, please see: https://developer.android.com/studio/build/kotlin-d8-r8-versions
WARNING: D8: An error occurred when parsing kotlin metadata. This normally happens when using a newer version of kotlin than the kotlin version released when this version of R8 was created. To find compatible kotlin versions, please see: https://developer.android.com/studio/build/kotlin-d8-r8-versions
WARNING: D8: An error occurred when parsing kotlin metadata. This normally happens when using a newer version of kotlin than the kotlin version released when this version of R8 was created. To find compatible kotlin versions, please see: https://developer.android.com/studio/build/kotlin-d8-r8-versions
WARNING: D8: An error occurred when parsing kotlin metadata. This normally happens when using a newer version of kotlin than the kotlin version released when this version of R8 was created. To find compatible kotlin versions, please see: https://developer.android.com/studio/build/kotlin-d8-r8-versions
WARNING: D8: An error occurred when parsing kotlin metadata. This normally happens when using a newer version of kotlin than the kotlin version released when this version of R8 was created. To find compatible kotlin versions, please see: https://developer.android.com/studio/build/kotlin-d8-r8-versions
WARNING: D8: An error occurred when parsing kotlin metadata. This normally happens when using a newer version of kotlin than the kotlin version released when this version of R8 was created. To find compatible kotlin versions, please see: https://developer.android.com/studio/build/kotlin-d8-r8-versions
WARNING: D8: An error occurred when parsing kotlin metadata. This normally happens when using a newer version of kotlin than the kotlin version released when this version of R8 was created. To find compatible kotlin versions, please see: https://developer.android.com/studio/build/kotlin-d8-r8-versions
WARNING: D8: An error occurred when parsing kotlin metadata. This normally happens when using a newer version of kotlin than the kotlin version released when this version of R8 was created. To find compatible kotlin versions, please see: https://developer.android.com/studio/build/kotlin-d8-r8-versions
WARNING: D8: An error occurred when parsing kotlin metadata. This normally happens when using a newer version of kotlin than the kotlin version released when this version of R8 was created. To find compatible kotlin versions, please see: https://developer.android.com/studio/build/kotlin-d8-r8-versions
WARNING: D8: An error occurred when parsing kotlin metadata. This normally happens when using a newer version of kotlin than the kotlin version released when this version of R8 was created. To find compatible kotlin versions, please see: https://developer.android.com/studio/build/kotlin-d8-r8-versions
WARNING: D8: An error occurred when parsing kotlin metadata. This normally happens when using a newer version of kotlin than the kotlin version released when this version of R8 was created. To find compatible kotlin versions, please see: https://developer.android.com/studio/build/kotlin-d8-r8-versions
WARNING: D8: An error occurred when parsing kotlin metadata. This normally happens when using a newer version of kotlin than the kotlin version released when this version of R8 was created. To find compatible kotlin versions, please see: https://developer.android.com/studio/build/kotlin-d8-r8-versions
WARNING: D8: An error occurred when parsing kotlin metadata. This normally happens when using a newer version of kotlin than the kotlin version released when this version of R8 was created. To find compatible kotlin versions, please see: https://developer.android.com/studio/build/kotlin-d8-r8-versions
WARNING: D8: An error occurred when parsing kotlin metadata. This normally happens when using a newer version of kotlin than the kotlin version released when this version of R8 was created. To find compatible kotlin versions, please see: https://developer.android.com/studio/build/kotlin-d8-r8-versions
WARNING: D8: An error occurred when parsing kotlin metadata. This normally happens when using a newer version of kotlin than the kotlin version released when this version of R8 was created. To find compatible kotlin versions, please see: https://developer.android.com/studio/build/kotlin-d8-r8-versions
WARNING: D8: An error occurred when parsing kotlin metadata. This normally happens when using a newer version of kotlin than the kotlin version released when this version of R8 was created. To find compatible kotlin versions, please see: https://developer.android.com/studio/build/kotlin-d8-r8-versions
WARNING: D8: An error occurred when parsing kotlin metadata. This normally happens when using a newer version of kotlin than the kotlin version released when this version of R8 was created. To find compatible kotlin versions, please see: https://developer.android.com/studio/build/kotlin-d8-r8-versions
WARNING: D8: An error occurred when parsing kotlin metadata. This normally happens when using a newer version of kotlin than the kotlin version released when this version of R8 was created. To find compatible kotlin versions, please see: https://developer.android.com/studio/build/kotlin-d8-r8-versions
WARNING: D8: An error occurred when parsing kotlin metadata. This normally happens when using a newer version of kotlin than the kotlin version released when this version of R8 was created. To find compatible kotlin versions, please see: https://developer.android.com/studio/build/kotlin-d8-r8-versions
WARNING: D8: An error occurred when parsing kotlin metadata. This normally happens when using a newer version of kotlin than the kotlin version released when this version of R8 was created. To find compatible kotlin versions, please see: https://developer.android.com/studio/build/kotlin-d8-r8-versions
WARNING: D8: An error occurred when parsing kotlin metadata. This normally happens when using a newer version of kotlin than the kotlin version released when this version of R8 was created. To find compatible kotlin versions, please see: https://developer.android.com/studio/build/kotlin-d8-r8-versions
WARNING: D8: An error occurred when parsing kotlin metadata. This normally happens when using a newer version of kotlin than the kotlin version released when this version of R8 was created. To find compatible kotlin versions, please see: https://developer.android.com/studio/build/kotlin-d8-r8-versions
WARNING: D8: An error occurred when parsing kotlin metadata. This normally happens when using a newer version of kotlin than the kotlin version released when this version of R8 was created. To find compatible kotlin versions, please see: https://developer.android.com/studio/build/kotlin-d8-r8-versions
WARNING: D8: An error occurred when parsing kotlin metadata. This normally happens when using a newer version of kotlin than the kotlin version released when this version of R8 was created. To find compatible kotlin versions, please see: https://developer.android.com/studio/build/kotlin-d8-r8-versions
WARNING: D8: An error occurred when parsing kotlin metadata. This normally happens when using a newer version of kotlin than the kotlin version released when this version of R8 was created. To find compatible kotlin versions, please see: https://developer.android.com/studio/build/kotlin-d8-r8-versions
WARNING: D8: An error occurred when parsing kotlin metadata. This normally happens when using a newer version of kotlin than the kotlin version released when this version of R8 was created. To find compatible kotlin versions, please see: https://developer.android.com/studio/build/kotlin-d8-r8-versions
WARNING: D8: An error occurred when parsing kotlin metadata. This normally happens when using a newer version of kotlin than the kotlin version released when this version of R8 was created. To find compatible kotlin versions, please see: https://developer.android.com/studio/build/kotlin-d8-r8-versions
WARNING: D8: An error occurred when parsing kotlin metadata. This normally happens when using a newer version of kotlin than the kotlin version released when this version of R8 was created. To find compatible kotlin versions, please see: https://developer.android.com/studio/build/kotlin-d8-r8-versions
WARNING: D8: An error occurred when parsing kotlin metadata. This normally happens when using a newer version of kotlin than the kotlin version released when this version of R8 was created. To find compatible kotlin versions, please see: https://developer.android.com/studio/build/kotlin-d8-r8-versions
WARNING: D8: An error occurred when parsing kotlin metadata. This normally happens when using a newer version of kotlin than the kotlin version released when this version of R8 was created. To find compatible kotlin versions, please see: https://developer.android.com/studio/build/kotlin-d8-r8-versions
WARNING: D8: An error occurred when parsing kotlin metadata. This normally happens when using a newer version of kotlin than the kotlin version released when this version of R8 was created. To find compatible kotlin versions, please see: https://developer.android.com/studio/build/kotlin-d8-r8-versions
WARNING: D8: An error occurred when parsing kotlin metadata. This normally happens when using a newer version of kotlin than the kotlin version released when this version of R8 was created. To find compatible kotlin versions, please see: https://developer.android.com/studio/build/kotlin-d8-r8-versions
WARNING: D8: An error occurred when parsing kotlin metadata. This normally happens when using a newer version of kotlin than the kotlin version released when this version of R8 was created. To find compatible kotlin versions, please see: https://developer.android.com/studio/build/kotlin-d8-r8-versions
WARNING: D8: An error occurred when parsing kotlin metadata. This normally happens when using a newer version of kotlin than the kotlin version released when this version of R8 was created. To find compatible kotlin versions, please see: https://developer.android.com/studio/build/kotlin-d8-r8-versions
WARNING: D8: An error occurred when parsing kotlin metadata. This normally happens when using a newer version of kotlin than the kotlin version released when this version of R8 was created. To find compatible kotlin versions, please see: https://developer.android.com/studio/build/kotlin-d8-r8-versions
WARNING: D8: An error occurred when parsing kotlin metadata. This normally happens when using a newer version of kotlin than the kotlin version released when this version of R8 was created. To find compatible kotlin versions, please see: https://developer.android.com/studio/build/kotlin-d8-r8-versions
WARNING: D8: An error occurred when parsing kotlin metadata. This normally happens when using a newer version of kotlin than the kotlin version released when this version of R8 was created. To find compatible kotlin versions, please see: https://developer.android.com/studio/build/kotlin-d8-r8-versions
WARNING: D8: An error occurred when parsing kotlin metadata. This normally happens when using a newer version of kotlin than the kotlin version released when this version of R8 was created. To find compatible kotlin versions, please see: https://developer.android.com/studio/build/kotlin-d8-r8-versions
WARNING: D8: An error occurred when parsing kotlin metadata. This normally happens when using a newer version of kotlin than the kotlin version released when this version of R8 was created. To find compatible kotlin versions, please see: https://developer.android.com/studio/build/kotlin-d8-r8-versions
WARNING: D8: An error occurred when parsing kotlin metadata. This normally happens when using a newer version of kotlin than the kotlin version released when this version of R8 was created. To find compatible kotlin versions, please see: https://developer.android.com/studio/build/kotlin-d8-r8-versions
WARNING: D8: An error occurred when parsing kotlin metadata. This normally happens when using a newer version of kotlin than the kotlin version released when this version of R8 was created. To find compatible kotlin versions, please see: https://developer.android.com/studio/build/kotlin-d8-r8-versions
WARNING: D8: An error occurred when parsing kotlin metadata. This normally happens when using a newer version of kotlin than the kotlin version released when this version of R8 was created. To find compatible kotlin versions, please see: https://developer.android.com/studio/build/kotlin-d8-r8-versions
WARNING: D8: An error occurred when parsing kotlin metadata. This normally happens when using a newer version of kotlin than the kotlin version released when this version of R8 was created. To find compatible kotlin versions, please see: https://developer.android.com/studio/build/kotlin-d8-r8-versions
WARNING: D8: An error occurred when parsing kotlin metadata. This normally happens when using a newer version of kotlin than the kotlin version released when this version of R8 was created. To find compatible kotlin versions, please see: https://developer.android.com/studio/build/kotlin-d8-r8-versions
WARNING: D8: An error occurred when parsing kotlin metadata. This normally happens when using a newer version of kotlin than the kotlin version released when this version of R8 was created. To find compatible kotlin versions, please see: https://developer.android.com/studio/build/kotlin-d8-r8-versions
WARNING: D8: An error occurred when parsing kotlin metadata. This normally happens when using a newer version of kotlin than the kotlin version released when this version of R8 was created. To find compatible kotlin versions, please see: https://developer.android.com/studio/build/kotlin-d8-r8-versions
WARNING: D8: An error occurred when parsing kotlin metadata. This normally happens when using a newer version of kotlin than the kotlin version released when this version of R8 was created. To find compatible kotlin versions, please see: https://developer.android.com/studio/build/kotlin-d8-r8-versions
WARNING: D8: An error occurred when parsing kotlin metadata. This normally happens when using a newer version of kotlin than the kotlin version released when this version of R8 was created. To find compatible kotlin versions, please see: https://developer.android.com/studio/build/kotlin-d8-r8-versions
WARNING: D8: An error occurred when parsing kotlin metadata. This normally happens when using a newer version of kotlin than the kotlin version released when this version of R8 was created. To find compatible kotlin versions, please see: https://developer.android.com/studio/build/kotlin-d8-r8-versions
WARNING: D8: An error occurred when parsing kotlin metadata. This normally happens when using a newer version of kotlin than the kotlin version released when this version of R8 was created. To find compatible kotlin versions, please see: https://developer.android.com/studio/build/kotlin-d8-r8-versions
WARNING: D8: An error occurred when parsing kotlin metadata. This normally happens when using a newer version of kotlin than the kotlin version released when this version of R8 was created. To find compatible kotlin versions, please see: https://developer.android.com/studio/build/kotlin-d8-r8-versions
WARNING: D8: An error occurred when parsing kotlin metadata. This normally happens when using a newer version of kotlin than the kotlin version released when this version of R8 was created. To find compatible kotlin versions, please see: https://developer.android.com/studio/build/kotlin-d8-r8-versions
WARNING: D8: An error occurred when parsing kotlin metadata. This normally happens when using a newer version of kotlin than the kotlin version released when this version of R8 was created. To find compatible kotlin versions, please see: https://developer.android.com/studio/build/kotlin-d8-r8-versions
WARNING: D8: An error occurred when parsing kotlin metadata. This normally happens when using a newer version of kotlin than the kotlin version released when this version of R8 was created. To find compatible kotlin versions, please see: https://developer.android.com/studio/build/kotlin-d8-r8-versions
WARNING: D8: An error occurred when parsing kotlin metadata. This normally happens when using a newer version of kotlin than the kotlin version released when this version of R8 was created. To find compatible kotlin versions, please see: https://developer.android.com/studio/build/kotlin-d8-r8-versions
WARNING: D8: An error occurred when parsing kotlin metadata. This normally happens when using a newer version of kotlin than the kotlin version released when this version of R8 was created. To find compatible kotlin versions, please see: https://developer.android.com/studio/build/kotlin-d8-r8-versions
WARNING: D8: An error occurred when parsing kotlin metadata. This normally happens when using a newer version of kotlin than the kotlin version released when this version of R8 was created. To find compatible kotlin versions, please see: https://developer.android.com/studio/build/kotlin-d8-r8-versions
WARNING: D8: An error occurred when parsing kotlin metadata. This normally happens when using a newer version of kotlin than the kotlin version released when this version of R8 was created. To find compatible kotlin versions, please see: https://developer.android.com/studio/build/kotlin-d8-r8-versions
WARNING: D8: An error occurred when parsing kotlin metadata. This normally happens when using a newer version of kotlin than the kotlin version released when this version of R8 was created. To find compatible kotlin versions, please see: https://developer.android.com/studio/build/kotlin-d8-r8-versions
WARNING: D8: An error occurred when parsing kotlin metadata. This normally happens when using a newer version of kotlin than the kotlin version released when this version of R8 was created. To find compatible kotlin versions, please see: https://developer.android.com/studio/build/kotlin-d8-r8-versions
WARNING: D8: An error occurred when parsing kotlin metadata. This normally happens when using a newer version of kotlin than the kotlin version released when this version of R8 was created. To find compatible kotlin versions, please see: https://developer.android.com/studio/build/kotlin-d8-r8-versions
WARNING: D8: An error occurred when parsing kotlin metadata. This normally happens when using a newer version of kotlin than the kotlin version released when this version of R8 was created. To find compatible kotlin versions, please see: https://developer.android.com/studio/build/kotlin-d8-r8-versions
WARNING: D8: An error occurred when parsing kotlin metadata. This normally happens when using a newer version of kotlin than the kotlin version released when this version of R8 was created. To find compatible kotlin versions, please see: https://developer.android.com/studio/build/kotlin-d8-r8-versions
WARNING: D8: An error occurred when parsing kotlin metadata. This normally happens when using a newer version of kotlin than the kotlin version released when this version of R8 was created. To find compatible kotlin versions, please see: https://developer.android.com/studio/build/kotlin-d8-r8-versions
WARNING: D8: An error occurred when parsing kotlin metadata. This normally happens when using a newer version of kotlin than the kotlin version released when this version of R8 was created. To find compatible kotlin versions, please see: https://developer.android.com/studio/build/kotlin-d8-r8-versions
WARNING: D8: An error occurred when parsing kotlin metadata. This normally happens when using a newer version of kotlin than the kotlin version released when this version of R8 was created. To find compatible kotlin versions, please see: https://developer.android.com/studio/build/kotlin-d8-r8-versions
WARNING: D8: An error occurred when parsing kotlin metadata. This normally happens when using a newer version of kotlin than the kotlin version released when this version of R8 was created. To find compatible kotlin versions, please see: https://developer.android.com/studio/build/kotlin-d8-r8-versions
WARNING: D8: An error occurred when parsing kotlin metadata. This normally happens when using a newer version of kotlin than the kotlin version released when this version of R8 was created. To find compatible kotlin versions, please see: https://developer.android.com/studio/build/kotlin-d8-r8-versions
WARNING: D8: An error occurred when parsing kotlin metadata. This normally happens when using a newer version of kotlin than the kotlin version released when this version of R8 was created. To find compatible kotlin versions, please see: https://developer.android.com/studio/build/kotlin-d8-r8-versions
WARNING: D8: An error occurred when parsing kotlin metadata. This normally happens when using a newer version of kotlin than the kotlin version released when this version of R8 was created. To find compatible kotlin versions, please see: https://developer.android.com/studio/build/kotlin-d8-r8-versions
WARNING: D8: An error occurred when parsing kotlin metadata. This normally happens when using a newer version of kotlin than the kotlin version released when this version of R8 was created. To find compatible kotlin versions, please see: https://developer.android.com/studio/build/kotlin-d8-r8-versions
WARNING: D8: An error occurred when parsing kotlin metadata. This normally happens when using a newer version of kotlin than the kotlin version released when this version of R8 was created. To find compatible kotlin versions, please see: https://developer.android.com/studio/build/kotlin-d8-r8-versions
WARNING: D8: An error occurred when parsing kotlin metadata. This normally happens when using a newer version of kotlin than the kotlin version released when this version of R8 was created. To find compatible kotlin versions, please see: https://developer.android.com/studio/build/kotlin-d8-r8-versions
WARNING: D8: An error occurred when parsing kotlin metadata. This normally happens when using a newer version of kotlin than the kotlin version released when this version of R8 was created. To find compatible kotlin versions, please see: https://developer.android.com/studio/build/kotlin-d8-r8-versions
WARNING: D8: An error occurred when parsing kotlin metadata. This normally happens when using a newer version of kotlin than the kotlin version released when this version of R8 was created. To find compatible kotlin versions, please see: https://developer.android.com/studio/build/kotlin-d8-r8-versions
WARNING: D8: An error occurred when parsing kotlin metadata. This normally happens when using a newer version of kotlin than the kotlin version released when this version of R8 was created. To find compatible kotlin versions, please see: https://developer.android.com/studio/build/kotlin-d8-r8-versions
WARNING: D8: An error occurred when parsing kotlin metadata. This normally happens when using a newer version of kotlin than the kotlin version released when this version of R8 was created. To find compatible kotlin versions, please see: https://developer.android.com/studio/build/kotlin-d8-r8-versions
WARNING: D8: An error occurred when parsing kotlin metadata. This normally happens when using a newer version of kotlin than the kotlin version released when this version of R8 was created. To find compatible kotlin versions, please see: https://developer.android.com/studio/build/kotlin-d8-r8-versions
WARNING: D8: An error occurred when parsing kotlin metadata. This normally happens when using a newer version of kotlin than the kotlin version released when this version of R8 was created. To find compatible kotlin versions, please see: https://developer.android.com/studio/build/kotlin-d8-r8-versions
WARNING: D8: An error occurred when parsing kotlin metadata. This normally happens when using a newer version of kotlin than the kotlin version released when this version of R8 was created. To find compatible kotlin versions, please see: https://developer.android.com/studio/build/kotlin-d8-r8-versions
WARNING: D8: An error occurred when parsing kotlin metadata. This normally happens when using a newer version of kotlin than the kotlin version released when this version of R8 was created. To find compatible kotlin versions, please see: https://developer.android.com/studio/build/kotlin-d8-r8-versions
WARNING: D8: An error occurred when parsing kotlin metadata. This normally happens when using a newer version of kotlin than the kotlin version released when this version of R8 was created. To find compatible kotlin versions, please see: https://developer.android.com/studio/build/kotlin-d8-r8-versions
WARNING: D8: An error occurred when parsing kotlin metadata. This normally happens when using a newer version of kotlin than the kotlin version released when this version of R8 was created. To find compatible kotlin versions, please see: https://developer.android.com/studio/build/kotlin-d8-r8-versions
WARNING: D8: An error occurred when parsing kotlin metadata. This normally happens when using a newer version of kotlin than the kotlin version released when this version of R8 was created. To find compatible kotlin versions, please see: https://developer.android.com/studio/build/kotlin-d8-r8-versions
WARNING: D8: An error occurred when parsing kotlin metadata. This normally happens when using a newer version of kotlin than the kotlin version released when this version of R8 was created. To find compatible kotlin versions, please see: https://developer.android.com/studio/build/kotlin-d8-r8-versions
WARNING: D8: An error occurred when parsing kotlin metadata. This normally happens when using a newer version of kotlin than the kotlin version released when this version of R8 was created. To find compatible kotlin versions, please see: https://developer.android.com/studio/build/kotlin-d8-r8-versions
WARNING: D8: An error occurred when parsing kotlin metadata. This normally happens when using a newer version of kotlin than the kotlin version released when this version of R8 was created. To find compatible kotlin versions, please see: https://developer.android.com/studio/build/kotlin-d8-r8-versions
WARNING: D8: An error occurred when parsing kotlin metadata. This normally happens when using a newer version of kotlin than the kotlin version released when this version of R8 was created. To find compatible kotlin versions, please see: https://developer.android.com/studio/build/kotlin-d8-r8-versions
WARNING: D8: An error occurred when parsing kotlin metadata. This normally happens when using a newer version of kotlin than the kotlin version released when this version of R8 was created. To find compatible kotlin versions, please see: https://developer.android.com/studio/build/kotlin-d8-r8-versions
WARNING: D8: An error occurred when parsing kotlin metadata. This normally happens when using a newer version of kotlin than the kotlin version released when this version of R8 was created. To find compatible kotlin versions, please see: https://developer.android.com/studio/build/kotlin-d8-r8-versions
WARNING: D8: An error occurred when parsing kotlin metadata. This normally happens when using a newer version of kotlin than the kotlin version released when this version of R8 was created. To find compatible kotlin versions, please see: https://developer.android.com/studio/build/kotlin-d8-r8-versions
WARNING: D8: An error occurred when parsing kotlin metadata. This normally happens when using a newer version of kotlin than the kotlin version released when this version of R8 was created. To find compatible kotlin versions, please see: https://developer.android.com/studio/build/kotlin-d8-r8-versions
WARNING: D8: An error occurred when parsing kotlin metadata. This normally happens when using a newer version of kotlin than the kotlin version released when this version of R8 was created. To find compatible kotlin versions, please see: https://developer.android.com/studio/build/kotlin-d8-r8-versions
WARNING: D8: An error occurred when parsing kotlin metadata. This normally happens when using a newer version of kotlin than the kotlin version released when this version of R8 was created. To find compatible kotlin versions, please see: https://developer.android.com/studio/build/kotlin-d8-r8-versions
WARNING: D8: An error occurred when parsing kotlin metadata. This normally happens when using a newer version of kotlin than the kotlin version released when this version of R8 was created. To find compatible kotlin versions, please see: https://developer.android.com/studio/build/kotlin-d8-r8-versions
WARNING: D8: An error occurred when parsing kotlin metadata. This normally happens when using a newer version of kotlin than the kotlin version released when this version of R8 was created. To find compatible kotlin versions, please see: https://developer.android.com/studio/build/kotlin-d8-r8-versions
WARNING: D8: An error occurred when parsing kotlin metadata. This normally happens when using a newer version of kotlin than the kotlin version released when this version of R8 was created. To find compatible kotlin versions, please see: https://developer.android.com/studio/build/kotlin-d8-r8-versions
WARNING: D8: An error occurred when parsing kotlin metadata. This normally happens when using a newer version of kotlin than the kotlin version released when this version of R8 was created. To find compatible kotlin versions, please see: https://developer.android.com/studio/build/kotlin-d8-r8-versions
WARNING: D8: An error occurred when parsing kotlin metadata. This normally happens when using a newer version of kotlin than the kotlin version released when this version of R8 was created. To find compatible kotlin versions, please see: https://developer.android.com/studio/build/kotlin-d8-r8-versions
WARNING: D8: An error occurred when parsing kotlin metadata. This normally happens when using a newer version of kotlin than the kotlin version released when this version of R8 was created. To find compatible kotlin versions, please see: https://developer.android.com/studio/build/kotlin-d8-r8-versions
WARNING: D8: An error occurred when parsing kotlin metadata. This normally happens when using a newer version of kotlin than the kotlin version released when this version of R8 was created. To find compatible kotlin versions, please see: https://developer.android.com/studio/build/kotlin-d8-r8-versions
WARNING: D8: An error occurred when parsing kotlin metadata. This normally happens when using a newer version of kotlin than the kotlin version released when this version of R8 was created. To find compatible kotlin versions, please see: https://developer.android.com/studio/build/kotlin-d8-r8-versions
WARNING: D8: An error occurred when parsing kotlin metadata. This normally happens when using a newer version of kotlin than the kotlin version released when this version of R8 was created. To find compatible kotlin versions, please see: https://developer.android.com/studio/build/kotlin-d8-r8-versions
WARNING: D8: An error occurred when parsing kotlin metadata. This normally happens when using a newer version of kotlin than the kotlin version released when this version of R8 was created. To find compatible kotlin versions, please see: https://developer.android.com/studio/build/kotlin-d8-r8-versions
WARNING: D8: An error occurred when parsing kotlin metadata. This normally happens when using a newer version of kotlin than the kotlin version released when this version of R8 was created. To find compatible kotlin versions, please see: https://developer.android.com/studio/build/kotlin-d8-r8-versions
WARNING: D8: An error occurred when parsing kotlin metadata. This normally happens when using a newer version of kotlin than the kotlin version released when this version of R8 was created. To find compatible kotlin versions, please see: https://developer.android.com/studio/build/kotlin-d8-r8-versions
WARNING: D8: An error occurred when parsing kotlin metadata. This normally happens when using a newer version of kotlin than the kotlin version released when this version of R8 was created. To find compatible kotlin versions, please see: https://developer.android.com/studio/build/kotlin-d8-r8-versions
WARNING: D8: An error occurred when parsing kotlin metadata. This normally happens when using a newer version of kotlin than the kotlin version released when this version of R8 was created. To find compatible kotlin versions, please see: https://developer.android.com/studio/build/kotlin-d8-r8-versions
WARNING: D8: An error occurred when parsing kotlin metadata. This normally happens when using a newer version of kotlin than the kotlin version released when this version of R8 was created. To find compatible kotlin versions, please see: https://developer.android.com/studio/build/kotlin-d8-r8-versions
WARNING: D8: An error occurred when parsing kotlin metadata. This normally happens when using a newer version of kotlin than the kotlin version released when this version of R8 was created. To find compatible kotlin versions, please see: https://developer.android.com/studio/build/kotlin-d8-r8-versions
WARNING: D8: An error occurred when parsing kotlin metadata. This normally happens when using a newer version of kotlin than the kotlin version released when this version of R8 was created. To find compatible kotlin versions, please see: https://developer.android.com/studio/build/kotlin-d8-r8-versions
WARNING: D8: An error occurred when parsing kotlin metadata. This normally happens when using a newer version of kotlin than the kotlin version released when this version of R8 was created. To find compatible kotlin versions, please see: https://developer.android.com/studio/build/kotlin-d8-r8-versions
WARNING: D8: An error occurred when parsing kotlin metadata. This normally happens when using a newer version of kotlin than the kotlin version released when this version of R8 was created. To find compatible kotlin versions, please see: https://developer.android.com/studio/build/kotlin-d8-r8-versions
WARNING: D8: An error occurred when parsing kotlin metadata. This normally happens when using a newer version of kotlin than the kotlin version released when this version of R8 was created. To find compatible kotlin versions, please see: https://developer.android.com/studio/build/kotlin-d8-r8-versions
WARNING: D8: An error occurred when parsing kotlin metadata. This normally happens when using a newer version of kotlin than the kotlin version released when this version of R8 was created. To find compatible kotlin versions, please see: https://developer.android.com/studio/build/kotlin-d8-r8-versions
WARNING: D8: An error occurred when parsing kotlin metadata. This normally happens when using a newer version of kotlin than the kotlin version released when this version of R8 was created. To find compatible kotlin versions, please see: https://developer.android.com/studio/build/kotlin-d8-r8-versions
WARNING: D8: An error occurred when parsing kotlin metadata. This normally happens when using a newer version of kotlin than the kotlin version released when this version of R8 was created. To find compatible kotlin versions, please see: https://developer.android.com/studio/build/kotlin-d8-r8-versions
WARNING: D8: An error occurred when parsing kotlin metadata. This normally happens when using a newer version of kotlin than the kotlin version released when this version of R8 was created. To find compatible kotlin versions, please see: https://developer.android.com/studio/build/kotlin-d8-r8-versions
WARNING: D8: An error occurred when parsing kotlin metadata. This normally happens when using a newer version of kotlin than the kotlin version released when this version of R8 was created. To find compatible kotlin versions, please see: https://developer.android.com/studio/build/kotlin-d8-r8-versions
WARNING: D8: An error occurred when parsing kotlin metadata. This normally happens when using a newer version of kotlin than the kotlin version released when this version of R8 was created. To find compatible kotlin versions, please see: https://developer.android.com/studio/build/kotlin-d8-r8-versions
WARNING: D8: An error occurred when parsing kotlin metadata. This normally happens when using a newer version of kotlin than the kotlin version released when this version of R8 was created. To find compatible kotlin versions, please see: https://developer.android.com/studio/build/kotlin-d8-r8-versions
WARNING: D8: An error occurred when parsing kotlin metadata. This normally happens when using a newer version of kotlin than the kotlin version released when this version of R8 was created. To find compatible kotlin versions, please see: https://developer.android.com/studio/build/kotlin-d8-r8-versions
WARNING: D8: An error occurred when parsing kotlin metadata. This normally happens when using a newer version of kotlin than the kotlin version released when this version of R8 was created. To find compatible kotlin versions, please see: https://developer.android.com/studio/build/kotlin-d8-r8-versions
WARNING: D8: An error occurred when parsing kotlin metadata. This normally happens when using a newer version of kotlin than the kotlin version released when this version of R8 was created. To find compatible kotlin versions, please see: https://developer.android.com/studio/build/kotlin-d8-r8-versions
WARNING: D8: An error occurred when parsing kotlin metadata. This normally happens when using a newer version of kotlin than the kotlin version released when this version of R8 was created. To find compatible kotlin versions, please see: https://developer.android.com/studio/build/kotlin-d8-r8-versions
WARNING: D8: An error occurred when parsing kotlin metadata. This normally happens when using a newer version of kotlin than the kotlin version released when this version of R8 was created. To find compatible kotlin versions, please see: https://developer.android.com/studio/build/kotlin-d8-r8-versions
WARNING: D8: An error occurred when parsing kotlin metadata. This normally happens when using a newer version of kotlin than the kotlin version released when this version of R8 was created. To find compatible kotlin versions, please see: https://developer.android.com/studio/build/kotlin-d8-r8-versions
WARNING: D8: An error occurred when parsing kotlin metadata. This normally happens when using a newer version of kotlin than the kotlin version released when this version of R8 was created. To find compatible kotlin versions, please see: https://developer.android.com/studio/build/kotlin-d8-r8-versions
WARNING: D8: An error occurred when parsing kotlin metadata. This normally happens when using a newer version of kotlin than the kotlin version released when this version of R8 was created. To find compatible kotlin versions, please see: https://developer.android.com/studio/build/kotlin-d8-r8-versions
WARNING: D8: An error occurred when parsing kotlin metadata. This normally happens when using a newer version of kotlin than the kotlin version released when this version of R8 was created. To find compatible kotlin versions, please see: https://developer.android.com/studio/build/kotlin-d8-r8-versions
WARNING: D8: An error occurred when parsing kotlin metadata. This normally happens when using a newer version of kotlin than the kotlin version released when this version of R8 was created. To find compatible kotlin versions, please see: https://developer.android.com/studio/build/kotlin-d8-r8-versions
WARNING: D8: An error occurred when parsing kotlin metadata. This normally happens when using a newer version of kotlin than the kotlin version released when this version of R8 was created. To find compatible kotlin versions, please see: https://developer.android.com/studio/build/kotlin-d8-r8-versions
WARNING: D8: An error occurred when parsing kotlin metadata. This normally happens when using a newer version of kotlin than the kotlin version released when this version of R8 was created. To find compatible kotlin versions, please see: https://developer.android.com/studio/build/kotlin-d8-r8-versions
WARNING: D8: An error occurred when parsing kotlin metadata. This normally happens when using a newer version of kotlin than the kotlin version released when this version of R8 was created. To find compatible kotlin versions, please see: https://developer.android.com/studio/build/kotlin-d8-r8-versions
WARNING: D8: An error occurred when parsing kotlin metadata. This normally happens when using a newer version of kotlin than the kotlin version released when this version of R8 was created. To find compatible kotlin versions, please see: https://developer.android.com/studio/build/kotlin-d8-r8-versions
WARNING: D8: An error occurred when parsing kotlin metadata. This normally happens when using a newer version of kotlin than the kotlin version released when this version of R8 was created. To find compatible kotlin versions, please see: https://developer.android.com/studio/build/kotlin-d8-r8-versions
WARNING: D8: An error occurred when parsing kotlin metadata. This normally happens when using a newer version of kotlin than the kotlin version released when this version of R8 was created. To find compatible kotlin versions, please see: https://developer.android.com/studio/build/kotlin-d8-r8-versions
WARNING: D8: An error occurred when parsing kotlin metadata. This normally happens when using a newer version of kotlin than the kotlin version released when this version of R8 was created. To find compatible kotlin versions, please see: https://developer.android.com/studio/build/kotlin-d8-r8-versions
WARNING: D8: An error occurred when parsing kotlin metadata. This normally happens when using a newer version of kotlin than the kotlin version released when this version of R8 was created. To find compatible kotlin versions, please see: https://developer.android.com/studio/build/kotlin-d8-r8-versions
WARNING: D8: An error occurred when parsing kotlin metadata. This normally happens when using a newer version of kotlin than the kotlin version released when this version of R8 was created. To find compatible kotlin versions, please see: https://developer.android.com/studio/build/kotlin-d8-r8-versions
WARNING: D8: An error occurred when parsing kotlin metadata. This normally happens when using a newer version of kotlin than the kotlin version released when this version of R8 was created. To find compatible kotlin versions, please see: https://developer.android.com/studio/build/kotlin-d8-r8-versions
WARNING: D8: An error occurred when parsing kotlin metadata. This normally happens when using a newer version of kotlin than the kotlin version released when this version of R8 was created. To find compatible kotlin versions, please see: https://developer.android.com/studio/build/kotlin-d8-r8-versions
WARNING: D8: An error occurred when parsing kotlin metadata. This normally happens when using a newer version of kotlin than the kotlin version released when this version of R8 was created. To find compatible kotlin versions, please see: https://developer.android.com/studio/build/kotlin-d8-r8-versions
WARNING: D8: An error occurred when parsing kotlin metadata. This normally happens when using a newer version of kotlin than the kotlin version released when this version of R8 was created. To find compatible kotlin versions, please see: https://developer.android.com/studio/build/kotlin-d8-r8-versions
WARNING: D8: An error occurred when parsing kotlin metadata. This normally happens when using a newer version of kotlin than the kotlin version released when this version of R8 was created. To find compatible kotlin versions, please see: https://developer.android.com/studio/build/kotlin-d8-r8-versions
WARNING: D8: An error occurred when parsing kotlin metadata. This normally happens when using a newer version of kotlin than the kotlin version released when this version of R8 was created. To find compatible kotlin versions, please see: https://developer.android.com/studio/build/kotlin-d8-r8-versions
WARNING: D8: An error occurred when parsing kotlin metadata. This normally happens when using a newer version of kotlin than the kotlin version released when this version of R8 was created. To find compatible kotlin versions, please see: https://developer.android.com/studio/build/kotlin-d8-r8-versions
WARNING: D8: An error occurred when parsing kotlin metadata. This normally happens when using a newer version of kotlin than the kotlin version released when this version of R8 was created. To find compatible kotlin versions, please see: https://developer.android.com/studio/build/kotlin-d8-r8-versions
WARNING: D8: An error occurred when parsing kotlin metadata. This normally happens when using a newer version of kotlin than the kotlin version released when this version of R8 was created. To find compatible kotlin versions, please see: https://developer.android.com/studio/build/kotlin-d8-r8-versions
WARNING: D8: An error occurred when parsing kotlin metadata. This normally happens when using a newer version of kotlin than the kotlin version released when this version of R8 was created. To find compatible kotlin versions, please see: https://developer.android.com/studio/build/kotlin-d8-r8-versions
WARNING: D8: An error occurred when parsing kotlin metadata. This normally happens when using a newer version of kotlin than the kotlin version released when this version of R8 was created. To find compatible kotlin versions, please see: https://developer.android.com/studio/build/kotlin-d8-r8-versions
WARNING: D8: An error occurred when parsing kotlin metadata. This normally happens when using a newer version of kotlin than the kotlin version released when this version of R8 was created. To find compatible kotlin versions, please see: https://developer.android.com/studio/build/kotlin-d8-r8-versions
WARNING: D8: An error occurred when parsing kotlin metadata. This normally happens when using a newer version of kotlin than the kotlin version released when this version of R8 was created. To find compatible kotlin versions, please see: https://developer.android.com/studio/build/kotlin-d8-r8-versions
WARNING: D8: An error occurred when parsing kotlin metadata. This normally happens when using a newer version of kotlin than the kotlin version released when this version of R8 was created. To find compatible kotlin versions, please see: https://developer.android.com/studio/build/kotlin-d8-r8-versions
WARNING: D8: An error occurred when parsing kotlin metadata. This normally happens when using a newer version of kotlin than the kotlin version released when this version of R8 was created. To find compatible kotlin versions, please see: https://developer.android.com/studio/build/kotlin-d8-r8-versions
WARNING: D8: An error occurred when parsing kotlin metadata. This normally happens when using a newer version of kotlin than the kotlin version released when this version of R8 was created. To find compatible kotlin versions, please see: https://developer.android.com/studio/build/kotlin-d8-r8-versions
WARNING: D8: An error occurred when parsing kotlin metadata. This normally happens when using a newer version of kotlin than the kotlin version released when this version of R8 was created. To find compatible kotlin versions, please see: https://developer.android.com/studio/build/kotlin-d8-r8-versions
WARNING: D8: An error occurred when parsing kotlin metadata. This normally happens when using a newer version of kotlin than the kotlin version released when this version of R8 was created. To find compatible kotlin versions, please see: https://developer.android.com/studio/build/kotlin-d8-r8-versions
WARNING: D8: An error occurred when parsing kotlin metadata. This normally happens when using a newer version of kotlin than the kotlin version released when this version of R8 was created. To find compatible kotlin versions, please see: https://developer.android.com/studio/build/kotlin-d8-r8-versions
WARNING: D8: An error occurred when parsing kotlin metadata. This normally happens when using a newer version of kotlin than the kotlin version released when this version of R8 was created. To find compatible kotlin versions, please see: https://developer.android.com/studio/build/kotlin-d8-r8-versions
WARNING: D8: An error occurred when parsing kotlin metadata. This normally happens when using a newer version of kotlin than the kotlin version released when this version of R8 was created. To find compatible kotlin versions, please see: https://developer.android.com/studio/build/kotlin-d8-r8-versions
WARNING: D8: An error occurred when parsing kotlin metadata. This normally happens when using a newer version of kotlin than the kotlin version released when this version of R8 was created. To find compatible kotlin versions, please see: https://developer.android.com/studio/build/kotlin-d8-r8-versions
WARNING: D8: An error occurred when parsing kotlin metadata. This normally happens when using a newer version of kotlin than the kotlin version released when this version of R8 was created. To find compatible kotlin versions, please see: https://developer.android.com/studio/build/kotlin-d8-r8-versions
WARNING: D8: An error occurred when parsing kotlin metadata. This normally happens when using a newer version of kotlin than the kotlin version released when this version of R8 was created. To find compatible kotlin versions, please see: https://developer.android.com/studio/build/kotlin-d8-r8-versions
WARNING: D8: An error occurred when parsing kotlin metadata. This normally happens when using a newer version of kotlin than the kotlin version released when this version of R8 was created. To find compatible kotlin versions, please see: https://developer.android.com/studio/build/kotlin-d8-r8-versions
WARNING: D8: An error occurred when parsing kotlin metadata. This normally happens when using a newer version of kotlin than the kotlin version released when this version of R8 was created. To find compatible kotlin versions, please see: https://developer.android.com/studio/build/kotlin-d8-r8-versions
WARNING: D8: An error occurred when parsing kotlin metadata. This normally happens when using a newer version of kotlin than the kotlin version released when this version of R8 was created. To find compatible kotlin versions, please see: https://developer.android.com/studio/build/kotlin-d8-r8-versions
WARNING: D8: An error occurred when parsing kotlin metadata. This normally happens when using a newer version of kotlin than the kotlin version released when this version of R8 was created. To find compatible kotlin versions, please see: https://developer.android.com/studio/build/kotlin-d8-r8-versions
WARNING: D8: An error occurred when parsing kotlin metadata. This normally happens when using a newer version of kotlin than the kotlin version released when this version of R8 was created. To find compatible kotlin versions, please see: https://developer.android.com/studio/build/kotlin-d8-r8-versions
WARNING: D8: An error occurred when parsing kotlin metadata. This normally happens when using a newer version of kotlin than the kotlin version released when this version of R8 was created. To find compatible kotlin versions, please see: https://developer.android.com/studio/build/kotlin-d8-r8-versions
WARNING: D8: An error occurred when parsing kotlin metadata. This normally happens when using a newer version of kotlin than the kotlin version released when this version of R8 was created. To find compatible kotlin versions, please see: https://developer.android.com/studio/build/kotlin-d8-r8-versions
WARNING: D8: An error occurred when parsing kotlin metadata. This normally happens when using a newer version of kotlin than the kotlin version released when this version of R8 was created. To find compatible kotlin versions, please see: https://developer.android.com/studio/build/kotlin-d8-r8-versions
WARNING: D8: An error occurred when parsing kotlin metadata. This normally happens when using a newer version of kotlin than the kotlin version released when this version of R8 was created. To find compatible kotlin versions, please see: https://developer.android.com/studio/build/kotlin-d8-r8-versions
WARNING: D8: An error occurred when parsing kotlin metadata. This normally happens when using a newer version of kotlin than the kotlin version released when this version of R8 was created. To find compatible kotlin versions, please see: https://developer.android.com/studio/build/kotlin-d8-r8-versions
WARNING: D8: An error occurred when parsing kotlin metadata. This normally happens when using a newer version of kotlin than the kotlin version released when this version of R8 was created. To find compatible kotlin versions, please see: https://developer.android.com/studio/build/kotlin-d8-r8-versions
WARNING: D8: An error occurred when parsing kotlin metadata. This normally happens when using a newer version of kotlin than the kotlin version released when this version of R8 was created. To find compatible kotlin versions, please see: https://developer.android.com/studio/build/kotlin-d8-r8-versions
WARNING: D8: An error occurred when parsing kotlin metadata. This normally happens when using a newer version of kotlin than the kotlin version released when this version of R8 was created. To find compatible kotlin versions, please see: https://developer.android.com/studio/build/kotlin-d8-r8-versions
WARNING: D8: An error occurred when parsing kotlin metadata. This normally happens when using a newer version of kotlin than the kotlin version released when this version of R8 was created. To find compatible kotlin versions, please see: https://developer.android.com/studio/build/kotlin-d8-r8-versions
WARNING: D8: An error occurred when parsing kotlin metadata. This normally happens when using a newer version of kotlin than the kotlin version released when this version of R8 was created. To find compatible kotlin versions, please see: https://developer.android.com/studio/build/kotlin-d8-r8-versions
WARNING: D8: An error occurred when parsing kotlin metadata. This normally happens when using a newer version of kotlin than the kotlin version released when this version of R8 was created. To find compatible kotlin versions, please see: https://developer.android.com/studio/build/kotlin-d8-r8-versions
WARNING: D8: An error occurred when parsing kotlin metadata. This normally happens when using a newer version of kotlin than the kotlin version released when this version of R8 was created. To find compatible kotlin versions, please see: https://developer.android.com/studio/build/kotlin-d8-r8-versions
WARNING: D8: An error occurred when parsing kotlin metadata. This normally happens when using a newer version of kotlin than the kotlin version released when this version of R8 was created. To find compatible kotlin versions, please see: https://developer.android.com/studio/build/kotlin-d8-r8-versions
WARNING: D8: An error occurred when parsing kotlin metadata. This normally happens when using a newer version of kotlin than the kotlin version released when this version of R8 was created. To find compatible kotlin versions, please see: https://developer.android.com/studio/build/kotlin-d8-r8-versions
WARNING: D8: An error occurred when parsing kotlin metadata. This normally happens when using a newer version of kotlin than the kotlin version released when this version of R8 was created. To find compatible kotlin versions, please see: https://developer.android.com/studio/build/kotlin-d8-r8-versions
WARNING: D8: An error occurred when parsing kotlin metadata. This normally happens when using a newer version of kotlin than the kotlin version released when this version of R8 was created. To find compatible kotlin versions, please see: https://developer.android.com/studio/build/kotlin-d8-r8-versions
WARNING: D8: An error occurred when parsing kotlin metadata. This normally happens when using a newer version of kotlin than the kotlin version released when this version of R8 was created. To find compatible kotlin versions, please see: https://developer.android.com/studio/build/kotlin-d8-r8-versions
WARNING: D8: An error occurred when parsing kotlin metadata. This normally happens when using a newer version of kotlin than the kotlin version released when this version of R8 was created. To find compatible kotlin versions, please see: https://developer.android.com/studio/build/kotlin-d8-r8-versions
WARNING: D8: An error occurred when parsing kotlin metadata. This normally happens when using a newer version of kotlin than the kotlin version released when this version of R8 was created. To find compatible kotlin versions, please see: https://developer.android.com/studio/build/kotlin-d8-r8-versions
WARNING: D8: An error occurred when parsing kotlin metadata. This normally happens when using a newer version of kotlin than the kotlin version released when this version of R8 was created. To find compatible kotlin versions, please see: https://developer.android.com/studio/build/kotlin-d8-r8-versions
WARNING: D8: An error occurred when parsing kotlin metadata. This normally happens when using a newer version of kotlin than the kotlin version released when this version of R8 was created. To find compatible kotlin versions, please see: https://developer.android.com/studio/build/kotlin-d8-r8-versions
WARNING: D8: An error occurred when parsing kotlin metadata. This normally happens when using a newer version of kotlin than the kotlin version released when this version of R8 was created. To find compatible kotlin versions, please see: https://developer.android.com/studio/build/kotlin-d8-r8-versions
WARNING: D8: An error occurred when parsing kotlin metadata. This normally happens when using a newer version of kotlin than the kotlin version released when this version of R8 was created. To find compatible kotlin versions, please see: https://developer.android.com/studio/build/kotlin-d8-r8-versions
WARNING: D8: An error occurred when parsing kotlin metadata. This normally happens when using a newer version of kotlin than the kotlin version released when this version of R8 was created. To find compatible kotlin versions, please see: https://developer.android.com/studio/build/kotlin-d8-r8-versions
WARNING: D8: An error occurred when parsing kotlin metadata. This normally happens when using a newer version of kotlin than the kotlin version released when this version of R8 was created. To find compatible kotlin versions, please see: https://developer.android.com/studio/build/kotlin-d8-r8-versions
WARNING: D8: An error occurred when parsing kotlin metadata. This normally happens when using a newer version of kotlin than the kotlin version released when this version of R8 was created. To find compatible kotlin versions, please see: https://developer.android.com/studio/build/kotlin-d8-r8-versions
WARNING: D8: An error occurred when parsing kotlin metadata. This normally happens when using a newer version of kotlin than the kotlin version released when this version of R8 was created. To find compatible kotlin versions, please see: https://developer.android.com/studio/build/kotlin-d8-r8-versions
WARNING: D8: An error occurred when parsing kotlin metadata. This normally happens when using a newer version of kotlin than the kotlin version released when this version of R8 was created. To find compatible kotlin versions, please see: https://developer.android.com/studio/build/kotlin-d8-r8-versions
WARNING: D8: An error occurred when parsing kotlin metadata. This normally happens when using a newer version of kotlin than the kotlin version released when this version of R8 was created. To find compatible kotlin versions, please see: https://developer.android.com/studio/build/kotlin-d8-r8-versions
WARNING: D8: An error occurred when parsing kotlin metadata. This normally happens when using a newer version of kotlin than the kotlin version released when this version of R8 was created. To find compatible kotlin versions, please see: https://developer.android.com/studio/build/kotlin-d8-r8-versions
WARNING: D8: An error occurred when parsing kotlin metadata. This normally happens when using a newer version of kotlin than the kotlin version released when this version of R8 was created. To find compatible kotlin versions, please see: https://developer.android.com/studio/build/kotlin-d8-r8-versions
WARNING: D8: An error occurred when parsing kotlin metadata. This normally happens when using a newer version of kotlin than the kotlin version released when this version of R8 was created. To find compatible kotlin versions, please see: https://developer.android.com/studio/build/kotlin-d8-r8-versions
WARNING: D8: An error occurred when parsing kotlin metadata. This normally happens when using a newer version of kotlin than the kotlin version released when this version of R8 was created. To find compatible kotlin versions, please see: https://developer.android.com/studio/build/kotlin-d8-r8-versions
WARNING: D8: An error occurred when parsing kotlin metadata. This normally happens when using a newer version of kotlin than the kotlin version released when this version of R8 was created. To find compatible kotlin versions, please see: https://developer.android.com/studio/build/kotlin-d8-r8-versions
WARNING: D8: An error occurred when parsing kotlin metadata. This normally happens when using a newer version of kotlin than the kotlin version released when this version of R8 was created. To find compatible kotlin versions, please see: https://developer.android.com/studio/build/kotlin-d8-r8-versions
WARNING: D8: An error occurred when parsing kotlin metadata. This normally happens when using a newer version of kotlin than the kotlin version released when this version of R8 was created. To find compatible kotlin versions, please see: https://developer.android.com/studio/build/kotlin-d8-r8-versions
WARNING: D8: An error occurred when parsing kotlin metadata. This normally happens when using a newer version of kotlin than the kotlin version released when this version of R8 was created. To find compatible kotlin versions, please see: https://developer.android.com/studio/build/kotlin-d8-r8-versions
WARNING: D8: An error occurred when parsing kotlin metadata. This normally happens when using a newer version of kotlin than the kotlin version released when this version of R8 was created. To find compatible kotlin versions, please see: https://developer.android.com/studio/build/kotlin-d8-r8-versions
WARNING: D8: An error occurred when parsing kotlin metadata. This normally happens when using a newer version of kotlin than the kotlin version released when this version of R8 was created. To find compatible kotlin versions, please see: https://developer.android.com/studio/build/kotlin-d8-r8-versions
WARNING: D8: An error occurred when parsing kotlin metadata. This normally happens when using a newer version of kotlin than the kotlin version released when this version of R8 was created. To find compatible kotlin versions, please see: https://developer.android.com/studio/build/kotlin-d8-r8-versions
WARNING: D8: An error occurred when parsing kotlin metadata. This normally happens when using a newer version of kotlin than the kotlin version released when this version of R8 was created. To find compatible kotlin versions, please see: https://developer.android.com/studio/build/kotlin-d8-r8-versions
WARNING: D8: An error occurred when parsing kotlin metadata. This normally happens when using a newer version of kotlin than the kotlin version released when this version of R8 was created. To find compatible kotlin versions, please see: https://developer.android.com/studio/build/kotlin-d8-r8-versions
WARNING: D8: An error occurred when parsing kotlin metadata. This normally happens when using a newer version of kotlin than the kotlin version released when this version of R8 was created. To find compatible kotlin versions, please see: https://developer.android.com/studio/build/kotlin-d8-r8-versions
WARNING: D8: An error occurred when parsing kotlin metadata. This normally happens when using a newer version of kotlin than the kotlin version released when this version of R8 was created. To find compatible kotlin versions, please see: https://developer.android.com/studio/build/kotlin-d8-r8-versions
WARNING: D8: An error occurred when parsing kotlin metadata. This normally happens when using a newer version of kotlin than the kotlin version released when this version of R8 was created. To find compatible kotlin versions, please see: https://developer.android.com/studio/build/kotlin-d8-r8-versions
WARNING: D8: An error occurred when parsing kotlin metadata. This normally happens when using a newer version of kotlin than the kotlin version released when this version of R8 was created. To find compatible kotlin versions, please see: https://developer.android.com/studio/build/kotlin-d8-r8-versions
WARNING: D8: An error occurred when parsing kotlin metadata. This normally happens when using a newer version of kotlin than the kotlin version released when this version of R8 was created. To find compatible kotlin versions, please see: https://developer.android.com/studio/build/kotlin-d8-r8-versions
WARNING: D8: An error occurred when parsing kotlin metadata. This normally happens when using a newer version of kotlin than the kotlin version released when this version of R8 was created. To find compatible kotlin versions, please see: https://developer.android.com/studio/build/kotlin-d8-r8-versions
WARNING: D8: An error occurred when parsing kotlin metadata. This normally happens when using a newer version of kotlin than the kotlin version released when this version of R8 was created. To find compatible kotlin versions, please see: https://developer.android.com/studio/build/kotlin-d8-r8-versions
WARNING: D8: An error occurred when parsing kotlin metadata. This normally happens when using a newer version of kotlin than the kotlin version released when this version of R8 was created. To find compatible kotlin versions, please see: https://developer.android.com/studio/build/kotlin-d8-r8-versions
WARNING: D8: An error occurred when parsing kotlin metadata. This normally happens when using a newer version of kotlin than the kotlin version released when this version of R8 was created. To find compatible kotlin versions, please see: https://developer.android.com/studio/build/kotlin-d8-r8-versions
WARNING: D8: An error occurred when parsing kotlin metadata. This normally happens when using a newer version of kotlin than the kotlin version released when this version of R8 was created. To find compatible kotlin versions, please see: https://developer.android.com/studio/build/kotlin-d8-r8-versions
WARNING: D8: An error occurred when parsing kotlin metadata. This normally happens when using a newer version of kotlin than the kotlin version released when this version of R8 was created. To find compatible kotlin versions, please see: https://developer.android.com/studio/build/kotlin-d8-r8-versions
WARNING: D8: An error occurred when parsing kotlin metadata. This normally happens when using a newer version of kotlin than the kotlin version released when this version of R8 was created. To find compatible kotlin versions, please see: https://developer.android.com/studio/build/kotlin-d8-r8-versions
WARNING: D8: An error occurred when parsing kotlin metadata. This normally happens when using a newer version of kotlin than the kotlin version released when this version of R8 was created. To find compatible kotlin versions, please see: https://developer.android.com/studio/build/kotlin-d8-r8-versions
WARNING: D8: An error occurred when parsing kotlin metadata. This normally happens when using a newer version of kotlin than the kotlin version released when this version of R8 was created. To find compatible kotlin versions, please see: https://developer.android.com/studio/build/kotlin-d8-r8-versions
WARNING: D8: An error occurred when parsing kotlin metadata. This normally happens when using a newer version of kotlin than the kotlin version released when this version of R8 was created. To find compatible kotlin versions, please see: https://developer.android.com/studio/build/kotlin-d8-r8-versions
WARNING: D8: An error occurred when parsing kotlin metadata. This normally happens when using a newer version of kotlin than the kotlin version released when this version of R8 was created. To find compatible kotlin versions, please see: https://developer.android.com/studio/build/kotlin-d8-r8-versions
WARNING: D8: An error occurred when parsing kotlin metadata. This normally happens when using a newer version of kotlin than the kotlin version released when this version of R8 was created. To find compatible kotlin versions, please see: https://developer.android.com/studio/build/kotlin-d8-r8-versions
WARNING: D8: An error occurred when parsing kotlin metadata. This normally happens when using a newer version of kotlin than the kotlin version released when this version of R8 was created. To find compatible kotlin versions, please see: https://developer.android.com/studio/build/kotlin-d8-r8-versions
WARNING: D8: An error occurred when parsing kotlin metadata. This normally happens when using a newer version of kotlin than the kotlin version released when this version of R8 was created. To find compatible kotlin versions, please see: https://developer.android.com/studio/build/kotlin-d8-r8-versions
WARNING: D8: An error occurred when parsing kotlin metadata. This normally happens when using a newer version of kotlin than the kotlin version released when this version of R8 was created. To find compatible kotlin versions, please see: https://developer.android.com/studio/build/kotlin-d8-r8-versions
WARNING: D8: An error occurred when parsing kotlin metadata. This normally happens when using a newer version of kotlin than the kotlin version released when this version of R8 was created. To find compatible kotlin versions, please see: https://developer.android.com/studio/build/kotlin-d8-r8-versions
WARNING: D8: An error occurred when parsing kotlin metadata. This normally happens when using a newer version of kotlin than the kotlin version released when this version of R8 was created. To find compatible kotlin versions, please see: https://developer.android.com/studio/build/kotlin-d8-r8-versions
WARNING: D8: An error occurred when parsing kotlin metadata. This normally happens when using a newer version of kotlin than the kotlin version released when this version of R8 was created. To find compatible kotlin versions, please see: https://developer.android.com/studio/build/kotlin-d8-r8-versions
WARNING: D8: An error occurred when parsing kotlin metadata. This normally happens when using a newer version of kotlin than the kotlin version released when this version of R8 was created. To find compatible kotlin versions, please see: https://developer.android.com/studio/build/kotlin-d8-r8-versions
WARNING: D8: An error occurred when parsing kotlin metadata. This normally happens when using a newer version of kotlin than the kotlin version released when this version of R8 was created. To find compatible kotlin versions, please see: https://developer.android.com/studio/build/kotlin-d8-r8-versions
WARNING: D8: An error occurred when parsing kotlin metadata. This normally happens when using a newer version of kotlin than the kotlin version released when this version of R8 was created. To find compatible kotlin versions, please see: https://developer.android.com/studio/build/kotlin-d8-r8-versions
WARNING: D8: An error occurred when parsing kotlin metadata. This normally happens when using a newer version of kotlin than the kotlin version released when this version of R8 was created. To find compatible kotlin versions, please see: https://developer.android.com/studio/build/kotlin-d8-r8-versions
WARNING: D8: An error occurred when parsing kotlin metadata. This normally happens when using a newer version of kotlin than the kotlin version released when this version of R8 was created. To find compatible kotlin versions, please see: https://developer.android.com/studio/build/kotlin-d8-r8-versions
WARNING: D8: An error occurred when parsing kotlin metadata. This normally happens when using a newer version of kotlin than the kotlin version released when this version of R8 was created. To find compatible kotlin versions, please see: https://developer.android.com/studio/build/kotlin-d8-r8-versions
WARNING: D8: An error occurred when parsing kotlin metadata. This normally happens when using a newer version of kotlin than the kotlin version released when this version of R8 was created. To find compatible kotlin versions, please see: https://developer.android.com/studio/build/kotlin-d8-r8-versions
WARNING: D8: An error occurred when parsing kotlin metadata. This normally happens when using a newer version of kotlin than the kotlin version released when this version of R8 was created. To find compatible kotlin versions, please see: https://developer.android.com/studio/build/kotlin-d8-r8-versions
WARNING: D8: An error occurred when parsing kotlin metadata. This normally happens when using a newer version of kotlin than the kotlin version released when this version of R8 was created. To find compatible kotlin versions, please see: https://developer.android.com/studio/build/kotlin-d8-r8-versions
WARNING: D8: An error occurred when parsing kotlin metadata. This normally happens when using a newer version of kotlin than the kotlin version released when this version of R8 was created. To find compatible kotlin versions, please see: https://developer.android.com/studio/build/kotlin-d8-r8-versions
WARNING: D8: An error occurred when parsing kotlin metadata. This normally happens when using a newer version of kotlin than the kotlin version released when this version of R8 was created. To find compatible kotlin versions, please see: https://developer.android.com/studio/build/kotlin-d8-r8-versions
WARNING: D8: An error occurred when parsing kotlin metadata. This normally happens when using a newer version of kotlin than the kotlin version released when this version of R8 was created. To find compatible kotlin versions, please see: https://developer.android.com/studio/build/kotlin-d8-r8-versions
WARNING: D8: An error occurred when parsing kotlin metadata. This normally happens when using a newer version of kotlin than the kotlin version released when this version of R8 was created. To find compatible kotlin versions, please see: https://developer.android.com/studio/build/kotlin-d8-r8-versions
WARNING: D8: An error occurred when parsing kotlin metadata. This normally happens when using a newer version of kotlin than the kotlin version released when this version of R8 was created. To find compatible kotlin versions, please see: https://developer.android.com/studio/build/kotlin-d8-r8-versions
WARNING: D8: An error occurred when parsing kotlin metadata. This normally happens when using a newer version of kotlin than the kotlin version released when this version of R8 was created. To find compatible kotlin versions, please see: https://developer.android.com/studio/build/kotlin-d8-r8-versions
WARNING: D8: An error occurred when parsing kotlin metadata. This normally happens when using a newer version of kotlin than the kotlin version released when this version of R8 was created. To find compatible kotlin versions, please see: https://developer.android.com/studio/build/kotlin-d8-r8-versions
WARNING: D8: An error occurred when parsing kotlin metadata. This normally happens when using a newer version of kotlin than the kotlin version released when this version of R8 was created. To find compatible kotlin versions, please see: https://developer.android.com/studio/build/kotlin-d8-r8-versions
WARNING: D8: An error occurred when parsing kotlin metadata. This normally happens when using a newer version of kotlin than the kotlin version released when this version of R8 was created. To find compatible kotlin versions, please see: https://developer.android.com/studio/build/kotlin-d8-r8-versions
WARNING: D8: An error occurred when parsing kotlin metadata. This normally happens when using a newer version of kotlin than the kotlin version released when this version of R8 was created. To find compatible kotlin versions, please see: https://developer.android.com/studio/build/kotlin-d8-r8-versions
WARNING: D8: An error occurred when parsing kotlin metadata. This normally happens when using a newer version of kotlin than the kotlin version released when this version of R8 was created. To find compatible kotlin versions, please see: https://developer.android.com/studio/build/kotlin-d8-r8-versions
WARNING: D8: An error occurred when parsing kotlin metadata. This normally happens when using a newer version of kotlin than the kotlin version released when this version of R8 was created. To find compatible kotlin versions, please see: https://developer.android.com/studio/build/kotlin-d8-r8-versions
WARNING: D8: An error occurred when parsing kotlin metadata. This normally happens when using a newer version of kotlin than the kotlin version released when this version of R8 was created. To find compatible kotlin versions, please see: https://developer.android.com/studio/build/kotlin-d8-r8-versions
WARNING: D8: An error occurred when parsing kotlin metadata. This normally happens when using a newer version of kotlin than the kotlin version released when this version of R8 was created. To find compatible kotlin versions, please see: https://developer.android.com/studio/build/kotlin-d8-r8-versions
WARNING: D8: An error occurred when parsing kotlin metadata. This normally happens when using a newer version of kotlin than the kotlin version released when this version of R8 was created. To find compatible kotlin versions, please see: https://developer.android.com/studio/build/kotlin-d8-r8-versions
WARNING: D8: An error occurred when parsing kotlin metadata. This normally happens when using a newer version of kotlin than the kotlin version released when this version of R8 was created. To find compatible kotlin versions, please see: https://developer.android.com/studio/build/kotlin-d8-r8-versions
WARNING: D8: An error occurred when parsing kotlin metadata. This normally happens when using a newer version of kotlin than the kotlin version released when this version of R8 was created. To find compatible kotlin versions, please see: https://developer.android.com/studio/build/kotlin-d8-r8-versions
WARNING: D8: An error occurred when parsing kotlin metadata. This normally happens when using a newer version of kotlin than the kotlin version released when this version of R8 was created. To find compatible kotlin versions, please see: https://developer.android.com/studio/build/kotlin-d8-r8-versions
WARNING: D8: An error occurred when parsing kotlin metadata. This normally happens when using a newer version of kotlin than the kotlin version released when this version of R8 was created. To find compatible kotlin versions, please see: https://developer.android.com/studio/build/kotlin-d8-r8-versions
WARNING: D8: An error occurred when parsing kotlin metadata. This normally happens when using a newer version of kotlin than the kotlin version released when this version of R8 was created. To find compatible kotlin versions, please see: https://developer.android.com/studio/build/kotlin-d8-r8-versions
WARNING: D8: An error occurred when parsing kotlin metadata. This normally happens when using a newer version of kotlin than the kotlin version released when this version of R8 was created. To find compatible kotlin versions, please see: https://developer.android.com/studio/build/kotlin-d8-r8-versions
WARNING: D8: An error occurred when parsing kotlin metadata. This normally happens when using a newer version of kotlin than the kotlin version released when this version of R8 was created. To find compatible kotlin versions, please see: https://developer.android.com/studio/build/kotlin-d8-r8-versions
WARNING: D8: An error occurred when parsing kotlin metadata. This normally happens when using a newer version of kotlin than the kotlin version released when this version of R8 was created. To find compatible kotlin versions, please see: https://developer.android.com/studio/build/kotlin-d8-r8-versions
WARNING: D8: An error occurred when parsing kotlin metadata. This normally happens when using a newer version of kotlin than the kotlin version released when this version of R8 was created. To find compatible kotlin versions, please see: https://developer.android.com/studio/build/kotlin-d8-r8-versions
WARNING: D8: An error occurred when parsing kotlin metadata. This normally happens when using a newer version of kotlin than the kotlin version released when this version of R8 was created. To find compatible kotlin versions, please see: https://developer.android.com/studio/build/kotlin-d8-r8-versions
WARNING: D8: An error occurred when parsing kotlin metadata. This normally happens when using a newer version of kotlin than the kotlin version released when this version of R8 was created. To find compatible kotlin versions, please see: https://developer.android.com/studio/build/kotlin-d8-r8-versions
WARNING: D8: An error occurred when parsing kotlin metadata. This normally happens when using a newer version of kotlin than the kotlin version released when this version of R8 was created. To find compatible kotlin versions, please see: https://developer.android.com/studio/build/kotlin-d8-r8-versions
WARNING: D8: An error occurred when parsing kotlin metadata. This normally happens when using a newer version of kotlin than the kotlin version released when this version of R8 was created. To find compatible kotlin versions, please see: https://developer.android.com/studio/build/kotlin-d8-r8-versions
WARNING: D8: An error occurred when parsing kotlin metadata. This normally happens when using a newer version of kotlin than the kotlin version released when this version of R8 was created. To find compatible kotlin versions, please see: https://developer.android.com/studio/build/kotlin-d8-r8-versions
WARNING: D8: An error occurred when parsing kotlin metadata. This normally happens when using a newer version of kotlin than the kotlin version released when this version of R8 was created. To find compatible kotlin versions, please see: https://developer.android.com/studio/build/kotlin-d8-r8-versions
WARNING: D8: An error occurred when parsing kotlin metadata. This normally happens when using a newer version of kotlin than the kotlin version released when this version of R8 was created. To find compatible kotlin versions, please see: https://developer.android.com/studio/build/kotlin-d8-r8-versions
WARNING: D8: An error occurred when parsing kotlin metadata. This normally happens when using a newer version of kotlin than the kotlin version released when this version of R8 was created. To find compatible kotlin versions, please see: https://developer.android.com/studio/build/kotlin-d8-r8-versions
WARNING: D8: An error occurred when parsing kotlin metadata. This normally happens when using a newer version of kotlin than the kotlin version released when this version of R8 was created. To find compatible kotlin versions, please see: https://developer.android.com/studio/build/kotlin-d8-r8-versions
WARNING: D8: An error occurred when parsing kotlin metadata. This normally happens when using a newer version of kotlin than the kotlin version released when this version of R8 was created. To find compatible kotlin versions, please see: https://developer.android.com/studio/build/kotlin-d8-r8-versions
WARNING: D8: An error occurred when parsing kotlin metadata. This normally happens when using a newer version of kotlin than the kotlin version released when this version of R8 was created. To find compatible kotlin versions, please see: https://developer.android.com/studio/build/kotlin-d8-r8-versions
WARNING: D8: An error occurred when parsing kotlin metadata. This normally happens when using a newer version of kotlin than the kotlin version released when this version of R8 was created. To find compatible kotlin versions, please see: https://developer.android.com/studio/build/kotlin-d8-r8-versions
WARNING: D8: An error occurred when parsing kotlin metadata. This normally happens when using a newer version of kotlin than the kotlin version released when this version of R8 was created. To find compatible kotlin versions, please see: https://developer.android.com/studio/build/kotlin-d8-r8-versions
WARNING: D8: An error occurred when parsing kotlin metadata. This normally happens when using a newer version of kotlin than the kotlin version released when this version of R8 was created. To find compatible kotlin versions, please see: https://developer.android.com/studio/build/kotlin-d8-r8-versions
WARNING: D8: An error occurred when parsing kotlin metadata. This normally happens when using a newer version of kotlin than the kotlin version released when this version of R8 was created. To find compatible kotlin versions, please see: https://developer.android.com/studio/build/kotlin-d8-r8-versions
WARNING: D8: An error occurred when parsing kotlin metadata. This normally happens when using a newer version of kotlin than the kotlin version released when this version of R8 was created. To find compatible kotlin versions, please see: https://developer.android.com/studio/build/kotlin-d8-r8-versions
WARNING: D8: An error occurred when parsing kotlin metadata. This normally happens when using a newer version of kotlin than the kotlin version released when this version of R8 was created. To find compatible kotlin versions, please see: https://developer.android.com/studio/build/kotlin-d8-r8-versions
WARNING: D8: An error occurred when parsing kotlin metadata. This normally happens when using a newer version of kotlin than the kotlin version released when this version of R8 was created. To find compatible kotlin versions, please see: https://developer.android.com/studio/build/kotlin-d8-r8-versions
WARNING: D8: An error occurred when parsing kotlin metadata. This normally happens when using a newer version of kotlin than the kotlin version released when this version of R8 was created. To find compatible kotlin versions, please see: https://developer.android.com/studio/build/kotlin-d8-r8-versions
WARNING: D8: An error occurred when parsing kotlin metadata. This normally happens when using a newer version of kotlin than the kotlin version released when this version of R8 was created. To find compatible kotlin versions, please see: https://developer.android.com/studio/build/kotlin-d8-r8-versions
WARNING: D8: An error occurred when parsing kotlin metadata. This normally happens when using a newer version of kotlin than the kotlin version released when this version of R8 was created. To find compatible kotlin versions, please see: https://developer.android.com/studio/build/kotlin-d8-r8-versions
WARNING: D8: An error occurred when parsing kotlin metadata. This normally happens when using a newer version of kotlin than the kotlin version released when this version of R8 was created. To find compatible kotlin versions, please see: https://developer.android.com/studio/build/kotlin-d8-r8-versions
WARNING: D8: An error occurred when parsing kotlin metadata. This normally happens when using a newer version of kotlin than the kotlin version released when this version of R8 was created. To find compatible kotlin versions, please see: https://developer.android.com/studio/build/kotlin-d8-r8-versions
WARNING: D8: An error occurred when parsing kotlin metadata. This normally happens when using a newer version of kotlin than the kotlin version released when this version of R8 was created. To find compatible kotlin versions, please see: https://developer.android.com/studio/build/kotlin-d8-r8-versions
WARNING: D8: An error occurred when parsing kotlin metadata. This normally happens when using a newer version of kotlin than the kotlin version released when this version of R8 was created. To find compatible kotlin versions, please see: https://developer.android.com/studio/build/kotlin-d8-r8-versions
WARNING: D8: An error occurred when parsing kotlin metadata. This normally happens when using a newer version of kotlin than the kotlin version released when this version of R8 was created. To find compatible kotlin versions, please see: https://developer.android.com/studio/build/kotlin-d8-r8-versions
WARNING: D8: An error occurred when parsing kotlin metadata. This normally happens when using a newer version of kotlin than the kotlin version released when this version of R8 was created. To find compatible kotlin versions, please see: https://developer.android.com/studio/build/kotlin-d8-r8-versions
WARNING: D8: An error occurred when parsing kotlin metadata. This normally happens when using a newer version of kotlin than the kotlin version released when this version of R8 was created. To find compatible kotlin versions, please see: https://developer.android.com/studio/build/kotlin-d8-r8-versions
WARNING: D8: An error occurred when parsing kotlin metadata. This normally happens when using a newer version of kotlin than the kotlin version released when this version of R8 was created. To find compatible kotlin versions, please see: https://developer.android.com/studio/build/kotlin-d8-r8-versions
WARNING: D8: An error occurred when parsing kotlin metadata. This normally happens when using a newer version of kotlin than the kotlin version released when this version of R8 was created. To find compatible kotlin versions, please see: https://developer.android.com/studio/build/kotlin-d8-r8-versions
WARNING: D8: An error occurred when parsing kotlin metadata. This normally happens when using a newer version of kotlin than the kotlin version released when this version of R8 was created. To find compatible kotlin versions, please see: https://developer.android.com/studio/build/kotlin-d8-r8-versions
WARNING: D8: An error occurred when parsing kotlin metadata. This normally happens when using a newer version of kotlin than the kotlin version released when this version of R8 was created. To find compatible kotlin versions, please see: https://developer.android.com/studio/build/kotlin-d8-r8-versions
WARNING: D8: An error occurred when parsing kotlin metadata. This normally happens when using a newer version of kotlin than the kotlin version released when this version of R8 was created. To find compatible kotlin versions, please see: https://developer.android.com/studio/build/kotlin-d8-r8-versions
WARNING: D8: An error occurred when parsing kotlin metadata. This normally happens when using a newer version of kotlin than the kotlin version released when this version of R8 was created. To find compatible kotlin versions, please see: https://developer.android.com/studio/build/kotlin-d8-r8-versions
WARNING: D8: An error occurred when parsing kotlin metadata. This normally happens when using a newer version of kotlin than the kotlin version released when this version of R8 was created. To find compatible kotlin versions, please see: https://developer.android.com/studio/build/kotlin-d8-r8-versions
WARNING: D8: An error occurred when parsing kotlin metadata. This normally happens when using a newer version of kotlin than the kotlin version released when this version of R8 was created. To find compatible kotlin versions, please see: https://developer.android.com/studio/build/kotlin-d8-r8-versions
WARNING: D8: An error occurred when parsing kotlin metadata. This normally happens when using a newer version of kotlin than the kotlin version released when this version of R8 was created. To find compatible kotlin versions, please see: https://developer.android.com/studio/build/kotlin-d8-r8-versions
WARNING: D8: An error occurred when parsing kotlin metadata. This normally happens when using a newer version of kotlin than the kotlin version released when this version of R8 was created. To find compatible kotlin versions, please see: https://developer.android.com/studio/build/kotlin-d8-r8-versions
WARNING: D8: An error occurred when parsing kotlin metadata. This normally happens when using a newer version of kotlin than the kotlin version released when this version of R8 was created. To find compatible kotlin versions, please see: https://developer.android.com/studio/build/kotlin-d8-r8-versions
WARNING: D8: An error occurred when parsing kotlin metadata. This normally happens when using a newer version of kotlin than the kotlin version released when this version of R8 was created. To find compatible kotlin versions, please see: https://developer.android.com/studio/build/kotlin-d8-r8-versions
WARNING: D8: An error occurred when parsing kotlin metadata. This normally happens when using a newer version of kotlin than the kotlin version released when this version of R8 was created. To find compatible kotlin versions, please see: https://developer.android.com/studio/build/kotlin-d8-r8-versions
WARNING: D8: An error occurred when parsing kotlin metadata. This normally happens when using a newer version of kotlin than the kotlin version released when this version of R8 was created. To find compatible kotlin versions, please see: https://developer.android.com/studio/build/kotlin-d8-r8-versions
WARNING: D8: An error occurred when parsing kotlin metadata. This normally happens when using a newer version of kotlin than the kotlin version released when this version of R8 was created. To find compatible kotlin versions, please see: https://developer.android.com/studio/build/kotlin-d8-r8-versions
WARNING: D8: An error occurred when parsing kotlin metadata. This normally happens when using a newer version of kotlin than the kotlin version released when this version of R8 was created. To find compatible kotlin versions, please see: https://developer.android.com/studio/build/kotlin-d8-r8-versions
WARNING: D8: An error occurred when parsing kotlin metadata. This normally happens when using a newer version of kotlin than the kotlin version released when this version of R8 was created. To find compatible kotlin versions, please see: https://developer.android.com/studio/build/kotlin-d8-r8-versions
WARNING: D8: An error occurred when parsing kotlin metadata. This normally happens when using a newer version of kotlin than the kotlin version released when this version of R8 was created. To find compatible kotlin versions, please see: https://developer.android.com/studio/build/kotlin-d8-r8-versions
WARNING: D8: An error occurred when parsing kotlin metadata. This normally happens when using a newer version of kotlin than the kotlin version released when this version of R8 was created. To find compatible kotlin versions, please see: https://developer.android.com/studio/build/kotlin-d8-r8-versions
WARNING: D8: An error occurred when parsing kotlin metadata. This normally happens when using a newer version of kotlin than the kotlin version released when this version of R8 was created. To find compatible kotlin versions, please see: https://developer.android.com/studio/build/kotlin-d8-r8-versions
WARNING: D8: An error occurred when parsing kotlin metadata. This normally happens when using a newer version of kotlin than the kotlin version released when this version of R8 was created. To find compatible kotlin versions, please see: https://developer.android.com/studio/build/kotlin-d8-r8-versions
WARNING: D8: An error occurred when parsing kotlin metadata. This normally happens when using a newer version of kotlin than the kotlin version released when this version of R8 was created. To find compatible kotlin versions, please see: https://developer.android.com/studio/build/kotlin-d8-r8-versions
WARNING: D8: An error occurred when parsing kotlin metadata. This normally happens when using a newer version of kotlin than the kotlin version released when this version of R8 was created. To find compatible kotlin versions, please see: https://developer.android.com/studio/build/kotlin-d8-r8-versions
WARNING: D8: An error occurred when parsing kotlin metadata. This normally happens when using a newer version of kotlin than the kotlin version released when this version of R8 was created. To find compatible kotlin versions, please see: https://developer.android.com/studio/build/kotlin-d8-r8-versions
WARNING: D8: An error occurred when parsing kotlin metadata. This normally happens when using a newer version of kotlin than the kotlin version released when this version of R8 was created. To find compatible kotlin versions, please see: https://developer.android.com/studio/build/kotlin-d8-r8-versions
WARNING: D8: An error occurred when parsing kotlin metadata. This normally happens when using a newer version of kotlin than the kotlin version released when this version of R8 was created. To find compatible kotlin versions, please see: https://developer.android.com/studio/build/kotlin-d8-r8-versions
WARNING: D8: An error occurred when parsing kotlin metadata. This normally happens when using a newer version of kotlin than the kotlin version released when this version of R8 was created. To find compatible kotlin versions, please see: https://developer.android.com/studio/build/kotlin-d8-r8-versions
WARNING: D8: An error occurred when parsing kotlin metadata. This normally happens when using a newer version of kotlin than the kotlin version released when this version of R8 was created. To find compatible kotlin versions, please see: https://developer.android.com/studio/build/kotlin-d8-r8-versions
WARNING: D8: An error occurred when parsing kotlin metadata. This normally happens when using a newer version of kotlin than the kotlin version released when this version of R8 was created. To find compatible kotlin versions, please see: https://developer.android.com/studio/build/kotlin-d8-r8-versions
WARNING: D8: An error occurred when parsing kotlin metadata. This normally happens when using a newer version of kotlin than the kotlin version released when this version of R8 was created. To find compatible kotlin versions, please see: https://developer.android.com/studio/build/kotlin-d8-r8-versions
WARNING: D8: An error occurred when parsing kotlin metadata. This normally happens when using a newer version of kotlin than the kotlin version released when this version of R8 was created. To find compatible kotlin versions, please see: https://developer.android.com/studio/build/kotlin-d8-r8-versions
WARNING: D8: An error occurred when parsing kotlin metadata. This normally happens when using a newer version of kotlin than the kotlin version released when this version of R8 was created. To find compatible kotlin versions, please see: https://developer.android.com/studio/build/kotlin-d8-r8-versions
WARNING: D8: An error occurred when parsing kotlin metadata. This normally happens when using a newer version of kotlin than the kotlin version released when this version of R8 was created. To find compatible kotlin versions, please see: https://developer.android.com/studio/build/kotlin-d8-r8-versions
WARNING: D8: An error occurred when parsing kotlin metadata. This normally happens when using a newer version of kotlin than the kotlin version released when this version of R8 was created. To find compatible kotlin versions, please see: https://developer.android.com/studio/build/kotlin-d8-r8-versions
WARNING: D8: An error occurred when parsing kotlin metadata. This normally happens when using a newer version of kotlin than the kotlin version released when this version of R8 was created. To find compatible kotlin versions, please see: https://developer.android.com/studio/build/kotlin-d8-r8-versions
WARNING: D8: An error occurred when parsing kotlin metadata. This normally happens when using a newer version of kotlin than the kotlin version released when this version of R8 was created. To find compatible kotlin versions, please see: https://developer.android.com/studio/build/kotlin-d8-r8-versions
WARNING: D8: An error occurred when parsing kotlin metadata. This normally happens when using a newer version of kotlin than the kotlin version released when this version of R8 was created. To find compatible kotlin versions, please see: https://developer.android.com/studio/build/kotlin-d8-r8-versions
WARNING: D8: An error occurred when parsing kotlin metadata. This normally happens when using a newer version of kotlin than the kotlin version released when this version of R8 was created. To find compatible kotlin versions, please see: https://developer.android.com/studio/build/kotlin-d8-r8-versions
WARNING: D8: An error occurred when parsing kotlin metadata. This normally happens when using a newer version of kotlin than the kotlin version released when this version of R8 was created. To find compatible kotlin versions, please see: https://developer.android.com/studio/build/kotlin-d8-r8-versions
WARNING: D8: An error occurred when parsing kotlin metadata. This normally happens when using a newer version of kotlin than the kotlin version released when this version of R8 was created. To find compatible kotlin versions, please see: https://developer.android.com/studio/build/kotlin-d8-r8-versions
WARNING: D8: An error occurred when parsing kotlin metadata. This normally happens when using a newer version of kotlin than the kotlin version released when this version of R8 was created. To find compatible kotlin versions, please see: https://developer.android.com/studio/build/kotlin-d8-r8-versions
WARNING: D8: An error occurred when parsing kotlin metadata. This normally happens when using a newer version of kotlin than the kotlin version released when this version of R8 was created. To find compatible kotlin versions, please see: https://developer.android.com/studio/build/kotlin-d8-r8-versions
WARNING: D8: An error occurred when parsing kotlin metadata. This normally happens when using a newer version of kotlin than the kotlin version released when this version of R8 was created. To find compatible kotlin versions, please see: https://developer.android.com/studio/build/kotlin-d8-r8-versions
WARNING: D8: An error occurred when parsing kotlin metadata. This normally happens when using a newer version of kotlin than the kotlin version released when this version of R8 was created. To find compatible kotlin versions, please see: https://developer.android.com/studio/build/kotlin-d8-r8-versions
WARNING: D8: An error occurred when parsing kotlin metadata. This normally happens when using a newer version of kotlin than the kotlin version released when this version of R8 was created. To find compatible kotlin versions, please see: https://developer.android.com/studio/build/kotlin-d8-r8-versions
WARNING: D8: An error occurred when parsing kotlin metadata. This normally happens when using a newer version of kotlin than the kotlin version released when this version of R8 was created. To find compatible kotlin versions, please see: https://developer.android.com/studio/build/kotlin-d8-r8-versions
WARNING: D8: An error occurred when parsing kotlin metadata. This normally happens when using a newer version of kotlin than the kotlin version released when this version of R8 was created. To find compatible kotlin versions, please see: https://developer.android.com/studio/build/kotlin-d8-r8-versions
WARNING: D8: An error occurred when parsing kotlin metadata. This normally happens when using a newer version of kotlin than the kotlin version released when this version of R8 was created. To find compatible kotlin versions, please see: https://developer.android.com/studio/build/kotlin-d8-r8-versions
WARNING: D8: An error occurred when parsing kotlin metadata. This normally happens when using a newer version of kotlin than the kotlin version released when this version of R8 was created. To find compatible kotlin versions, please see: https://developer.android.com/studio/build/kotlin-d8-r8-versions
WARNING: D8: An error occurred when parsing kotlin metadata. This normally happens when using a newer version of kotlin than the kotlin version released when this version of R8 was created. To find compatible kotlin versions, please see: https://developer.android.com/studio/build/kotlin-d8-r8-versions
WARNING: D8: An error occurred when parsing kotlin metadata. This normally happens when using a newer version of kotlin than the kotlin version released when this version of R8 was created. To find compatible kotlin versions, please see: https://developer.android.com/studio/build/kotlin-d8-r8-versions
WARNING: D8: An error occurred when parsing kotlin metadata. This normally happens when using a newer version of kotlin than the kotlin version released when this version of R8 was created. To find compatible kotlin versions, please see: https://developer.android.com/studio/build/kotlin-d8-r8-versions
WARNING: D8: An error occurred when parsing kotlin metadata. This normally happens when using a newer version of kotlin than the kotlin version released when this version of R8 was created. To find compatible kotlin versions, please see: https://developer.android.com/studio/build/kotlin-d8-r8-versions
WARNING: D8: An error occurred when parsing kotlin metadata. This normally happens when using a newer version of kotlin than the kotlin version released when this version of R8 was created. To find compatible kotlin versions, please see: https://developer.android.com/studio/build/kotlin-d8-r8-versions
WARNING: D8: An error occurred when parsing kotlin metadata. This normally happens when using a newer version of kotlin than the kotlin version released when this version of R8 was created. To find compatible kotlin versions, please see: https://developer.android.com/studio/build/kotlin-d8-r8-versions
WARNING: D8: An error occurred when parsing kotlin metadata. This normally happens when using a newer version of kotlin than the kotlin version released when this version of R8 was created. To find compatible kotlin versions, please see: https://developer.android.com/studio/build/kotlin-d8-r8-versions
WARNING: D8: An error occurred when parsing kotlin metadata. This normally happens when using a newer version of kotlin than the kotlin version released when this version of R8 was created. To find compatible kotlin versions, please see: https://developer.android.com/studio/build/kotlin-d8-r8-versions
WARNING: D8: An error occurred when parsing kotlin metadata. This normally happens when using a newer version of kotlin than the kotlin version released when this version of R8 was created. To find compatible kotlin versions, please see: https://developer.android.com/studio/build/kotlin-d8-r8-versions
WARNING: D8: An error occurred when parsing kotlin metadata. This normally happens when using a newer version of kotlin than the kotlin version released when this version of R8 was created. To find compatible kotlin versions, please see: https://developer.android.com/studio/build/kotlin-d8-r8-versions
WARNING: D8: An error occurred when parsing kotlin metadata. This normally happens when using a newer version of kotlin than the kotlin version released when this version of R8 was created. To find compatible kotlin versions, please see: https://developer.android.com/studio/build/kotlin-d8-r8-versions
WARNING: D8: An error occurred when parsing kotlin metadata. This normally happens when using a newer version of kotlin than the kotlin version released when this version of R8 was created. To find compatible kotlin versions, please see: https://developer.android.com/studio/build/kotlin-d8-r8-versions
WARNING: D8: An error occurred when parsing kotlin metadata. This normally happens when using a newer version of kotlin than the kotlin version released when this version of R8 was created. To find compatible kotlin versions, please see: https://developer.android.com/studio/build/kotlin-d8-r8-versions
WARNING: D8: An error occurred when parsing kotlin metadata. This normally happens when using a newer version of kotlin than the kotlin version released when this version of R8 was created. To find compatible kotlin versions, please see: https://developer.android.com/studio/build/kotlin-d8-r8-versions
WARNING: D8: An error occurred when parsing kotlin metadata. This normally happens when using a newer version of kotlin than the kotlin version released when this version of R8 was created. To find compatible kotlin versions, please see: https://developer.android.com/studio/build/kotlin-d8-r8-versions
WARNING: D8: An error occurred when parsing kotlin metadata. This normally happens when using a newer version of kotlin than the kotlin version released when this version of R8 was created. To find compatible kotlin versions, please see: https://developer.android.com/studio/build/kotlin-d8-r8-versions
WARNING: D8: An error occurred when parsing kotlin metadata. This normally happens when using a newer version of kotlin than the kotlin version released when this version of R8 was created. To find compatible kotlin versions, please see: https://developer.android.com/studio/build/kotlin-d8-r8-versions
WARNING: D8: An error occurred when parsing kotlin metadata. This normally happens when using a newer version of kotlin than the kotlin version released when this version of R8 was created. To find compatible kotlin versions, please see: https://developer.android.com/studio/build/kotlin-d8-r8-versions
WARNING: D8: An error occurred when parsing kotlin metadata. This normally happens when using a newer version of kotlin than the kotlin version released when this version of R8 was created. To find compatible kotlin versions, please see: https://developer.android.com/studio/build/kotlin-d8-r8-versions
WARNING: D8: An error occurred when parsing kotlin metadata. This normally happens when using a newer version of kotlin than the kotlin version released when this version of R8 was created. To find compatible kotlin versions, please see: https://developer.android.com/studio/build/kotlin-d8-r8-versions
WARNING: D8: An error occurred when parsing kotlin metadata. This normally happens when using a newer version of kotlin than the kotlin version released when this version of R8 was created. To find compatible kotlin versions, please see: https://developer.android.com/studio/build/kotlin-d8-r8-versions
WARNING: D8: An error occurred when parsing kotlin metadata. This normally happens when using a newer version of kotlin than the kotlin version released when this version of R8 was created. To find compatible kotlin versions, please see: https://developer.android.com/studio/build/kotlin-d8-r8-versions
WARNING: D8: An error occurred when parsing kotlin metadata. This normally happens when using a newer version of kotlin than the kotlin version released when this version of R8 was created. To find compatible kotlin versions, please see: https://developer.android.com/studio/build/kotlin-d8-r8-versions
WARNING: D8: An error occurred when parsing kotlin metadata. This normally happens when using a newer version of kotlin than the kotlin version released when this version of R8 was created. To find compatible kotlin versions, please see: https://developer.android.com/studio/build/kotlin-d8-r8-versions
WARNING: D8: An error occurred when parsing kotlin metadata. This normally happens when using a newer version of kotlin than the kotlin version released when this version of R8 was created. To find compatible kotlin versions, please see: https://developer.android.com/studio/build/kotlin-d8-r8-versions
WARNING: D8: An error occurred when parsing kotlin metadata. This normally happens when using a newer version of kotlin than the kotlin version released when this version of R8 was created. To find compatible kotlin versions, please see: https://developer.android.com/studio/build/kotlin-d8-r8-versions
WARNING: D8: An error occurred when parsing kotlin metadata. This normally happens when using a newer version of kotlin than the kotlin version released when this version of R8 was created. To find compatible kotlin versions, please see: https://developer.android.com/studio/build/kotlin-d8-r8-versions
WARNING: D8: An error occurred when parsing kotlin metadata. This normally happens when using a newer version of kotlin than the kotlin version released when this version of R8 was created. To find compatible kotlin versions, please see: https://developer.android.com/studio/build/kotlin-d8-r8-versions
WARNING: D8: An error occurred when parsing kotlin metadata. This normally happens when using a newer version of kotlin than the kotlin version released when this version of R8 was created. To find compatible kotlin versions, please see: https://developer.android.com/studio/build/kotlin-d8-r8-versions
WARNING: D8: An error occurred when parsing kotlin metadata. This normally happens when using a newer version of kotlin than the kotlin version released when this version of R8 was created. To find compatible kotlin versions, please see: https://developer.android.com/studio/build/kotlin-d8-r8-versions
WARNING: D8: An error occurred when parsing kotlin metadata. This normally happens when using a newer version of kotlin than the kotlin version released when this version of R8 was created. To find compatible kotlin versions, please see: https://developer.android.com/studio/build/kotlin-d8-r8-versions
WARNING: D8: An error occurred when parsing kotlin metadata. This normally happens when using a newer version of kotlin than the kotlin version released when this version of R8 was created. To find compatible kotlin versions, please see: https://developer.android.com/studio/build/kotlin-d8-r8-versions
WARNING: D8: An error occurred when parsing kotlin metadata. This normally happens when using a newer version of kotlin than the kotlin version released when this version of R8 was created. To find compatible kotlin versions, please see: https://developer.android.com/studio/build/kotlin-d8-r8-versions
WARNING: D8: An error occurred when parsing kotlin metadata. This normally happens when using a newer version of kotlin than the kotlin version released when this version of R8 was created. To find compatible kotlin versions, please see: https://developer.android.com/studio/build/kotlin-d8-r8-versions
WARNING: D8: An error occurred when parsing kotlin metadata. This normally happens when using a newer version of kotlin than the kotlin version released when this version of R8 was created. To find compatible kotlin versions, please see: https://developer.android.com/studio/build/kotlin-d8-r8-versions
WARNING: D8: An error occurred when parsing kotlin metadata. This normally happens when using a newer version of kotlin than the kotlin version released when this version of R8 was created. To find compatible kotlin versions, please see: https://developer.android.com/studio/build/kotlin-d8-r8-versions
WARNING: D8: An error occurred when parsing kotlin metadata. This normally happens when using a newer version of kotlin than the kotlin version released when this version of R8 was created. To find compatible kotlin versions, please see: https://developer.android.com/studio/build/kotlin-d8-r8-versions
WARNING: D8: An error occurred when parsing kotlin metadata. This normally happens when using a newer version of kotlin than the kotlin version released when this version of R8 was created. To find compatible kotlin versions, please see: https://developer.android.com/studio/build/kotlin-d8-r8-versions
WARNING: D8: An error occurred when parsing kotlin metadata. This normally happens when using a newer version of kotlin than the kotlin version released when this version of R8 was created. To find compatible kotlin versions, please see: https://developer.android.com/studio/build/kotlin-d8-r8-versions
WARNING: D8: An error occurred when parsing kotlin metadata. This normally happens when using a newer version of kotlin than the kotlin version released when this version of R8 was created. To find compatible kotlin versions, please see: https://developer.android.com/studio/build/kotlin-d8-r8-versions
WARNING: D8: An error occurred when parsing kotlin metadata. This normally happens when using a newer version of kotlin than the kotlin version released when this version of R8 was created. To find compatible kotlin versions, please see: https://developer.android.com/studio/build/kotlin-d8-r8-versions
WARNING: D8: An error occurred when parsing kotlin metadata. This normally happens when using a newer version of kotlin than the kotlin version released when this version of R8 was created. To find compatible kotlin versions, please see: https://developer.android.com/studio/build/kotlin-d8-r8-versions
WARNING: D8: An error occurred when parsing kotlin metadata. This normally happens when using a newer version of kotlin than the kotlin version released when this version of R8 was created. To find compatible kotlin versions, please see: https://developer.android.com/studio/build/kotlin-d8-r8-versions
WARNING: D8: An error occurred when parsing kotlin metadata. This normally happens when using a newer version of kotlin than the kotlin version released when this version of R8 was created. To find compatible kotlin versions, please see: https://developer.android.com/studio/build/kotlin-d8-r8-versions
WARNING: D8: An error occurred when parsing kotlin metadata. This normally happens when using a newer version of kotlin than the kotlin version released when this version of R8 was created. To find compatible kotlin versions, please see: https://developer.android.com/studio/build/kotlin-d8-r8-versions
WARNING: D8: An error occurred when parsing kotlin metadata. This normally happens when using a newer version of kotlin than the kotlin version released when this version of R8 was created. To find compatible kotlin versions, please see: https://developer.android.com/studio/build/kotlin-d8-r8-versions
WARNING: D8: An error occurred when parsing kotlin metadata. This normally happens when using a newer version of kotlin than the kotlin version released when this version of R8 was created. To find compatible kotlin versions, please see: https://developer.android.com/studio/build/kotlin-d8-r8-versions
WARNING: D8: An error occurred when parsing kotlin metadata. This normally happens when using a newer version of kotlin than the kotlin version released when this version of R8 was created. To find compatible kotlin versions, please see: https://developer.android.com/studio/build/kotlin-d8-r8-versions
WARNING: D8: An error occurred when parsing kotlin metadata. This normally happens when using a newer version of kotlin than the kotlin version released when this version of R8 was created. To find compatible kotlin versions, please see: https://developer.android.com/studio/build/kotlin-d8-r8-versions
WARNING: D8: An error occurred when parsing kotlin metadata. This normally happens when using a newer version of kotlin than the kotlin version released when this version of R8 was created. To find compatible kotlin versions, please see: https://developer.android.com/studio/build/kotlin-d8-r8-versions
WARNING: D8: An error occurred when parsing kotlin metadata. This normally happens when using a newer version of kotlin than the kotlin version released when this version of R8 was created. To find compatible kotlin versions, please see: https://developer.android.com/studio/build/kotlin-d8-r8-versions
WARNING: D8: An error occurred when parsing kotlin metadata. This normally happens when using a newer version of kotlin than the kotlin version released when this version of R8 was created. To find compatible kotlin versions, please see: https://developer.android.com/studio/build/kotlin-d8-r8-versions
WARNING: D8: An error occurred when parsing kotlin metadata. This normally happens when using a newer version of kotlin than the kotlin version released when this version of R8 was created. To find compatible kotlin versions, please see: https://developer.android.com/studio/build/kotlin-d8-r8-versions
WARNING: D8: An error occurred when parsing kotlin metadata. This normally happens when using a newer version of kotlin than the kotlin version released when this version of R8 was created. To find compatible kotlin versions, please see: https://developer.android.com/studio/build/kotlin-d8-r8-versions
WARNING: D8: An error occurred when parsing kotlin metadata. This normally happens when using a newer version of kotlin than the kotlin version released when this version of R8 was created. To find compatible kotlin versions, please see: https://developer.android.com/studio/build/kotlin-d8-r8-versions
WARNING: D8: An error occurred when parsing kotlin metadata. This normally happens when using a newer version of kotlin than the kotlin version released when this version of R8 was created. To find compatible kotlin versions, please see: https://developer.android.com/studio/build/kotlin-d8-r8-versions
WARNING: D8: An error occurred when parsing kotlin metadata. This normally happens when using a newer version of kotlin than the kotlin version released when this version of R8 was created. To find compatible kotlin versions, please see: https://developer.android.com/studio/build/kotlin-d8-r8-versions
WARNING: D8: An error occurred when parsing kotlin metadata. This normally happens when using a newer version of kotlin than the kotlin version released when this version of R8 was created. To find compatible kotlin versions, please see: https://developer.android.com/studio/build/kotlin-d8-r8-versions
WARNING: D8: An error occurred when parsing kotlin metadata. This normally happens when using a newer version of kotlin than the kotlin version released when this version of R8 was created. To find compatible kotlin versions, please see: https://developer.android.com/studio/build/kotlin-d8-r8-versions
WARNING: D8: An error occurred when parsing kotlin metadata. This normally happens when using a newer version of kotlin than the kotlin version released when this version of R8 was created. To find compatible kotlin versions, please see: https://developer.android.com/studio/build/kotlin-d8-r8-versions
WARNING: D8: An error occurred when parsing kotlin metadata. This normally happens when using a newer version of kotlin than the kotlin version released when this version of R8 was created. To find compatible kotlin versions, please see: https://developer.android.com/studio/build/kotlin-d8-r8-versions
WARNING: D8: An error occurred when parsing kotlin metadata. This normally happens when using a newer version of kotlin than the kotlin version released when this version of R8 was created. To find compatible kotlin versions, please see: https://developer.android.com/studio/build/kotlin-d8-r8-versions
WARNING: D8: An error occurred when parsing kotlin metadata. This normally happens when using a newer version of kotlin than the kotlin version released when this version of R8 was created. To find compatible kotlin versions, please see: https://developer.android.com/studio/build/kotlin-d8-r8-versions
WARNING: D8: An error occurred when parsing kotlin metadata. This normally happens when using a newer version of kotlin than the kotlin version released when this version of R8 was created. To find compatible kotlin versions, please see: https://developer.android.com/studio/build/kotlin-d8-r8-versions
WARNING: D8: An error occurred when parsing kotlin metadata. This normally happens when using a newer version of kotlin than the kotlin version released when this version of R8 was created. To find compatible kotlin versions, please see: https://developer.android.com/studio/build/kotlin-d8-r8-versions
WARNING: D8: An error occurred when parsing kotlin metadata. This normally happens when using a newer version of kotlin than the kotlin version released when this version of R8 was created. To find compatible kotlin versions, please see: https://developer.android.com/studio/build/kotlin-d8-r8-versions
WARNING: D8: An error occurred when parsing kotlin metadata. This normally happens when using a newer version of kotlin than the kotlin version released when this version of R8 was created. To find compatible kotlin versions, please see: https://developer.android.com/studio/build/kotlin-d8-r8-versions
WARNING: D8: An error occurred when parsing kotlin metadata. This normally happens when using a newer version of kotlin than the kotlin version released when this version of R8 was created. To find compatible kotlin versions, please see: https://developer.android.com/studio/build/kotlin-d8-r8-versions
WARNING: D8: An error occurred when parsing kotlin metadata. This normally happens when using a newer version of kotlin than the kotlin version released when this version of R8 was created. To find compatible kotlin versions, please see: https://developer.android.com/studio/build/kotlin-d8-r8-versions
WARNING: D8: An error occurred when parsing kotlin metadata. This normally happens when using a newer version of kotlin than the kotlin version released when this version of R8 was created. To find compatible kotlin versions, please see: https://developer.android.com/studio/build/kotlin-d8-r8-versions
WARNING: D8: An error occurred when parsing kotlin metadata. This normally happens when using a newer version of kotlin than the kotlin version released when this version of R8 was created. To find compatible kotlin versions, please see: https://developer.android.com/studio/build/kotlin-d8-r8-versions
WARNING: D8: An error occurred when parsing kotlin metadata. This normally happens when using a newer version of kotlin than the kotlin version released when this version of R8 was created. To find compatible kotlin versions, please see: https://developer.android.com/studio/build/kotlin-d8-r8-versions
WARNING: D8: An error occurred when parsing kotlin metadata. This normally happens when using a newer version of kotlin than the kotlin version released when this version of R8 was created. To find compatible kotlin versions, please see: https://developer.android.com/studio/build/kotlin-d8-r8-versions
WARNING: D8: An error occurred when parsing kotlin metadata. This normally happens when using a newer version of kotlin than the kotlin version released when this version of R8 was created. To find compatible kotlin versions, please see: https://developer.android.com/studio/build/kotlin-d8-r8-versions
WARNING: D8: An error occurred when parsing kotlin metadata. This normally happens when using a newer version of kotlin than the kotlin version released when this version of R8 was created. To find compatible kotlin versions, please see: https://developer.android.com/studio/build/kotlin-d8-r8-versions
WARNING: D8: An error occurred when parsing kotlin metadata. This normally happens when using a newer version of kotlin than the kotlin version released when this version of R8 was created. To find compatible kotlin versions, please see: https://developer.android.com/studio/build/kotlin-d8-r8-versions
WARNING: D8: An error occurred when parsing kotlin metadata. This normally happens when using a newer version of kotlin than the kotlin version released when this version of R8 was created. To find compatible kotlin versions, please see: https://developer.android.com/studio/build/kotlin-d8-r8-versions
WARNING: D8: An error occurred when parsing kotlin metadata. This normally happens when using a newer version of kotlin than the kotlin version released when this version of R8 was created. To find compatible kotlin versions, please see: https://developer.android.com/studio/build/kotlin-d8-r8-versions
WARNING: D8: An error occurred when parsing kotlin metadata. This normally happens when using a newer version of kotlin than the kotlin version released when this version of R8 was created. To find compatible kotlin versions, please see: https://developer.android.com/studio/build/kotlin-d8-r8-versions
WARNING: D8: An error occurred when parsing kotlin metadata. This normally happens when using a newer version of kotlin than the kotlin version released when this version of R8 was created. To find compatible kotlin versions, please see: https://developer.android.com/studio/build/kotlin-d8-r8-versions
WARNING: D8: An error occurred when parsing kotlin metadata. This normally happens when using a newer version of kotlin than the kotlin version released when this version of R8 was created. To find compatible kotlin versions, please see: https://developer.android.com/studio/build/kotlin-d8-r8-versions
WARNING: D8: An error occurred when parsing kotlin metadata. This normally happens when using a newer version of kotlin than the kotlin version released when this version of R8 was created. To find compatible kotlin versions, please see: https://developer.android.com/studio/build/kotlin-d8-r8-versions
WARNING: D8: An error occurred when parsing kotlin metadata. This normally happens when using a newer version of kotlin than the kotlin version released when this version of R8 was created. To find compatible kotlin versions, please see: https://developer.android.com/studio/build/kotlin-d8-r8-versions
WARNING: D8: An error occurred when parsing kotlin metadata. This normally happens when using a newer version of kotlin than the kotlin version released when this version of R8 was created. To find compatible kotlin versions, please see: https://developer.android.com/studio/build/kotlin-d8-r8-versions
WARNING: D8: An error occurred when parsing kotlin metadata. This normally happens when using a newer version of kotlin than the kotlin version released when this version of R8 was created. To find compatible kotlin versions, please see: https://developer.android.com/studio/build/kotlin-d8-r8-versions
WARNING: D8: An error occurred when parsing kotlin metadata. This normally happens when using a newer version of kotlin than the kotlin version released when this version of R8 was created. To find compatible kotlin versions, please see: https://developer.android.com/studio/build/kotlin-d8-r8-versions
WARNING: D8: An error occurred when parsing kotlin metadata. This normally happens when using a newer version of kotlin than the kotlin version released when this version of R8 was created. To find compatible kotlin versions, please see: https://developer.android.com/studio/build/kotlin-d8-r8-versions
WARNING: D8: An error occurred when parsing kotlin metadata. This normally happens when using a newer version of kotlin than the kotlin version released when this version of R8 was created. To find compatible kotlin versions, please see: https://developer.android.com/studio/build/kotlin-d8-r8-versions
WARNING: D8: An error occurred when parsing kotlin metadata. This normally happens when using a newer version of kotlin than the kotlin version released when this version of R8 was created. To find compatible kotlin versions, please see: https://developer.android.com/studio/build/kotlin-d8-r8-versions
WARNING: D8: An error occurred when parsing kotlin metadata. This normally happens when using a newer version of kotlin than the kotlin version released when this version of R8 was created. To find compatible kotlin versions, please see: https://developer.android.com/studio/build/kotlin-d8-r8-versions
WARNING: D8: An error occurred when parsing kotlin metadata. This normally happens when using a newer version of kotlin than the kotlin version released when this version of R8 was created. To find compatible kotlin versions, please see: https://developer.android.com/studio/build/kotlin-d8-r8-versions
WARNING: D8: An error occurred when parsing kotlin metadata. This normally happens when using a newer version of kotlin than the kotlin version released when this version of R8 was created. To find compatible kotlin versions, please see: https://developer.android.com/studio/build/kotlin-d8-r8-versions
WARNING: D8: An error occurred when parsing kotlin metadata. This normally happens when using a newer version of kotlin than the kotlin version released when this version of R8 was created. To find compatible kotlin versions, please see: https://developer.android.com/studio/build/kotlin-d8-r8-versions
WARNING: D8: An error occurred when parsing kotlin metadata. This normally happens when using a newer version of kotlin than the kotlin version released when this version of R8 was created. To find compatible kotlin versions, please see: https://developer.android.com/studio/build/kotlin-d8-r8-versions
WARNING: D8: An error occurred when parsing kotlin metadata. This normally happens when using a newer version of kotlin than the kotlin version released when this version of R8 was created. To find compatible kotlin versions, please see: https://developer.android.com/studio/build/kotlin-d8-r8-versions
WARNING: D8: An error occurred when parsing kotlin metadata. This normally happens when using a newer version of kotlin than the kotlin version released when this version of R8 was created. To find compatible kotlin versions, please see: https://developer.android.com/studio/build/kotlin-d8-r8-versions
WARNING: D8: An error occurred when parsing kotlin metadata. This normally happens when using a newer version of kotlin than the kotlin version released when this version of R8 was created. To find compatible kotlin versions, please see: https://developer.android.com/studio/build/kotlin-d8-r8-versions
WARNING: D8: An error occurred when parsing kotlin metadata. This normally happens when using a newer version of kotlin than the kotlin version released when this version of R8 was created. To find compatible kotlin versions, please see: https://developer.android.com/studio/build/kotlin-d8-r8-versions
WARNING: D8: An error occurred when parsing kotlin metadata. This normally happens when using a newer version of kotlin than the kotlin version released when this version of R8 was created. To find compatible kotlin versions, please see: https://developer.android.com/studio/build/kotlin-d8-r8-versions
WARNING: D8: An error occurred when parsing kotlin metadata. This normally happens when using a newer version of kotlin than the kotlin version released when this version of R8 was created. To find compatible kotlin versions, please see: https://developer.android.com/studio/build/kotlin-d8-r8-versions
WARNING: D8: An error occurred when parsing kotlin metadata. This normally happens when using a newer version of kotlin than the kotlin version released when this version of R8 was created. To find compatible kotlin versions, please see: https://developer.android.com/studio/build/kotlin-d8-r8-versions
WARNING: D8: An error occurred when parsing kotlin metadata. This normally happens when using a newer version of kotlin than the kotlin version released when this version of R8 was created. To find compatible kotlin versions, please see: https://developer.android.com/studio/build/kotlin-d8-r8-versions
WARNING: D8: An error occurred when parsing kotlin metadata. This normally happens when using a newer version of kotlin than the kotlin version released when this version of R8 was created. To find compatible kotlin versions, please see: https://developer.android.com/studio/build/kotlin-d8-r8-versions
WARNING: D8: An error occurred when parsing kotlin metadata. This normally happens when using a newer version of kotlin than the kotlin version released when this version of R8 was created. To find compatible kotlin versions, please see: https://developer.android.com/studio/build/kotlin-d8-r8-versions
WARNING: D8: An error occurred when parsing kotlin metadata. This normally happens when using a newer version of kotlin than the kotlin version released when this version of R8 was created. To find compatible kotlin versions, please see: https://developer.android.com/studio/build/kotlin-d8-r8-versions
WARNING: D8: An error occurred when parsing kotlin metadata. This normally happens when using a newer version of kotlin than the kotlin version released when this version of R8 was created. To find compatible kotlin versions, please see: https://developer.android.com/studio/build/kotlin-d8-r8-versions
WARNING: D8: An error occurred when parsing kotlin metadata. This normally happens when using a newer version of kotlin than the kotlin version released when this version of R8 was created. To find compatible kotlin versions, please see: https://developer.android.com/studio/build/kotlin-d8-r8-versions
WARNING: D8: An error occurred when parsing kotlin metadata. This normally happens when using a newer version of kotlin than the kotlin version released when this version of R8 was created. To find compatible kotlin versions, please see: https://developer.android.com/studio/build/kotlin-d8-r8-versions
WARNING: D8: An error occurred when parsing kotlin metadata. This normally happens when using a newer version of kotlin than the kotlin version released when this version of R8 was created. To find compatible kotlin versions, please see: https://developer.android.com/studio/build/kotlin-d8-r8-versions
WARNING: D8: An error occurred when parsing kotlin metadata. This normally happens when using a newer version of kotlin than the kotlin version released when this version of R8 was created. To find compatible kotlin versions, please see: https://developer.android.com/studio/build/kotlin-d8-r8-versions
WARNING: D8: An error occurred when parsing kotlin metadata. This normally happens when using a newer version of kotlin than the kotlin version released when this version of R8 was created. To find compatible kotlin versions, please see: https://developer.android.com/studio/build/kotlin-d8-r8-versions
WARNING: D8: An error occurred when parsing kotlin metadata. This normally happens when using a newer version of kotlin than the kotlin version released when this version of R8 was created. To find compatible kotlin versions, please see: https://developer.android.com/studio/build/kotlin-d8-r8-versions
WARNING: D8: An error occurred when parsing kotlin metadata. This normally happens when using a newer version of kotlin than the kotlin version released when this version of R8 was created. To find compatible kotlin versions, please see: https://developer.android.com/studio/build/kotlin-d8-r8-versions
WARNING: D8: An error occurred when parsing kotlin metadata. This normally happens when using a newer version of kotlin than the kotlin version released when this version of R8 was created. To find compatible kotlin versions, please see: https://developer.android.com/studio/build/kotlin-d8-r8-versions
WARNING: D8: An error occurred when parsing kotlin metadata. This normally happens when using a newer version of kotlin than the kotlin version released when this version of R8 was created. To find compatible kotlin versions, please see: https://developer.android.com/studio/build/kotlin-d8-r8-versions
WARNING: D8: An error occurred when parsing kotlin metadata. This normally happens when using a newer version of kotlin than the kotlin version released when this version of R8 was created. To find compatible kotlin versions, please see: https://developer.android.com/studio/build/kotlin-d8-r8-versions
WARNING: D8: An error occurred when parsing kotlin metadata. This normally happens when using a newer version of kotlin than the kotlin version released when this version of R8 was created. To find compatible kotlin versions, please see: https://developer.android.com/studio/build/kotlin-d8-r8-versions
WARNING: D8: An error occurred when parsing kotlin metadata. This normally happens when using a newer version of kotlin than the kotlin version released when this version of R8 was created. To find compatible kotlin versions, please see: https://developer.android.com/studio/build/kotlin-d8-r8-versions
WARNING: D8: An error occurred when parsing kotlin metadata. This normally happens when using a newer version of kotlin than the kotlin version released when this version of R8 was created. To find compatible kotlin versions, please see: https://developer.android.com/studio/build/kotlin-d8-r8-versions
WARNING: D8: An error occurred when parsing kotlin metadata. This normally happens when using a newer version of kotlin than the kotlin version released when this version of R8 was created. To find compatible kotlin versions, please see: https://developer.android.com/studio/build/kotlin-d8-r8-versions
WARNING: D8: An error occurred when parsing kotlin metadata. This normally happens when using a newer version of kotlin than the kotlin version released when this version of R8 was created. To find compatible kotlin versions, please see: https://developer.android.com/studio/build/kotlin-d8-r8-versions
WARNING: D8: An error occurred when parsing kotlin metadata. This normally happens when using a newer version of kotlin than the kotlin version released when this version of R8 was created. To find compatible kotlin versions, please see: https://developer.android.com/studio/build/kotlin-d8-r8-versions
WARNING: D8: An error occurred when parsing kotlin metadata. This normally happens when using a newer version of kotlin than the kotlin version released when this version of R8 was created. To find compatible kotlin versions, please see: https://developer.android.com/studio/build/kotlin-d8-r8-versions
WARNING: D8: An error occurred when parsing kotlin metadata. This normally happens when using a newer version of kotlin than the kotlin version released when this version of R8 was created. To find compatible kotlin versions, please see: https://developer.android.com/studio/build/kotlin-d8-r8-versions
WARNING: D8: An error occurred when parsing kotlin metadata. This normally happens when using a newer version of kotlin than the kotlin version released when this version of R8 was created. To find compatible kotlin versions, please see: https://developer.android.com/studio/build/kotlin-d8-r8-versions
WARNING: D8: An error occurred when parsing kotlin metadata. This normally happens when using a newer version of kotlin than the kotlin version released when this version of R8 was created. To find compatible kotlin versions, please see: https://developer.android.com/studio/build/kotlin-d8-r8-versions
WARNING: D8: An error occurred when parsing kotlin metadata. This normally happens when using a newer version of kotlin than the kotlin version released when this version of R8 was created. To find compatible kotlin versions, please see: https://developer.android.com/studio/build/kotlin-d8-r8-versions
WARNING: D8: An error occurred when parsing kotlin metadata. This normally happens when using a newer version of kotlin than the kotlin version released when this version of R8 was created. To find compatible kotlin versions, please see: https://developer.android.com/studio/build/kotlin-d8-r8-versions
WARNING: D8: An error occurred when parsing kotlin metadata. This normally happens when using a newer version of kotlin than the kotlin version released when this version of R8 was created. To find compatible kotlin versions, please see: https://developer.android.com/studio/build/kotlin-d8-r8-versions
WARNING: D8: An error occurred when parsing kotlin metadata. This normally happens when using a newer version of kotlin than the kotlin version released when this version of R8 was created. To find compatible kotlin versions, please see: https://developer.android.com/studio/build/kotlin-d8-r8-versions
WARNING: D8: An error occurred when parsing kotlin metadata. This normally happens when using a newer version of kotlin than the kotlin version released when this version of R8 was created. To find compatible kotlin versions, please see: https://developer.android.com/studio/build/kotlin-d8-r8-versions
WARNING: D8: An error occurred when parsing kotlin metadata. This normally happens when using a newer version of kotlin than the kotlin version released when this version of R8 was created. To find compatible kotlin versions, please see: https://developer.android.com/studio/build/kotlin-d8-r8-versions
WARNING: D8: An error occurred when parsing kotlin metadata. This normally happens when using a newer version of kotlin than the kotlin version released when this version of R8 was created. To find compatible kotlin versions, please see: https://developer.android.com/studio/build/kotlin-d8-r8-versions
WARNING: D8: An error occurred when parsing kotlin metadata. This normally happens when using a newer version of kotlin than the kotlin version released when this version of R8 was created. To find compatible kotlin versions, please see: https://developer.android.com/studio/build/kotlin-d8-r8-versions
WARNING: D8: An error occurred when parsing kotlin metadata. This normally happens when using a newer version of kotlin than the kotlin version released when this version of R8 was created. To find compatible kotlin versions, please see: https://developer.android.com/studio/build/kotlin-d8-r8-versions
WARNING: D8: An error occurred when parsing kotlin metadata. This normally happens when using a newer version of kotlin than the kotlin version released when this version of R8 was created. To find compatible kotlin versions, please see: https://developer.android.com/studio/build/kotlin-d8-r8-versions
WARNING: D8: An error occurred when parsing kotlin metadata. This normally happens when using a newer version of kotlin than the kotlin version released when this version of R8 was created. To find compatible kotlin versions, please see: https://developer.android.com/studio/build/kotlin-d8-r8-versions
WARNING: D8: An error occurred when parsing kotlin metadata. This normally happens when using a newer version of kotlin than the kotlin version released when this version of R8 was created. To find compatible kotlin versions, please see: https://developer.android.com/studio/build/kotlin-d8-r8-versions
WARNING: D8: An error occurred when parsing kotlin metadata. This normally happens when using a newer version of kotlin than the kotlin version released when this version of R8 was created. To find compatible kotlin versions, please see: https://developer.android.com/studio/build/kotlin-d8-r8-versions
WARNING: D8: An error occurred when parsing kotlin metadata. This normally happens when using a newer version of kotlin than the kotlin version released when this version of R8 was created. To find compatible kotlin versions, please see: https://developer.android.com/studio/build/kotlin-d8-r8-versions
WARNING: D8: An error occurred when parsing kotlin metadata. This normally happens when using a newer version of kotlin than the kotlin version released when this version of R8 was created. To find compatible kotlin versions, please see: https://developer.android.com/studio/build/kotlin-d8-r8-versions
WARNING: D8: An error occurred when parsing kotlin metadata. This normally happens when using a newer version of kotlin than the kotlin version released when this version of R8 was created. To find compatible kotlin versions, please see: https://developer.android.com/studio/build/kotlin-d8-r8-versions
WARNING: D8: An error occurred when parsing kotlin metadata. This normally happens when using a newer version of kotlin than the kotlin version released when this version of R8 was created. To find compatible kotlin versions, please see: https://developer.android.com/studio/build/kotlin-d8-r8-versions
WARNING: D8: An error occurred when parsing kotlin metadata. This normally happens when using a newer version of kotlin than the kotlin version released when this version of R8 was created. To find compatible kotlin versions, please see: https://developer.android.com/studio/build/kotlin-d8-r8-versions
WARNING: D8: An error occurred when parsing kotlin metadata. This normally happens when using a newer version of kotlin than the kotlin version released when this version of R8 was created. To find compatible kotlin versions, please see: https://developer.android.com/studio/build/kotlin-d8-r8-versions
WARNING: D8: An error occurred when parsing kotlin metadata. This normally happens when using a newer version of kotlin than the kotlin version released when this version of R8 was created. To find compatible kotlin versions, please see: https://developer.android.com/studio/build/kotlin-d8-r8-versions
WARNING: D8: An error occurred when parsing kotlin metadata. This normally happens when using a newer version of kotlin than the kotlin version released when this version of R8 was created. To find compatible kotlin versions, please see: https://developer.android.com/studio/build/kotlin-d8-r8-versions
WARNING: D8: An error occurred when parsing kotlin metadata. This normally happens when using a newer version of kotlin than the kotlin version released when this version of R8 was created. To find compatible kotlin versions, please see: https://developer.android.com/studio/build/kotlin-d8-r8-versions
WARNING: D8: An error occurred when parsing kotlin metadata. This normally happens when using a newer version of kotlin than the kotlin version released when this version of R8 was created. To find compatible kotlin versions, please see: https://developer.android.com/studio/build/kotlin-d8-r8-versions
WARNING: D8: An error occurred when parsing kotlin metadata. This normally happens when using a newer version of kotlin than the kotlin version released when this version of R8 was created. To find compatible kotlin versions, please see: https://developer.android.com/studio/build/kotlin-d8-r8-versions
WARNING: D8: An error occurred when parsing kotlin metadata. This normally happens when using a newer version of kotlin than the kotlin version released when this version of R8 was created. To find compatible kotlin versions, please see: https://developer.android.com/studio/build/kotlin-d8-r8-versions
WARNING: D8: An error occurred when parsing kotlin metadata. This normally happens when using a newer version of kotlin than the kotlin version released when this version of R8 was created. To find compatible kotlin versions, please see: https://developer.android.com/studio/build/kotlin-d8-r8-versions
WARNING: D8: An error occurred when parsing kotlin metadata. This normally happens when using a newer version of kotlin than the kotlin version released when this version of R8 was created. To find compatible kotlin versions, please see: https://developer.android.com/studio/build/kotlin-d8-r8-versions
WARNING: D8: An error occurred when parsing kotlin metadata. This normally happens when using a newer version of kotlin than the kotlin version released when this version of R8 was created. To find compatible kotlin versions, please see: https://developer.android.com/studio/build/kotlin-d8-r8-versions
WARNING: D8: An error occurred when parsing kotlin metadata. This normally happens when using a newer version of kotlin than the kotlin version released when this version of R8 was created. To find compatible kotlin versions, please see: https://developer.android.com/studio/build/kotlin-d8-r8-versions
WARNING: D8: An error occurred when parsing kotlin metadata. This normally happens when using a newer version of kotlin than the kotlin version released when this version of R8 was created. To find compatible kotlin versions, please see: https://developer.android.com/studio/build/kotlin-d8-r8-versions
WARNING: D8: An error occurred when parsing kotlin metadata. This normally happens when using a newer version of kotlin than the kotlin version released when this version of R8 was created. To find compatible kotlin versions, please see: https://developer.android.com/studio/build/kotlin-d8-r8-versions
WARNING: D8: An error occurred when parsing kotlin metadata. This normally happens when using a newer version of kotlin than the kotlin version released when this version of R8 was created. To find compatible kotlin versions, please see: https://developer.android.com/studio/build/kotlin-d8-r8-versions
WARNING: D8: An error occurred when parsing kotlin metadata. This normally happens when using a newer version of kotlin than the kotlin version released when this version of R8 was created. To find compatible kotlin versions, please see: https://developer.android.com/studio/build/kotlin-d8-r8-versions
WARNING: D8: An error occurred when parsing kotlin metadata. This normally happens when using a newer version of kotlin than the kotlin version released when this version of R8 was created. To find compatible kotlin versions, please see: https://developer.android.com/studio/build/kotlin-d8-r8-versions
WARNING: D8: An error occurred when parsing kotlin metadata. This normally happens when using a newer version of kotlin than the kotlin version released when this version of R8 was created. To find compatible kotlin versions, please see: https://developer.android.com/studio/build/kotlin-d8-r8-versions
WARNING: D8: An error occurred when parsing kotlin metadata. This normally happens when using a newer version of kotlin than the kotlin version released when this version of R8 was created. To find compatible kotlin versions, please see: https://developer.android.com/studio/build/kotlin-d8-r8-versions
WARNING: D8: An error occurred when parsing kotlin metadata. This normally happens when using a newer version of kotlin than the kotlin version released when this version of R8 was created. To find compatible kotlin versions, please see: https://developer.android.com/studio/build/kotlin-d8-r8-versions
WARNING: D8: An error occurred when parsing kotlin metadata. This normally happens when using a newer version of kotlin than the kotlin version released when this version of R8 was created. To find compatible kotlin versions, please see: https://developer.android.com/studio/build/kotlin-d8-r8-versions
WARNING: D8: An error occurred when parsing kotlin metadata. This normally happens when using a newer version of kotlin than the kotlin version released when this version of R8 was created. To find compatible kotlin versions, please see: https://developer.android.com/studio/build/kotlin-d8-r8-versions
WARNING: D8: An error occurred when parsing kotlin metadata. This normally happens when using a newer version of kotlin than the kotlin version released when this version of R8 was created. To find compatible kotlin versions, please see: https://developer.android.com/studio/build/kotlin-d8-r8-versions
WARNING: D8: An error occurred when parsing kotlin metadata. This normally happens when using a newer version of kotlin than the kotlin version released when this version of R8 was created. To find compatible kotlin versions, please see: https://developer.android.com/studio/build/kotlin-d8-r8-versions
WARNING: D8: An error occurred when parsing kotlin metadata. This normally happens when using a newer version of kotlin than the kotlin version released when this version of R8 was created. To find compatible kotlin versions, please see: https://developer.android.com/studio/build/kotlin-d8-r8-versions
WARNING: D8: An error occurred when parsing kotlin metadata. This normally happens when using a newer version of kotlin than the kotlin version released when this version of R8 was created. To find compatible kotlin versions, please see: https://developer.android.com/studio/build/kotlin-d8-r8-versions
WARNING: D8: An error occurred when parsing kotlin metadata. This normally happens when using a newer version of kotlin than the kotlin version released when this version of R8 was created. To find compatible kotlin versions, please see: https://developer.android.com/studio/build/kotlin-d8-r8-versions
WARNING: D8: An error occurred when parsing kotlin metadata. This normally happens when using a newer version of kotlin than the kotlin version released when this version of R8 was created. To find compatible kotlin versions, please see: https://developer.android.com/studio/build/kotlin-d8-r8-versions
WARNING: D8: An error occurred when parsing kotlin metadata. This normally happens when using a newer version of kotlin than the kotlin version released when this version of R8 was created. To find compatible kotlin versions, please see: https://developer.android.com/studio/build/kotlin-d8-r8-versions
WARNING: D8: An error occurred when parsing kotlin metadata. This normally happens when using a newer version of kotlin than the kotlin version released when this version of R8 was created. To find compatible kotlin versions, please see: https://developer.android.com/studio/build/kotlin-d8-r8-versions
WARNING: D8: An error occurred when parsing kotlin metadata. This normally happens when using a newer version of kotlin than the kotlin version released when this version of R8 was created. To find compatible kotlin versions, please see: https://developer.android.com/studio/build/kotlin-d8-r8-versions

> Task :common:compileStbetaDebugJavaWithJavac FAILED
Note: Some input files use or override a deprecated API.
Note: Recompile with -Xlint:deprecation for details.
Note: Some messages have been simplified; recompile with -Xdiags:verbose to get full output
100 errors
3 warnings
only showing the first 100 errors, of 186 total; use -Xmaxerrs if you would like to see more

FAILURE: Build failed with an exception.

* What went wrong:
Execution failed for task ':common:compileStbetaDebugJavaWithJavac'.
> Compilation failed; see the compiler error output for details.

* Try:
> Run with --info option to get more log output.
> Run with --scan to get full insights.

Deprecated Gradle features were used in this build, making it incompatible with Gradle 9.0.

You can use '--warning-mode all' to show the individual deprecation warnings and determine if they come from your own scripts or plugins.

For more on this, please refer to https://docs.gradle.org/8.7/userguide/command_line_interface.html#sec:command_line_warnings in the Gradle documentation.

229 actionable tasks: 229 executed
BUILD FAILED in 2m 26s
